<!DOCTYPE html>
<html>
  <head>
    <title>500: InternalServerError</title>
  </head>
  <body>
    <h2>500: InternalServerError</h2>
    Request:&nbsp;<code>http://localhost:39281/maps/surf_004_fix/index.json</code>
    <br />
    Message:&nbsp;<code>Negative position is invalid</code>
    <br />
    <code style="padding:8px;white-space:pre-wrap;display:block;">
Ziks.WebServer.ControllerActionException: Negative position is invalid ---&gt; System.ArgumentException: Negative position is invalid
   в ICSharpCode.SharpZipLib.Zip.ZipFile.PartialInputStream.Seek(Int64 offset, SeekOrigin origin)
   в SourceUtils.ValveTextureFile.Skip(Stream stream, Int64 count) в D:\a\SourceUtils\SourceUtils\SourceUtils\ValveTextureFile.cs:строка 217
   в SourceUtils.ValveTextureFile..ctor(Stream stream, Boolean onlyHeader) в D:\a\SourceUtils\SourceUtils\SourceUtils\ValveTextureFile.cs:строка 278
   в SourceUtils.WebExport.Texture.Get(ValveBspFile bsp, String path) в D:\a\SourceUtils\SourceUtils\SourceUtils.WebExport\Texture.cs:строка 59
   в SourceUtils.WebExport.Material.CreateSkyMaterial(ValveBspFile bsp, String skyName) в D:\a\SourceUtils\SourceUtils\SourceUtils.WebExport\Material.cs:строка 326
   в SourceUtils.WebExport.Bsp.IndexController.InitWorldspawn(Worldspawn ent, Entity value, MapParams mapParams) в D:\a\SourceUtils\SourceUtils\SourceUtils.WebExport\Bsp\Entities.cs:строка 171
   в lambda_method(Closure , Entity , MapParams )
   в SourceUtils.WebExport.Bsp.IndexController.InitEntity(Entity value, MapParams mapParams) в D:\a\SourceUtils\SourceUtils\SourceUtils.WebExport\Bsp\Entities.cs:строка 420
   в SourceUtils.WebExport.Bsp.IndexController.GetIndexJson(String map) в D:\a\SourceUtils\SourceUtils\SourceUtils.WebExport\Bsp\Index.cs:строка 161
   в lambda_method(Closure , Controller )
   в Ziks.WebServer.ControllerActionMap.TryInvokeAction(Controller controller, HttpListenerRequest request)
   в Ziks.WebServer.Controller.Service(HttpListenerContext context, Session session)
   --- Конец трассировки внутреннего стека исключений ---
    </code>
  </body>
</html>


<!DOCTYPE html>
<html>
  <head>
    <title>500: InternalServerError</title>
  </head>
  <body>
    <h2>500: InternalServerError</h2>
    Request:&nbsp;<code>
      http://localhost:39281/maps/surf_2012_beta12/geom/ambientpage0.json</code>
    <br />
    Message:&nbsp;<code>1 is not &gt;= 0 and &lt; 0.</code>
    <br />
    <code style="padding:8px;white-space:pre-wrap;display:block;">
Ziks.WebServer.ControllerActionException: 1 is not &gt;= 0 and &lt; 0. ---&gt; System.IndexOutOfRangeException: 1 is not &gt;= 0 and &lt; 0.
   в SourceUtils.ValveBspFile.StructArrayLump`1.get_Item(Int32 index) в D:\a\SourceUtils\SourceUtils\SourceUtils\ValveBsp\ArrayLump.cs:строка 149
   в SourceUtils.WebExport.Bsp.AmbientController.&lt;&gt;c__DisplayClass0_0.&lt;Get&gt;b__0(Int32 x) в D:\a\SourceUtils\SourceUtils\SourceUtils.WebExport\Bsp\AmbientCubes.cs:строка 53
   в System.Linq.Enumerable.WhereSelectEnumerableIterator`2.MoveNext()
   в Newtonsoft.Json.Serialization.JsonSerializerInternalWriter.SerializeList(JsonWriter writer, IEnumerable values, JsonArrayContract contract, JsonProperty member, JsonContainerContract collectionContract, JsonProperty containerProperty)
   в Newtonsoft.Json.Serialization.JsonSerializerInternalWriter.SerializeValue(JsonWriter writer, Object value, JsonContract valueContract, JsonProperty member, JsonContainerContract containerContract, JsonProperty containerProperty)
   в Newtonsoft.Json.Serialization.JsonSerializerInternalWriter.SerializeObject(JsonWriter writer, Object value, JsonObjectContract contract, JsonProperty member, JsonContainerContract collectionContract, JsonProperty containerProperty)
   в Newtonsoft.Json.Serialization.JsonSerializerInternalWriter.SerializeValue(JsonWriter writer, Object value, JsonContract valueContract, JsonProperty member, JsonContainerContract containerContract, JsonProperty containerProperty)
   в Newtonsoft.Json.Serialization.JsonSerializerInternalWriter.Serialize(JsonWriter jsonWriter, Object value, Type objectType)
   в Newtonsoft.Json.JsonSerializer.SerializeInternal(JsonWriter jsonWriter, Object value, Type objectType)
   в Newtonsoft.Json.Linq.JToken.FromObjectInternal(Object o, JsonSerializer jsonSerializer)
   в Newtonsoft.Json.Linq.JObject.FromObject(Object o, JsonSerializer jsonSerializer)
   в SourceUtils.WebExport.ResourceController.OnWriteObject(Object obj) в D:\a\SourceUtils\SourceUtils\SourceUtils.WebExport\ResourceController.cs:строка 378
   в lambda_method(Closure , Controller )
   в Ziks.WebServer.ControllerActionMap.TryInvokeAction(Controller controller, HttpListenerRequest request)
   в Ziks.WebServer.Controller.Service(HttpListenerContext context, Session session)
   --- Конец трассировки внутреннего стека исключений ---
    </code>
  </body>
</html>


<!DOCTYPE html>
<html>
  <head>
    <title>500: InternalServerError</title>
  </head>
  <body>
    <h2>500: InternalServerError</h2>
    Request:&nbsp;<code>
      http://localhost:39281/maps/surf_2012_beta12/geom/ambientpage1.json</code>
    <br />
    Message:&nbsp;<code>4096 is not &gt;= 0 and &lt; 0.</code>
    <br />
    <code style="padding:8px;white-space:pre-wrap;display:block;">
Ziks.WebServer.ControllerActionException: 4096 is not &gt;= 0 and &lt; 0. ---&gt; System.IndexOutOfRangeException: 4096 is not &gt;= 0 and &lt; 0.
   в SourceUtils.ValveBspFile.StructArrayLump`1.get_Item(Int32 index) в D:\a\SourceUtils\SourceUtils\SourceUtils\ValveBsp\ArrayLump.cs:строка 149
   в SourceUtils.WebExport.Bsp.AmbientController.&lt;&gt;c__DisplayClass0_0.&lt;Get&gt;b__0(Int32 x) в D:\a\SourceUtils\SourceUtils\SourceUtils.WebExport\Bsp\AmbientCubes.cs:строка 53
   в System.Linq.Enumerable.WhereSelectEnumerableIterator`2.MoveNext()
   в Newtonsoft.Json.Serialization.JsonSerializerInternalWriter.SerializeList(JsonWriter writer, IEnumerable values, JsonArrayContract contract, JsonProperty member, JsonContainerContract collectionContract, JsonProperty containerProperty)
   в Newtonsoft.Json.Serialization.JsonSerializerInternalWriter.SerializeValue(JsonWriter writer, Object value, JsonContract valueContract, JsonProperty member, JsonContainerContract containerContract, JsonProperty containerProperty)
   в Newtonsoft.Json.Serialization.JsonSerializerInternalWriter.SerializeObject(JsonWriter writer, Object value, JsonObjectContract contract, JsonProperty member, JsonContainerContract collectionContract, JsonProperty containerProperty)
   в Newtonsoft.Json.Serialization.JsonSerializerInternalWriter.SerializeValue(JsonWriter writer, Object value, JsonContract valueContract, JsonProperty member, JsonContainerContract containerContract, JsonProperty containerProperty)
   в Newtonsoft.Json.Serialization.JsonSerializerInternalWriter.Serialize(JsonWriter jsonWriter, Object value, Type objectType)
   в Newtonsoft.Json.JsonSerializer.SerializeInternal(JsonWriter jsonWriter, Object value, Type objectType)
   в Newtonsoft.Json.Linq.JToken.FromObjectInternal(Object o, JsonSerializer jsonSerializer)
   в Newtonsoft.Json.Linq.JObject.FromObject(Object o, JsonSerializer jsonSerializer)
   в SourceUtils.WebExport.ResourceController.OnWriteObject(Object obj) в D:\a\SourceUtils\SourceUtils\SourceUtils.WebExport\ResourceController.cs:строка 378
   в lambda_method(Closure , Controller )
   в Ziks.WebServer.ControllerActionMap.TryInvokeAction(Controller controller, HttpListenerRequest request)
   в Ziks.WebServer.Controller.Service(HttpListenerContext context, Session session)
   --- Конец трассировки внутреннего стека исключений ---
    </code>
  </body>
</html>


<!DOCTYPE html>
<html>
  <head>
    <title>500: InternalServerError</title>
  </head>
  <body>
    <h2>500: InternalServerError</h2>
    Request:&nbsp;<code>
      http://localhost:39281/maps/surf_2012_beta12/geom/ambientpage2.json</code>
    <br />
    Message:&nbsp;<code>8192 is not &gt;= 0 and &lt; 0.</code>
    <br />
    <code style="padding:8px;white-space:pre-wrap;display:block;">
Ziks.WebServer.ControllerActionException: 8192 is not &gt;= 0 and &lt; 0. ---&gt; System.IndexOutOfRangeException: 8192 is not &gt;= 0 and &lt; 0.
   в SourceUtils.ValveBspFile.StructArrayLump`1.get_Item(Int32 index) в D:\a\SourceUtils\SourceUtils\SourceUtils\ValveBsp\ArrayLump.cs:строка 149
   в SourceUtils.WebExport.Bsp.AmbientController.&lt;&gt;c__DisplayClass0_0.&lt;Get&gt;b__0(Int32 x) в D:\a\SourceUtils\SourceUtils\SourceUtils.WebExport\Bsp\AmbientCubes.cs:строка 53
   в System.Linq.Enumerable.WhereSelectEnumerableIterator`2.MoveNext()
   в Newtonsoft.Json.Serialization.JsonSerializerInternalWriter.SerializeList(JsonWriter writer, IEnumerable values, JsonArrayContract contract, JsonProperty member, JsonContainerContract collectionContract, JsonProperty containerProperty)
   в Newtonsoft.Json.Serialization.JsonSerializerInternalWriter.SerializeValue(JsonWriter writer, Object value, JsonContract valueContract, JsonProperty member, JsonContainerContract containerContract, JsonProperty containerProperty)
   в Newtonsoft.Json.Serialization.JsonSerializerInternalWriter.SerializeObject(JsonWriter writer, Object value, JsonObjectContract contract, JsonProperty member, JsonContainerContract collectionContract, JsonProperty containerProperty)
   в Newtonsoft.Json.Serialization.JsonSerializerInternalWriter.SerializeValue(JsonWriter writer, Object value, JsonContract valueContract, JsonProperty member, JsonContainerContract containerContract, JsonProperty containerProperty)
   в Newtonsoft.Json.Serialization.JsonSerializerInternalWriter.Serialize(JsonWriter jsonWriter, Object value, Type objectType)
   в Newtonsoft.Json.JsonSerializer.SerializeInternal(JsonWriter jsonWriter, Object value, Type objectType)
   в Newtonsoft.Json.Linq.JToken.FromObjectInternal(Object o, JsonSerializer jsonSerializer)
   в Newtonsoft.Json.Linq.JObject.FromObject(Object o, JsonSerializer jsonSerializer)
   в SourceUtils.WebExport.ResourceController.OnWriteObject(Object obj) в D:\a\SourceUtils\SourceUtils\SourceUtils.WebExport\ResourceController.cs:строка 378
   в lambda_method(Closure , Controller )
   в Ziks.WebServer.ControllerActionMap.TryInvokeAction(Controller controller, HttpListenerRequest request)
   в Ziks.WebServer.Controller.Service(HttpListenerContext context, Session session)
   --- Конец трассировки внутреннего стека исключений ---
    </code>
  </body>
</html>


<!DOCTYPE html>
<html>
  <head>
    <title>500: InternalServerError</title>
  </head>
  <body>
    <h2>500: InternalServerError</h2>
    Request:&nbsp;<code>http://localhost:39281/maps/surf_4dimensional/index.json
      </code>
    <br />
    Message:&nbsp;<code>Cannot seek past end</code>
    <br />
    <code style="padding:8px;white-space:pre-wrap;display:block;">
Ziks.WebServer.ControllerActionException: Cannot seek past end ---&gt; System.IO.IOException: Cannot seek past end
   в ICSharpCode.SharpZipLib.Zip.ZipFile.PartialInputStream.Seek(Int64 offset, SeekOrigin origin)
   в SourceUtils.ValveTextureFile.Skip(Stream stream, Int64 count) в D:\a\SourceUtils\SourceUtils\SourceUtils\ValveTextureFile.cs:строка 217
   в SourceUtils.ValveTextureFile..ctor(Stream stream, Boolean onlyHeader) в D:\a\SourceUtils\SourceUtils\SourceUtils\ValveTextureFile.cs:строка 258
   в SourceUtils.WebExport.Texture.Get(ValveBspFile bsp, String path) в D:\a\SourceUtils\SourceUtils\SourceUtils.WebExport\Texture.cs:строка 59
   в SourceUtils.WebExport.Material.CreateSkyMaterial(ValveBspFile bsp, String skyName) в D:\a\SourceUtils\SourceUtils\SourceUtils.WebExport\Material.cs:строка 326
   в SourceUtils.WebExport.Bsp.IndexController.InitWorldspawn(Worldspawn ent, Entity value, MapParams mapParams) в D:\a\SourceUtils\SourceUtils\SourceUtils.WebExport\Bsp\Entities.cs:строка 171
   в lambda_method(Closure , Entity , MapParams )
   в SourceUtils.WebExport.Bsp.IndexController.InitEntity(Entity value, MapParams mapParams) в D:\a\SourceUtils\SourceUtils\SourceUtils.WebExport\Bsp\Entities.cs:строка 383
   в SourceUtils.WebExport.Bsp.IndexController.GetIndexJson(String map) в D:\a\SourceUtils\SourceUtils\SourceUtils.WebExport\Bsp\Index.cs:строка 161
   в lambda_method(Closure , Controller )
   в Ziks.WebServer.ControllerActionMap.TryInvokeAction(Controller controller, HttpListenerRequest request)
   в Ziks.WebServer.Controller.Service(HttpListenerContext context, Session session)
   --- Конец трассировки внутреннего стека исключений ---
    </code>
  </body>
</html>


<!DOCTYPE html>
<html>
  <head>
    <title>500: InternalServerError</title>
  </head>
  <body>
    <h2>500: InternalServerError</h2>
    Request:&nbsp;<code>
      http://localhost:39281/maps/surf_81st_network_njv/geom/ambientpage0.json</code>
    <br />
    Message:&nbsp;<code>1 is not &gt;= 0 and &lt; 0.</code>
    <br />
    <code style="padding:8px;white-space:pre-wrap;display:block;">
Ziks.WebServer.ControllerActionException: 1 is not &gt;= 0 and &lt; 0. ---&gt; System.IndexOutOfRangeException: 1 is not &gt;= 0 and &lt; 0.
   в SourceUtils.ValveBspFile.StructArrayLump`1.get_Item(Int32 index) в D:\a\SourceUtils\SourceUtils\SourceUtils\ValveBsp\ArrayLump.cs:строка 149
   в SourceUtils.WebExport.Bsp.AmbientController.&lt;&gt;c__DisplayClass0_0.&lt;Get&gt;b__0(Int32 x) в D:\a\SourceUtils\SourceUtils\SourceUtils.WebExport\Bsp\AmbientCubes.cs:строка 53
   в System.Linq.Enumerable.WhereSelectEnumerableIterator`2.MoveNext()
   в Newtonsoft.Json.Serialization.JsonSerializerInternalWriter.SerializeList(JsonWriter writer, IEnumerable values, JsonArrayContract contract, JsonProperty member, JsonContainerContract collectionContract, JsonProperty containerProperty)
   в Newtonsoft.Json.Serialization.JsonSerializerInternalWriter.SerializeValue(JsonWriter writer, Object value, JsonContract valueContract, JsonProperty member, JsonContainerContract containerContract, JsonProperty containerProperty)
   в Newtonsoft.Json.Serialization.JsonSerializerInternalWriter.SerializeObject(JsonWriter writer, Object value, JsonObjectContract contract, JsonProperty member, JsonContainerContract collectionContract, JsonProperty containerProperty)
   в Newtonsoft.Json.Serialization.JsonSerializerInternalWriter.SerializeValue(JsonWriter writer, Object value, JsonContract valueContract, JsonProperty member, JsonContainerContract containerContract, JsonProperty containerProperty)
   в Newtonsoft.Json.Serialization.JsonSerializerInternalWriter.Serialize(JsonWriter jsonWriter, Object value, Type objectType)
   в Newtonsoft.Json.JsonSerializer.SerializeInternal(JsonWriter jsonWriter, Object value, Type objectType)
   в Newtonsoft.Json.Linq.JToken.FromObjectInternal(Object o, JsonSerializer jsonSerializer)
   в Newtonsoft.Json.Linq.JObject.FromObject(Object o, JsonSerializer jsonSerializer)
   в SourceUtils.WebExport.ResourceController.OnWriteObject(Object obj) в D:\a\SourceUtils\SourceUtils\SourceUtils.WebExport\ResourceController.cs:строка 378
   в lambda_method(Closure , Controller )
   в Ziks.WebServer.ControllerActionMap.TryInvokeAction(Controller controller, HttpListenerRequest request)
   в Ziks.WebServer.Controller.Service(HttpListenerContext context, Session session)
   --- Конец трассировки внутреннего стека исключений ---
    </code>
  </body>
</html>


<!DOCTYPE html>
<html>
  <head>
    <title>500: InternalServerError</title>
  </head>
  <body>
    <h2>500: InternalServerError</h2>
    Request:&nbsp;<code>
      http://localhost:39281/maps/surf_81st_network_njv/geom/ambientpage1.json</code>
    <br />
    Message:&nbsp;<code>4096 is not &gt;= 0 and &lt; 0.</code>
    <br />
    <code style="padding:8px;white-space:pre-wrap;display:block;">
Ziks.WebServer.ControllerActionException: 4096 is not &gt;= 0 and &lt; 0. ---&gt; System.IndexOutOfRangeException: 4096 is not &gt;= 0 and &lt; 0.
   в SourceUtils.ValveBspFile.StructArrayLump`1.get_Item(Int32 index) в D:\a\SourceUtils\SourceUtils\SourceUtils\ValveBsp\ArrayLump.cs:строка 149
   в SourceUtils.WebExport.Bsp.AmbientController.&lt;&gt;c__DisplayClass0_0.&lt;Get&gt;b__0(Int32 x) в D:\a\SourceUtils\SourceUtils\SourceUtils.WebExport\Bsp\AmbientCubes.cs:строка 53
   в System.Linq.Enumerable.WhereSelectEnumerableIterator`2.MoveNext()
   в Newtonsoft.Json.Serialization.JsonSerializerInternalWriter.SerializeList(JsonWriter writer, IEnumerable values, JsonArrayContract contract, JsonProperty member, JsonContainerContract collectionContract, JsonProperty containerProperty)
   в Newtonsoft.Json.Serialization.JsonSerializerInternalWriter.SerializeValue(JsonWriter writer, Object value, JsonContract valueContract, JsonProperty member, JsonContainerContract containerContract, JsonProperty containerProperty)
   в Newtonsoft.Json.Serialization.JsonSerializerInternalWriter.SerializeObject(JsonWriter writer, Object value, JsonObjectContract contract, JsonProperty member, JsonContainerContract collectionContract, JsonProperty containerProperty)
   в Newtonsoft.Json.Serialization.JsonSerializerInternalWriter.SerializeValue(JsonWriter writer, Object value, JsonContract valueContract, JsonProperty member, JsonContainerContract containerContract, JsonProperty containerProperty)
   в Newtonsoft.Json.Serialization.JsonSerializerInternalWriter.Serialize(JsonWriter jsonWriter, Object value, Type objectType)
   в Newtonsoft.Json.JsonSerializer.SerializeInternal(JsonWriter jsonWriter, Object value, Type objectType)
   в Newtonsoft.Json.Linq.JToken.FromObjectInternal(Object o, JsonSerializer jsonSerializer)
   в Newtonsoft.Json.Linq.JObject.FromObject(Object o, JsonSerializer jsonSerializer)
   в SourceUtils.WebExport.ResourceController.OnWriteObject(Object obj) в D:\a\SourceUtils\SourceUtils\SourceUtils.WebExport\ResourceController.cs:строка 378
   в lambda_method(Closure , Controller )
   в Ziks.WebServer.ControllerActionMap.TryInvokeAction(Controller controller, HttpListenerRequest request)
   в Ziks.WebServer.Controller.Service(HttpListenerContext context, Session session)
   --- Конец трассировки внутреннего стека исключений ---
    </code>
  </body>
</html>


<!DOCTYPE html>
<html>
  <head>
    <title>500: InternalServerError</title>
  </head>
  <body>
    <h2>500: InternalServerError</h2>
    Request:&nbsp;<code>
      http://localhost:39281/maps/surf_adtr_njv/geom/leafpage0.json</code>
    <br />
    Message:&nbsp;<code>Expected &#39;}&#39;</code>
    <br />
    <code style="padding:8px;white-space:pre-wrap;display:block;">
Ziks.WebServer.ControllerActionException: Expected &#39;}&#39; ---&gt; SourceUtils.KeyValuesParserException: Expected &#39;}&#39;
   в SourceUtils.KeyValues.Parse(String value, KeyValuesFlags flags) в D:\a\SourceUtils\SourceUtils\SourceUtils\KeyValues.cs:строка 331
   в SourceUtils.KeyValues.FromStream(Stream stream, KeyValuesFlags flags) в D:\a\SourceUtils\SourceUtils\SourceUtils\KeyValues.cs:строка 357
   в SourceUtils.ValveMaterialFile.FromProvider(String path, IResourceProvider[] providers) в D:\a\SourceUtils\SourceUtils\SourceUtils\ValveMaterialFile.cs:строка 33
   в SourceUtils.WebExport.Bsp.GeometryController.GetOrCreateMeshData(ValveBspFile bsp, GeometryPage page, String matPath, Boolean cacheVertices) в D:\a\SourceUtils\SourceUtils\SourceUtils.WebExport\Bsp\Geometry.cs:строка 471
   в SourceUtils.WebExport.Bsp.GeometryController.WriteFace(ValveBspFile bsp, Int32 faceIndex, GeometryPage page, List`1 outFaces) в D:\a\SourceUtils\SourceUtils\SourceUtils.WebExport\Bsp\Geometry.cs:строка 506
   в SourceUtils.WebExport.Bsp.GeometryController.GetLeafPage(String map, Int32 index) в D:\a\SourceUtils\SourceUtils\SourceUtils.WebExport\Bsp\Geometry.cs:строка 728
   в lambda_method(Closure , Controller )
   в Ziks.WebServer.ControllerActionMap.TryInvokeAction(Controller controller, HttpListenerRequest request)
   в Ziks.WebServer.Controller.Service(HttpListenerContext context, Session session)
   --- Конец трассировки внутреннего стека исключений ---
    </code>
  </body>
</html>


<!DOCTYPE html>
<html>
  <head>
    <title>500: InternalServerError</title>
  </head>
  <body>
    <h2>500: InternalServerError</h2>
    Request:&nbsp;<code>
      http://localhost:39281/maps/surf_adtr_njv/materials/matpage0.json</code>
    <br />
    Message:&nbsp;<code>Expected &#39;}&#39;</code>
    <br />
    <code style="padding:8px;white-space:pre-wrap;display:block;">
Ziks.WebServer.ControllerActionException: Expected &#39;}&#39; ---&gt; SourceUtils.KeyValuesParserException: Expected &#39;}&#39;
   в SourceUtils.KeyValues.Parse(String value, KeyValuesFlags flags) в D:\a\SourceUtils\SourceUtils\SourceUtils\KeyValues.cs:строка 331
   в SourceUtils.KeyValues.FromStream(Stream stream, KeyValuesFlags flags) в D:\a\SourceUtils\SourceUtils\SourceUtils\KeyValues.cs:строка 357
   в SourceUtils.ValveMaterialFile.FromProvider(String path, IResourceProvider[] providers) в D:\a\SourceUtils\SourceUtils\SourceUtils\ValveMaterialFile.cs:строка 33
   в SourceUtils.WebExport.Material.Get(ValveBspFile bsp, String path) в D:\a\SourceUtils\SourceUtils\SourceUtils.WebExport\Material.cs:строка 284
   в SourceUtils.WebExport.Bsp.MaterialController.GetPage(String map, Int32 index) в D:\a\SourceUtils\SourceUtils\SourceUtils.WebExport\Bsp\Materials.cs:строка 43
   в lambda_method(Closure , Controller )
   в Ziks.WebServer.ControllerActionMap.TryInvokeAction(Controller controller, HttpListenerRequest request)
   в Ziks.WebServer.Controller.Service(HttpListenerContext context, Session session)
   --- Конец трассировки внутреннего стека исключений ---
    </code>
  </body>
</html>


<!DOCTYPE html>
<html>
  <head>
    <title>500: InternalServerError</title>
  </head>
  <body>
    <h2>500: InternalServerError</h2>
    Request:&nbsp;<code>http://localhost:39281/maps/surf_aeron/geom/leafpage0.json
      </code>
    <br />
    Message:&nbsp;<code>Expected /$/</code>
    <br />
    <code style="padding:8px;white-space:pre-wrap;display:block;">
Ziks.WebServer.ControllerActionException: Expected /$/ ---&gt; SourceUtils.KeyValuesParserException: Expected /$/
   в SourceUtils.KeyValues.Parse(String value, KeyValuesFlags flags) в D:\a\SourceUtils\SourceUtils\SourceUtils\KeyValues.cs:строка 331
   в SourceUtils.KeyValues.FromStream(Stream stream, KeyValuesFlags flags) в D:\a\SourceUtils\SourceUtils\SourceUtils\KeyValues.cs:строка 357
   в SourceUtils.ValveMaterialFile.FromProvider(String path, IResourceProvider[] providers) в D:\a\SourceUtils\SourceUtils\SourceUtils\ValveMaterialFile.cs:строка 33
   в SourceUtils.ValveMaterialFile.FromProvider(String path, IResourceProvider[] providers) в D:\a\SourceUtils\SourceUtils\SourceUtils\ValveMaterialFile.cs:строка 44
   в SourceUtils.WebExport.Bsp.GeometryController.GetOrCreateMeshData(ValveBspFile bsp, GeometryPage page, String matPath, Boolean cacheVertices) в D:\a\SourceUtils\SourceUtils\SourceUtils.WebExport\Bsp\Geometry.cs:строка 471
   в SourceUtils.WebExport.Bsp.GeometryController.WriteFace(ValveBspFile bsp, Int32 faceIndex, GeometryPage page, List`1 outFaces) в D:\a\SourceUtils\SourceUtils\SourceUtils.WebExport\Bsp\Geometry.cs:строка 506
   в SourceUtils.WebExport.Bsp.GeometryController.GetLeafPage(String map, Int32 index) в D:\a\SourceUtils\SourceUtils\SourceUtils.WebExport\Bsp\Geometry.cs:строка 728
   в lambda_method(Closure , Controller )
   в Ziks.WebServer.ControllerActionMap.TryInvokeAction(Controller controller, HttpListenerRequest request)
   в Ziks.WebServer.Controller.Service(HttpListenerContext context, Session session)
   --- Конец трассировки внутреннего стека исключений ---
    </code>
  </body>
</html>


<!DOCTYPE html>
<html>
  <head>
    <title>500: InternalServerError</title>
  </head>
  <body>
    <h2>500: InternalServerError</h2>
    Request:&nbsp;<code>
      http://localhost:39281/maps/surf_aeron/materials/matpage0.json</code>
    <br />
    Message:&nbsp;<code>Expected /$/</code>
    <br />
    <code style="padding:8px;white-space:pre-wrap;display:block;">
Ziks.WebServer.ControllerActionException: Expected /$/ ---&gt; SourceUtils.KeyValuesParserException: Expected /$/
   в SourceUtils.KeyValues.Parse(String value, KeyValuesFlags flags) в D:\a\SourceUtils\SourceUtils\SourceUtils\KeyValues.cs:строка 331
   в SourceUtils.KeyValues.FromStream(Stream stream, KeyValuesFlags flags) в D:\a\SourceUtils\SourceUtils\SourceUtils\KeyValues.cs:строка 357
   в SourceUtils.ValveMaterialFile.FromProvider(String path, IResourceProvider[] providers) в D:\a\SourceUtils\SourceUtils\SourceUtils\ValveMaterialFile.cs:строка 33
   в SourceUtils.ValveMaterialFile.FromProvider(String path, IResourceProvider[] providers) в D:\a\SourceUtils\SourceUtils\SourceUtils\ValveMaterialFile.cs:строка 44
   в SourceUtils.WebExport.Material.Get(ValveBspFile bsp, String path) в D:\a\SourceUtils\SourceUtils\SourceUtils.WebExport\Material.cs:строка 284
   в SourceUtils.WebExport.Bsp.MaterialController.GetPage(String map, Int32 index) в D:\a\SourceUtils\SourceUtils\SourceUtils.WebExport\Bsp\Materials.cs:строка 43
   в lambda_method(Closure , Controller )
   в Ziks.WebServer.ControllerActionMap.TryInvokeAction(Controller controller, HttpListenerRequest request)
   в Ziks.WebServer.Controller.Service(HttpListenerContext context, Session session)
   --- Конец трассировки внутреннего стека исключений ---
    </code>
  </body>
</html>


<!DOCTYPE html>
<html>
  <head>
    <title>500: InternalServerError</title>
  </head>
  <body>
    <h2>500: InternalServerError</h2>
    Request:&nbsp;<code>
      http://localhost:39281/maps/surf_again_njv/geom/leafpage0.json</code>
    <br />
    Message:&nbsp;<code>Expected &#39;}&#39;</code>
    <br />
    <code style="padding:8px;white-space:pre-wrap;display:block;">
Ziks.WebServer.ControllerActionException: Expected &#39;}&#39; ---&gt; SourceUtils.KeyValuesParserException: Expected &#39;}&#39;
   в SourceUtils.KeyValues.Parse(String value, KeyValuesFlags flags) в D:\a\SourceUtils\SourceUtils\SourceUtils\KeyValues.cs:строка 331
   в SourceUtils.KeyValues.FromStream(Stream stream, KeyValuesFlags flags) в D:\a\SourceUtils\SourceUtils\SourceUtils\KeyValues.cs:строка 357
   в SourceUtils.ValveMaterialFile.FromProvider(String path, IResourceProvider[] providers) в D:\a\SourceUtils\SourceUtils\SourceUtils\ValveMaterialFile.cs:строка 33
   в SourceUtils.WebExport.Bsp.GeometryController.GetOrCreateMeshData(ValveBspFile bsp, GeometryPage page, String matPath, Boolean cacheVertices) в D:\a\SourceUtils\SourceUtils\SourceUtils.WebExport\Bsp\Geometry.cs:строка 471
   в SourceUtils.WebExport.Bsp.GeometryController.WriteFace(ValveBspFile bsp, Int32 faceIndex, GeometryPage page, List`1 outFaces) в D:\a\SourceUtils\SourceUtils\SourceUtils.WebExport\Bsp\Geometry.cs:строка 506
   в SourceUtils.WebExport.Bsp.GeometryController.GetLeafPage(String map, Int32 index) в D:\a\SourceUtils\SourceUtils\SourceUtils.WebExport\Bsp\Geometry.cs:строка 728
   в lambda_method(Closure , Controller )
   в Ziks.WebServer.ControllerActionMap.TryInvokeAction(Controller controller, HttpListenerRequest request)
   в Ziks.WebServer.Controller.Service(HttpListenerContext context, Session session)
   --- Конец трассировки внутреннего стека исключений ---
    </code>
  </body>
</html>


<!DOCTYPE html>
<html>
  <head>
    <title>500: InternalServerError</title>
  </head>
  <body>
    <h2>500: InternalServerError</h2>
    Request:&nbsp;<code>
      http://localhost:39281/maps/surf_again_njv/materials/matpage0.json</code>
    <br />
    Message:&nbsp;<code>Expected &#39;}&#39;</code>
    <br />
    <code style="padding:8px;white-space:pre-wrap;display:block;">
Ziks.WebServer.ControllerActionException: Expected &#39;}&#39; ---&gt; SourceUtils.KeyValuesParserException: Expected &#39;}&#39;
   в SourceUtils.KeyValues.Parse(String value, KeyValuesFlags flags) в D:\a\SourceUtils\SourceUtils\SourceUtils\KeyValues.cs:строка 331
   в SourceUtils.KeyValues.FromStream(Stream stream, KeyValuesFlags flags) в D:\a\SourceUtils\SourceUtils\SourceUtils\KeyValues.cs:строка 357
   в SourceUtils.ValveMaterialFile.FromProvider(String path, IResourceProvider[] providers) в D:\a\SourceUtils\SourceUtils\SourceUtils\ValveMaterialFile.cs:строка 33
   в SourceUtils.WebExport.Material.Get(ValveBspFile bsp, String path) в D:\a\SourceUtils\SourceUtils\SourceUtils.WebExport\Material.cs:строка 284
   в SourceUtils.WebExport.Bsp.MaterialController.GetPage(String map, Int32 index) в D:\a\SourceUtils\SourceUtils\SourceUtils.WebExport\Bsp\Materials.cs:строка 43
   в lambda_method(Closure , Controller )
   в Ziks.WebServer.ControllerActionMap.TryInvokeAction(Controller controller, HttpListenerRequest request)
   в Ziks.WebServer.Controller.Service(HttpListenerContext context, Session session)
   --- Конец трассировки внутреннего стека исключений ---
    </code>
  </body>
</html>


<!DOCTYPE html>
<html>
  <head>
    <title>500: InternalServerError</title>
  </head>
  <body>
    <h2>500: InternalServerError</h2>
    Request:&nbsp;<code>http://localhost:39281/maps/surf_agony_go/index.json</code>
    <br />
    Message:&nbsp;<code>Последовательность не содержит соответствующий элемент
      </code>
    <br />
    <code style="padding:8px;white-space:pre-wrap;display:block;">
Ziks.WebServer.ControllerActionException: Последовательность не содержит соответствующий элемент ---&gt; System.InvalidOperationException: Последовательность не содержит соответствующий элемент
   в System.Linq.Enumerable.First[TSource](IEnumerable`1 source, Func`2 predicate)
   в SourceUtils.WebExport.Material.CreateSkyMaterial(ValveBspFile bsp, String skyName) в D:\a\SourceUtils\SourceUtils\SourceUtils.WebExport\Material.cs:строка 323
   в SourceUtils.WebExport.Bsp.IndexController.InitWorldspawn(Worldspawn ent, Entity value, MapParams mapParams) в D:\a\SourceUtils\SourceUtils\SourceUtils.WebExport\Bsp\Entities.cs:строка 171
   в lambda_method(Closure , Entity , MapParams )
   в SourceUtils.WebExport.Bsp.IndexController.InitEntity(Entity value, MapParams mapParams) в D:\a\SourceUtils\SourceUtils\SourceUtils.WebExport\Bsp\Entities.cs:строка 383
   в SourceUtils.WebExport.Bsp.IndexController.GetIndexJson(String map) в D:\a\SourceUtils\SourceUtils\SourceUtils.WebExport\Bsp\Index.cs:строка 161
   в lambda_method(Closure , Controller )
   в Ziks.WebServer.ControllerActionMap.TryInvokeAction(Controller controller, HttpListenerRequest request)
   в Ziks.WebServer.Controller.Service(HttpListenerContext context, Session session)
   --- Конец трассировки внутреннего стека исключений ---
    </code>
  </body>
</html>


<!DOCTYPE html>
<html>
  <head>
    <title>500: InternalServerError</title>
  </head>
  <body>
    <h2>500: InternalServerError</h2>
    Request:&nbsp;<code>
      http://localhost:39281/maps/surf_ambient_njv/geom/ambientpage0.json</code>
    <br />
    Message:&nbsp;<code>1 is not &gt;= 0 and &lt; 0.</code>
    <br />
    <code style="padding:8px;white-space:pre-wrap;display:block;">
Ziks.WebServer.ControllerActionException: 1 is not &gt;= 0 and &lt; 0. ---&gt; System.IndexOutOfRangeException: 1 is not &gt;= 0 and &lt; 0.
   в SourceUtils.ValveBspFile.StructArrayLump`1.get_Item(Int32 index) в D:\a\SourceUtils\SourceUtils\SourceUtils\ValveBsp\ArrayLump.cs:строка 149
   в SourceUtils.WebExport.Bsp.AmbientController.&lt;&gt;c__DisplayClass0_0.&lt;Get&gt;b__0(Int32 x) в D:\a\SourceUtils\SourceUtils\SourceUtils.WebExport\Bsp\AmbientCubes.cs:строка 53
   в System.Linq.Enumerable.WhereSelectEnumerableIterator`2.MoveNext()
   в Newtonsoft.Json.Serialization.JsonSerializerInternalWriter.SerializeList(JsonWriter writer, IEnumerable values, JsonArrayContract contract, JsonProperty member, JsonContainerContract collectionContract, JsonProperty containerProperty)
   в Newtonsoft.Json.Serialization.JsonSerializerInternalWriter.SerializeValue(JsonWriter writer, Object value, JsonContract valueContract, JsonProperty member, JsonContainerContract containerContract, JsonProperty containerProperty)
   в Newtonsoft.Json.Serialization.JsonSerializerInternalWriter.SerializeObject(JsonWriter writer, Object value, JsonObjectContract contract, JsonProperty member, JsonContainerContract collectionContract, JsonProperty containerProperty)
   в Newtonsoft.Json.Serialization.JsonSerializerInternalWriter.SerializeValue(JsonWriter writer, Object value, JsonContract valueContract, JsonProperty member, JsonContainerContract containerContract, JsonProperty containerProperty)
   в Newtonsoft.Json.Serialization.JsonSerializerInternalWriter.Serialize(JsonWriter jsonWriter, Object value, Type objectType)
   в Newtonsoft.Json.JsonSerializer.SerializeInternal(JsonWriter jsonWriter, Object value, Type objectType)
   в Newtonsoft.Json.Linq.JToken.FromObjectInternal(Object o, JsonSerializer jsonSerializer)
   в Newtonsoft.Json.Linq.JObject.FromObject(Object o, JsonSerializer jsonSerializer)
   в SourceUtils.WebExport.ResourceController.OnWriteObject(Object obj) в D:\a\SourceUtils\SourceUtils\SourceUtils.WebExport\ResourceController.cs:строка 378
   в lambda_method(Closure , Controller )
   в Ziks.WebServer.ControllerActionMap.TryInvokeAction(Controller controller, HttpListenerRequest request)
   в Ziks.WebServer.Controller.Service(HttpListenerContext context, Session session)
   --- Конец трассировки внутреннего стека исключений ---
    </code>
  </body>
</html>


<!DOCTYPE html>
<html>
  <head>
    <title>500: InternalServerError</title>
  </head>
  <body>
    <h2>500: InternalServerError</h2>
    Request:&nbsp;<code>
      http://localhost:39281/maps/surf_amplitude_encore/geom/ambientpage0.json</code>
    <br />
    Message:&nbsp;<code>1 is not &gt;= 0 and &lt; 0.</code>
    <br />
    <code style="padding:8px;white-space:pre-wrap;display:block;">
Ziks.WebServer.ControllerActionException: 1 is not &gt;= 0 and &lt; 0. ---&gt; System.IndexOutOfRangeException: 1 is not &gt;= 0 and &lt; 0.
   в SourceUtils.ValveBspFile.StructArrayLump`1.get_Item(Int32 index) в D:\a\SourceUtils\SourceUtils\SourceUtils\ValveBsp\ArrayLump.cs:строка 149
   в SourceUtils.WebExport.Bsp.AmbientController.&lt;&gt;c__DisplayClass0_0.&lt;Get&gt;b__0(Int32 x) в D:\a\SourceUtils\SourceUtils\SourceUtils.WebExport\Bsp\AmbientCubes.cs:строка 53
   в System.Linq.Enumerable.WhereSelectEnumerableIterator`2.MoveNext()
   в Newtonsoft.Json.Serialization.JsonSerializerInternalWriter.SerializeList(JsonWriter writer, IEnumerable values, JsonArrayContract contract, JsonProperty member, JsonContainerContract collectionContract, JsonProperty containerProperty)
   в Newtonsoft.Json.Serialization.JsonSerializerInternalWriter.SerializeValue(JsonWriter writer, Object value, JsonContract valueContract, JsonProperty member, JsonContainerContract containerContract, JsonProperty containerProperty)
   в Newtonsoft.Json.Serialization.JsonSerializerInternalWriter.SerializeObject(JsonWriter writer, Object value, JsonObjectContract contract, JsonProperty member, JsonContainerContract collectionContract, JsonProperty containerProperty)
   в Newtonsoft.Json.Serialization.JsonSerializerInternalWriter.SerializeValue(JsonWriter writer, Object value, JsonContract valueContract, JsonProperty member, JsonContainerContract containerContract, JsonProperty containerProperty)
   в Newtonsoft.Json.Serialization.JsonSerializerInternalWriter.Serialize(JsonWriter jsonWriter, Object value, Type objectType)
   в Newtonsoft.Json.JsonSerializer.SerializeInternal(JsonWriter jsonWriter, Object value, Type objectType)
   в Newtonsoft.Json.Linq.JToken.FromObjectInternal(Object o, JsonSerializer jsonSerializer)
   в Newtonsoft.Json.Linq.JObject.FromObject(Object o, JsonSerializer jsonSerializer)
   в SourceUtils.WebExport.ResourceController.OnWriteObject(Object obj) в D:\a\SourceUtils\SourceUtils\SourceUtils.WebExport\ResourceController.cs:строка 378
   в lambda_method(Closure , Controller )
   в Ziks.WebServer.ControllerActionMap.TryInvokeAction(Controller controller, HttpListenerRequest request)
   в Ziks.WebServer.Controller.Service(HttpListenerContext context, Session session)
   --- Конец трассировки внутреннего стека исключений ---
    </code>
  </body>
</html>


<!DOCTYPE html>
<html>
  <head>
    <title>500: InternalServerError</title>
  </head>
  <body>
    <h2>500: InternalServerError</h2>
    Request:&nbsp;<code>
      http://localhost:39281/maps/surf_amplitude_encore/geom/ambientpage1.json</code>
    <br />
    Message:&nbsp;<code>4096 is not &gt;= 0 and &lt; 0.</code>
    <br />
    <code style="padding:8px;white-space:pre-wrap;display:block;">
Ziks.WebServer.ControllerActionException: 4096 is not &gt;= 0 and &lt; 0. ---&gt; System.IndexOutOfRangeException: 4096 is not &gt;= 0 and &lt; 0.
   в SourceUtils.ValveBspFile.StructArrayLump`1.get_Item(Int32 index) в D:\a\SourceUtils\SourceUtils\SourceUtils\ValveBsp\ArrayLump.cs:строка 149
   в SourceUtils.WebExport.Bsp.AmbientController.&lt;&gt;c__DisplayClass0_0.&lt;Get&gt;b__0(Int32 x) в D:\a\SourceUtils\SourceUtils\SourceUtils.WebExport\Bsp\AmbientCubes.cs:строка 53
   в System.Linq.Enumerable.WhereSelectEnumerableIterator`2.MoveNext()
   в Newtonsoft.Json.Serialization.JsonSerializerInternalWriter.SerializeList(JsonWriter writer, IEnumerable values, JsonArrayContract contract, JsonProperty member, JsonContainerContract collectionContract, JsonProperty containerProperty)
   в Newtonsoft.Json.Serialization.JsonSerializerInternalWriter.SerializeValue(JsonWriter writer, Object value, JsonContract valueContract, JsonProperty member, JsonContainerContract containerContract, JsonProperty containerProperty)
   в Newtonsoft.Json.Serialization.JsonSerializerInternalWriter.SerializeObject(JsonWriter writer, Object value, JsonObjectContract contract, JsonProperty member, JsonContainerContract collectionContract, JsonProperty containerProperty)
   в Newtonsoft.Json.Serialization.JsonSerializerInternalWriter.SerializeValue(JsonWriter writer, Object value, JsonContract valueContract, JsonProperty member, JsonContainerContract containerContract, JsonProperty containerProperty)
   в Newtonsoft.Json.Serialization.JsonSerializerInternalWriter.Serialize(JsonWriter jsonWriter, Object value, Type objectType)
   в Newtonsoft.Json.JsonSerializer.SerializeInternal(JsonWriter jsonWriter, Object value, Type objectType)
   в Newtonsoft.Json.Linq.JToken.FromObjectInternal(Object o, JsonSerializer jsonSerializer)
   в Newtonsoft.Json.Linq.JObject.FromObject(Object o, JsonSerializer jsonSerializer)
   в SourceUtils.WebExport.ResourceController.OnWriteObject(Object obj) в D:\a\SourceUtils\SourceUtils\SourceUtils.WebExport\ResourceController.cs:строка 378
   в lambda_method(Closure , Controller )
   в Ziks.WebServer.ControllerActionMap.TryInvokeAction(Controller controller, HttpListenerRequest request)
   в Ziks.WebServer.Controller.Service(HttpListenerContext context, Session session)
   --- Конец трассировки внутреннего стека исключений ---
    </code>
  </body>
</html>


<!DOCTYPE html>
<html>
  <head>
    <title>500: InternalServerError</title>
  </head>
  <body>
    <h2>500: InternalServerError</h2>
    Request:&nbsp;<code>
      http://localhost:39281/maps/surf_amplitude_encore/geom/ambientpage2.json</code>
    <br />
    Message:&nbsp;<code>8192 is not &gt;= 0 and &lt; 0.</code>
    <br />
    <code style="padding:8px;white-space:pre-wrap;display:block;">
Ziks.WebServer.ControllerActionException: 8192 is not &gt;= 0 and &lt; 0. ---&gt; System.IndexOutOfRangeException: 8192 is not &gt;= 0 and &lt; 0.
   в SourceUtils.ValveBspFile.StructArrayLump`1.get_Item(Int32 index) в D:\a\SourceUtils\SourceUtils\SourceUtils\ValveBsp\ArrayLump.cs:строка 149
   в SourceUtils.WebExport.Bsp.AmbientController.&lt;&gt;c__DisplayClass0_0.&lt;Get&gt;b__0(Int32 x) в D:\a\SourceUtils\SourceUtils\SourceUtils.WebExport\Bsp\AmbientCubes.cs:строка 53
   в System.Linq.Enumerable.WhereSelectEnumerableIterator`2.MoveNext()
   в Newtonsoft.Json.Serialization.JsonSerializerInternalWriter.SerializeList(JsonWriter writer, IEnumerable values, JsonArrayContract contract, JsonProperty member, JsonContainerContract collectionContract, JsonProperty containerProperty)
   в Newtonsoft.Json.Serialization.JsonSerializerInternalWriter.SerializeValue(JsonWriter writer, Object value, JsonContract valueContract, JsonProperty member, JsonContainerContract containerContract, JsonProperty containerProperty)
   в Newtonsoft.Json.Serialization.JsonSerializerInternalWriter.SerializeObject(JsonWriter writer, Object value, JsonObjectContract contract, JsonProperty member, JsonContainerContract collectionContract, JsonProperty containerProperty)
   в Newtonsoft.Json.Serialization.JsonSerializerInternalWriter.SerializeValue(JsonWriter writer, Object value, JsonContract valueContract, JsonProperty member, JsonContainerContract containerContract, JsonProperty containerProperty)
   в Newtonsoft.Json.Serialization.JsonSerializerInternalWriter.Serialize(JsonWriter jsonWriter, Object value, Type objectType)
   в Newtonsoft.Json.JsonSerializer.SerializeInternal(JsonWriter jsonWriter, Object value, Type objectType)
   в Newtonsoft.Json.Linq.JToken.FromObjectInternal(Object o, JsonSerializer jsonSerializer)
   в Newtonsoft.Json.Linq.JObject.FromObject(Object o, JsonSerializer jsonSerializer)
   в SourceUtils.WebExport.ResourceController.OnWriteObject(Object obj) в D:\a\SourceUtils\SourceUtils\SourceUtils.WebExport\ResourceController.cs:строка 378
   в lambda_method(Closure , Controller )
   в Ziks.WebServer.ControllerActionMap.TryInvokeAction(Controller controller, HttpListenerRequest request)
   в Ziks.WebServer.Controller.Service(HttpListenerContext context, Session session)
   --- Конец трассировки внутреннего стека исключений ---
    </code>
  </body>
</html>


<!DOCTYPE html>
<html>
  <head>
    <title>500: InternalServerError</title>
  </head>
  <body>
    <h2>500: InternalServerError</h2>
    Request:&nbsp;<code>http://localhost:39281/maps/surf_angst_go/index.json</code>
    <br />
    Message:&nbsp;<code>Последовательность не содержит соответствующий элемент
      </code>
    <br />
    <code style="padding:8px;white-space:pre-wrap;display:block;">
Ziks.WebServer.ControllerActionException: Последовательность не содержит соответствующий элемент ---&gt; System.InvalidOperationException: Последовательность не содержит соответствующий элемент
   в System.Linq.Enumerable.First[TSource](IEnumerable`1 source, Func`2 predicate)
   в SourceUtils.WebExport.Material.CreateSkyMaterial(ValveBspFile bsp, String skyName) в D:\a\SourceUtils\SourceUtils\SourceUtils.WebExport\Material.cs:строка 323
   в SourceUtils.WebExport.Bsp.IndexController.InitWorldspawn(Worldspawn ent, Entity value, MapParams mapParams) в D:\a\SourceUtils\SourceUtils\SourceUtils.WebExport\Bsp\Entities.cs:строка 171
   в lambda_method(Closure , Entity , MapParams )
   в SourceUtils.WebExport.Bsp.IndexController.InitEntity(Entity value, MapParams mapParams) в D:\a\SourceUtils\SourceUtils\SourceUtils.WebExport\Bsp\Entities.cs:строка 383
   в SourceUtils.WebExport.Bsp.IndexController.GetIndexJson(String map) в D:\a\SourceUtils\SourceUtils\SourceUtils.WebExport\Bsp\Index.cs:строка 161
   в lambda_method(Closure , Controller )
   в Ziks.WebServer.ControllerActionMap.TryInvokeAction(Controller controller, HttpListenerRequest request)
   в Ziks.WebServer.Controller.Service(HttpListenerContext context, Session session)
   --- Конец трассировки внутреннего стека исключений ---
    </code>
  </body>
</html>


<!DOCTYPE html>
<html>
  <head>
    <title>500: InternalServerError</title>
  </head>
  <body>
    <h2>500: InternalServerError</h2>
    Request:&nbsp;<code>http://localhost:39281/maps/surf_aqua/index.json</code>
    <br />
    Message:&nbsp;<code>
      Файл &#39;D:\SteamLibrary\steamapps\common\Counter-Strike Global Offensive\csgo\maps\surf_aqua.bsp&#39; не найден.
      </code>
    <br />
    <code style="padding:8px;white-space:pre-wrap;display:block;">
Ziks.WebServer.ControllerActionException: Файл &#39;D:\SteamLibrary\steamapps\common\Counter-Strike Global Offensive\csgo\maps\surf_aqua.bsp&#39; не найден. ---&gt; System.IO.FileNotFoundException: Файл &#39;D:\SteamLibrary\steamapps\common\Counter-Strike Global Offensive\csgo\maps\surf_aqua.bsp&#39; не найден.
   в System.IO.__Error.WinIOError(Int32 errorCode, String maybeFullPath)
   в System.IO.FileStream.Init(String path, FileMode mode, FileAccess access, Int32 rights, Boolean useRights, FileShare share, Int32 bufferSize, FileOptions options, SECURITY_ATTRIBUTES secAttrs, String msgPath, Boolean bFromProxy, Boolean useLongPath, Boolean checkHost)
   в System.IO.FileStream..ctor(String path, FileMode mode, FileAccess access, FileShare share)
   в SourceUtils.ValveBspFile..ctor(String filePath) в D:\a\SourceUtils\SourceUtils\SourceUtils\ValveBsp\ValveBspFile.cs:строка 185
   в SourceUtils.WebExport.Program.GetMap(String name) в D:\a\SourceUtils\SourceUtils\SourceUtils.WebExport\Program.cs:строка 103
   в SourceUtils.WebExport.Bsp.IndexController.GetIndexJson(String map) в D:\a\SourceUtils\SourceUtils\SourceUtils.WebExport\Bsp\Index.cs:строка 0
   в lambda_method(Closure , Controller )
   в Ziks.WebServer.ControllerActionMap.TryInvokeAction(Controller controller, HttpListenerRequest request)
   в Ziks.WebServer.Controller.Service(HttpListenerContext context, Session session)
   --- Конец трассировки внутреннего стека исключений ---
    </code>
  </body>
</html>


<!DOCTYPE html>
<html>
  <head>
    <title>500: InternalServerError</title>
  </head>
  <body>
    <h2>500: InternalServerError</h2>
    Request:&nbsp;<code>
      http://localhost:39281/maps/surf_ataque_final/geom/ambientpage0.json</code>
    <br />
    Message:&nbsp;<code>1 is not &gt;= 0 and &lt; 0.</code>
    <br />
    <code style="padding:8px;white-space:pre-wrap;display:block;">
Ziks.WebServer.ControllerActionException: 1 is not &gt;= 0 and &lt; 0. ---&gt; System.IndexOutOfRangeException: 1 is not &gt;= 0 and &lt; 0.
   в SourceUtils.ValveBspFile.StructArrayLump`1.get_Item(Int32 index) в D:\a\SourceUtils\SourceUtils\SourceUtils\ValveBsp\ArrayLump.cs:строка 149
   в SourceUtils.WebExport.Bsp.AmbientController.&lt;&gt;c__DisplayClass0_0.&lt;Get&gt;b__0(Int32 x) в D:\a\SourceUtils\SourceUtils\SourceUtils.WebExport\Bsp\AmbientCubes.cs:строка 53
   в System.Linq.Enumerable.WhereSelectEnumerableIterator`2.MoveNext()
   в Newtonsoft.Json.Serialization.JsonSerializerInternalWriter.SerializeList(JsonWriter writer, IEnumerable values, JsonArrayContract contract, JsonProperty member, JsonContainerContract collectionContract, JsonProperty containerProperty)
   в Newtonsoft.Json.Serialization.JsonSerializerInternalWriter.SerializeValue(JsonWriter writer, Object value, JsonContract valueContract, JsonProperty member, JsonContainerContract containerContract, JsonProperty containerProperty)
   в Newtonsoft.Json.Serialization.JsonSerializerInternalWriter.SerializeObject(JsonWriter writer, Object value, JsonObjectContract contract, JsonProperty member, JsonContainerContract collectionContract, JsonProperty containerProperty)
   в Newtonsoft.Json.Serialization.JsonSerializerInternalWriter.SerializeValue(JsonWriter writer, Object value, JsonContract valueContract, JsonProperty member, JsonContainerContract containerContract, JsonProperty containerProperty)
   в Newtonsoft.Json.Serialization.JsonSerializerInternalWriter.Serialize(JsonWriter jsonWriter, Object value, Type objectType)
   в Newtonsoft.Json.JsonSerializer.SerializeInternal(JsonWriter jsonWriter, Object value, Type objectType)
   в Newtonsoft.Json.Linq.JToken.FromObjectInternal(Object o, JsonSerializer jsonSerializer)
   в Newtonsoft.Json.Linq.JObject.FromObject(Object o, JsonSerializer jsonSerializer)
   в SourceUtils.WebExport.ResourceController.OnWriteObject(Object obj) в D:\a\SourceUtils\SourceUtils\SourceUtils.WebExport\ResourceController.cs:строка 378
   в lambda_method(Closure , Controller )
   в Ziks.WebServer.ControllerActionMap.TryInvokeAction(Controller controller, HttpListenerRequest request)
   в Ziks.WebServer.Controller.Service(HttpListenerContext context, Session session)
   --- Конец трассировки внутреннего стека исключений ---
    </code>
  </body>
</html>


<!DOCTYPE html>
<html>
  <head>
    <title>500: InternalServerError</title>
  </head>
  <body>
    <h2>500: InternalServerError</h2>
    Request:&nbsp;<code>
      http://localhost:39281/maps/surf_boreas/materials/matpage0.json</code>
    <br />
    Message:&nbsp;<code>VTF format: BGRA4444</code>
    <br />
    <code style="padding:8px;white-space:pre-wrap;display:block;">
Ziks.WebServer.ControllerActionException: VTF format: BGRA4444 ---&gt; System.NotImplementedException: VTF format: BGRA4444
   в SourceUtils.ValveTextureFile..ctor(Stream stream, Boolean onlyHeader) в D:\a\SourceUtils\SourceUtils\SourceUtils\ValveTextureFile.cs:строка 302
   в SourceUtils.WebExport.Texture.Get(ValveBspFile bsp, String path) в D:\a\SourceUtils\SourceUtils\SourceUtils.WebExport\Texture.cs:строка 59
   в SourceUtils.WebExport.Bsp.MaterialController.GetPage(String map, Int32 index) в D:\a\SourceUtils\SourceUtils\SourceUtils.WebExport\Bsp\Materials.cs:строка 71
   в lambda_method(Closure , Controller )
   в Ziks.WebServer.ControllerActionMap.TryInvokeAction(Controller controller, HttpListenerRequest request)
   в Ziks.WebServer.Controller.Service(HttpListenerContext context, Session session)
   --- Конец трассировки внутреннего стека исключений ---
    </code>
  </body>
</html>


<!DOCTYPE html>
<html>
  <head>
    <title>500: InternalServerError</title>
  </head>
  <body>
    <h2>500: InternalServerError</h2>
    Request:&nbsp;<code>
      http://localhost:39281/maps/surf_bork_nbv/geom/leafpage0.json</code>
    <br />
    Message:&nbsp;<code>Expected /$/</code>
    <br />
    <code style="padding:8px;white-space:pre-wrap;display:block;">
Ziks.WebServer.ControllerActionException: Expected /$/ ---&gt; SourceUtils.KeyValuesParserException: Expected /$/
   в SourceUtils.KeyValues.Parse(String value, KeyValuesFlags flags) в D:\a\SourceUtils\SourceUtils\SourceUtils\KeyValues.cs:строка 331
   в SourceUtils.KeyValues.FromStream(Stream stream, KeyValuesFlags flags) в D:\a\SourceUtils\SourceUtils\SourceUtils\KeyValues.cs:строка 357
   в SourceUtils.ValveMaterialFile.FromProvider(String path, IResourceProvider[] providers) в D:\a\SourceUtils\SourceUtils\SourceUtils\ValveMaterialFile.cs:строка 33
   в SourceUtils.WebExport.Bsp.GeometryController.GetOrCreateMeshData(ValveBspFile bsp, GeometryPage page, String matPath, Boolean cacheVertices) в D:\a\SourceUtils\SourceUtils\SourceUtils.WebExport\Bsp\Geometry.cs:строка 471
   в SourceUtils.WebExport.Bsp.GeometryController.WriteFace(ValveBspFile bsp, Int32 faceIndex, GeometryPage page, List`1 outFaces) в D:\a\SourceUtils\SourceUtils\SourceUtils.WebExport\Bsp\Geometry.cs:строка 506
   в SourceUtils.WebExport.Bsp.GeometryController.GetLeafPage(String map, Int32 index) в D:\a\SourceUtils\SourceUtils\SourceUtils.WebExport\Bsp\Geometry.cs:строка 728
   в lambda_method(Closure , Controller )
   в Ziks.WebServer.ControllerActionMap.TryInvokeAction(Controller controller, HttpListenerRequest request)
   в Ziks.WebServer.Controller.Service(HttpListenerContext context, Session session)
   --- Конец трассировки внутреннего стека исключений ---
    </code>
  </body>
</html>


<!DOCTYPE html>
<html>
  <head>
    <title>500: InternalServerError</title>
  </head>
  <body>
    <h2>500: InternalServerError</h2>
    Request:&nbsp;<code>
      http://localhost:39281/maps/surf_bork_nbv/materials/matpage0.json</code>
    <br />
    Message:&nbsp;<code>Expected /$/</code>
    <br />
    <code style="padding:8px;white-space:pre-wrap;display:block;">
Ziks.WebServer.ControllerActionException: Expected /$/ ---&gt; SourceUtils.KeyValuesParserException: Expected /$/
   в SourceUtils.KeyValues.Parse(String value, KeyValuesFlags flags) в D:\a\SourceUtils\SourceUtils\SourceUtils\KeyValues.cs:строка 331
   в SourceUtils.KeyValues.FromStream(Stream stream, KeyValuesFlags flags) в D:\a\SourceUtils\SourceUtils\SourceUtils\KeyValues.cs:строка 357
   в SourceUtils.ValveMaterialFile.FromProvider(String path, IResourceProvider[] providers) в D:\a\SourceUtils\SourceUtils\SourceUtils\ValveMaterialFile.cs:строка 33
   в SourceUtils.WebExport.Material.Get(ValveBspFile bsp, String path) в D:\a\SourceUtils\SourceUtils\SourceUtils.WebExport\Material.cs:строка 284
   в SourceUtils.WebExport.Bsp.MaterialController.GetPage(String map, Int32 index) в D:\a\SourceUtils\SourceUtils\SourceUtils.WebExport\Bsp\Materials.cs:строка 43
   в lambda_method(Closure , Controller )
   в Ziks.WebServer.ControllerActionMap.TryInvokeAction(Controller controller, HttpListenerRequest request)
   в Ziks.WebServer.Controller.Service(HttpListenerContext context, Session session)
   --- Конец трассировки внутреннего стека исключений ---
    </code>
  </body>
</html>


<!DOCTYPE html>
<html>
  <head>
    <title>500: InternalServerError</title>
  </head>
  <body>
    <h2>500: InternalServerError</h2>
    Request:&nbsp;<code>
      http://localhost:39281/maps/surf_cannonball/geom/leafpage0.json</code>
    <br />
    Message:&nbsp;<code>Expected &#39;}&#39;</code>
    <br />
    <code style="padding:8px;white-space:pre-wrap;display:block;">
Ziks.WebServer.ControllerActionException: Expected &#39;}&#39; ---&gt; SourceUtils.KeyValuesParserException: Expected &#39;}&#39;
   в SourceUtils.KeyValues.Parse(String value, KeyValuesFlags flags) в D:\a\SourceUtils\SourceUtils\SourceUtils\KeyValues.cs:строка 331
   в SourceUtils.KeyValues.FromStream(Stream stream, KeyValuesFlags flags) в D:\a\SourceUtils\SourceUtils\SourceUtils\KeyValues.cs:строка 357
   в SourceUtils.ValveMaterialFile.FromProvider(String path, IResourceProvider[] providers) в D:\a\SourceUtils\SourceUtils\SourceUtils\ValveMaterialFile.cs:строка 33
   в SourceUtils.WebExport.Bsp.GeometryController.GetOrCreateMeshData(ValveBspFile bsp, GeometryPage page, String matPath, Boolean cacheVertices) в D:\a\SourceUtils\SourceUtils\SourceUtils.WebExport\Bsp\Geometry.cs:строка 471
   в SourceUtils.WebExport.Bsp.GeometryController.WriteFace(ValveBspFile bsp, Int32 faceIndex, GeometryPage page, List`1 outFaces) в D:\a\SourceUtils\SourceUtils\SourceUtils.WebExport\Bsp\Geometry.cs:строка 506
   в SourceUtils.WebExport.Bsp.GeometryController.GetLeafPage(String map, Int32 index) в D:\a\SourceUtils\SourceUtils\SourceUtils.WebExport\Bsp\Geometry.cs:строка 728
   в lambda_method(Closure , Controller )
   в Ziks.WebServer.ControllerActionMap.TryInvokeAction(Controller controller, HttpListenerRequest request)
   в Ziks.WebServer.Controller.Service(HttpListenerContext context, Session session)
   --- Конец трассировки внутреннего стека исключений ---
    </code>
  </body>
</html>


<!DOCTYPE html>
<html>
  <head>
    <title>500: InternalServerError</title>
  </head>
  <body>
    <h2>500: InternalServerError</h2>
    Request:&nbsp;<code>
      http://localhost:39281/maps/surf_cannonball/materials/matpage0.json</code>
    <br />
    Message:&nbsp;<code>Expected &#39;}&#39;</code>
    <br />
    <code style="padding:8px;white-space:pre-wrap;display:block;">
Ziks.WebServer.ControllerActionException: Expected &#39;}&#39; ---&gt; SourceUtils.KeyValuesParserException: Expected &#39;}&#39;
   в SourceUtils.KeyValues.Parse(String value, KeyValuesFlags flags) в D:\a\SourceUtils\SourceUtils\SourceUtils\KeyValues.cs:строка 331
   в SourceUtils.KeyValues.FromStream(Stream stream, KeyValuesFlags flags) в D:\a\SourceUtils\SourceUtils\SourceUtils\KeyValues.cs:строка 357
   в SourceUtils.ValveMaterialFile.FromProvider(String path, IResourceProvider[] providers) в D:\a\SourceUtils\SourceUtils\SourceUtils\ValveMaterialFile.cs:строка 33
   в SourceUtils.WebExport.Material.Get(ValveBspFile bsp, String path) в D:\a\SourceUtils\SourceUtils\SourceUtils.WebExport\Material.cs:строка 284
   в SourceUtils.WebExport.Bsp.MaterialController.GetPage(String map, Int32 index) в D:\a\SourceUtils\SourceUtils\SourceUtils.WebExport\Bsp\Materials.cs:строка 43
   в lambda_method(Closure , Controller )
   в Ziks.WebServer.ControllerActionMap.TryInvokeAction(Controller controller, HttpListenerRequest request)
   в Ziks.WebServer.Controller.Service(HttpListenerContext context, Session session)
   --- Конец трассировки внутреннего стека исключений ---
    </code>
  </body>
</html>


<!DOCTYPE html>
<html>
  <head>
    <title>500: InternalServerError</title>
  </head>
  <body>
    <h2>500: InternalServerError</h2>
    Request:&nbsp;<code>
      http://localhost:39281/maps/surf_catalyst/geom/ambientpage0.json</code>
    <br />
    Message:&nbsp;<code>1 is not &gt;= 0 and &lt; 0.</code>
    <br />
    <code style="padding:8px;white-space:pre-wrap;display:block;">
Ziks.WebServer.ControllerActionException: 1 is not &gt;= 0 and &lt; 0. ---&gt; System.IndexOutOfRangeException: 1 is not &gt;= 0 and &lt; 0.
   в SourceUtils.ValveBspFile.StructArrayLump`1.get_Item(Int32 index) в D:\a\SourceUtils\SourceUtils\SourceUtils\ValveBsp\ArrayLump.cs:строка 149
   в SourceUtils.WebExport.Bsp.AmbientController.&lt;&gt;c__DisplayClass0_0.&lt;Get&gt;b__0(Int32 x) в D:\a\SourceUtils\SourceUtils\SourceUtils.WebExport\Bsp\AmbientCubes.cs:строка 53
   в System.Linq.Enumerable.WhereSelectEnumerableIterator`2.MoveNext()
   в Newtonsoft.Json.Serialization.JsonSerializerInternalWriter.SerializeList(JsonWriter writer, IEnumerable values, JsonArrayContract contract, JsonProperty member, JsonContainerContract collectionContract, JsonProperty containerProperty)
   в Newtonsoft.Json.Serialization.JsonSerializerInternalWriter.SerializeValue(JsonWriter writer, Object value, JsonContract valueContract, JsonProperty member, JsonContainerContract containerContract, JsonProperty containerProperty)
   в Newtonsoft.Json.Serialization.JsonSerializerInternalWriter.SerializeObject(JsonWriter writer, Object value, JsonObjectContract contract, JsonProperty member, JsonContainerContract collectionContract, JsonProperty containerProperty)
   в Newtonsoft.Json.Serialization.JsonSerializerInternalWriter.SerializeValue(JsonWriter writer, Object value, JsonContract valueContract, JsonProperty member, JsonContainerContract containerContract, JsonProperty containerProperty)
   в Newtonsoft.Json.Serialization.JsonSerializerInternalWriter.Serialize(JsonWriter jsonWriter, Object value, Type objectType)
   в Newtonsoft.Json.JsonSerializer.SerializeInternal(JsonWriter jsonWriter, Object value, Type objectType)
   в Newtonsoft.Json.Linq.JToken.FromObjectInternal(Object o, JsonSerializer jsonSerializer)
   в Newtonsoft.Json.Linq.JObject.FromObject(Object o, JsonSerializer jsonSerializer)
   в SourceUtils.WebExport.ResourceController.OnWriteObject(Object obj) в D:\a\SourceUtils\SourceUtils\SourceUtils.WebExport\ResourceController.cs:строка 378
   в lambda_method(Closure , Controller )
   в Ziks.WebServer.ControllerActionMap.TryInvokeAction(Controller controller, HttpListenerRequest request)
   в Ziks.WebServer.Controller.Service(HttpListenerContext context, Session session)
   --- Конец трассировки внутреннего стека исключений ---
    </code>
  </body>
</html>


<!DOCTYPE html>
<html>
  <head>
    <title>500: InternalServerError</title>
  </head>
  <body>
    <h2>500: InternalServerError</h2>
    Request:&nbsp;<code>
      http://localhost:39281/maps/surf_catalyst/geom/ambientpage1.json</code>
    <br />
    Message:&nbsp;<code>4096 is not &gt;= 0 and &lt; 0.</code>
    <br />
    <code style="padding:8px;white-space:pre-wrap;display:block;">
Ziks.WebServer.ControllerActionException: 4096 is not &gt;= 0 and &lt; 0. ---&gt; System.IndexOutOfRangeException: 4096 is not &gt;= 0 and &lt; 0.
   в SourceUtils.ValveBspFile.StructArrayLump`1.get_Item(Int32 index) в D:\a\SourceUtils\SourceUtils\SourceUtils\ValveBsp\ArrayLump.cs:строка 149
   в SourceUtils.WebExport.Bsp.AmbientController.&lt;&gt;c__DisplayClass0_0.&lt;Get&gt;b__0(Int32 x) в D:\a\SourceUtils\SourceUtils\SourceUtils.WebExport\Bsp\AmbientCubes.cs:строка 53
   в System.Linq.Enumerable.WhereSelectEnumerableIterator`2.MoveNext()
   в Newtonsoft.Json.Serialization.JsonSerializerInternalWriter.SerializeList(JsonWriter writer, IEnumerable values, JsonArrayContract contract, JsonProperty member, JsonContainerContract collectionContract, JsonProperty containerProperty)
   в Newtonsoft.Json.Serialization.JsonSerializerInternalWriter.SerializeValue(JsonWriter writer, Object value, JsonContract valueContract, JsonProperty member, JsonContainerContract containerContract, JsonProperty containerProperty)
   в Newtonsoft.Json.Serialization.JsonSerializerInternalWriter.SerializeObject(JsonWriter writer, Object value, JsonObjectContract contract, JsonProperty member, JsonContainerContract collectionContract, JsonProperty containerProperty)
   в Newtonsoft.Json.Serialization.JsonSerializerInternalWriter.SerializeValue(JsonWriter writer, Object value, JsonContract valueContract, JsonProperty member, JsonContainerContract containerContract, JsonProperty containerProperty)
   в Newtonsoft.Json.Serialization.JsonSerializerInternalWriter.Serialize(JsonWriter jsonWriter, Object value, Type objectType)
   в Newtonsoft.Json.JsonSerializer.SerializeInternal(JsonWriter jsonWriter, Object value, Type objectType)
   в Newtonsoft.Json.Linq.JToken.FromObjectInternal(Object o, JsonSerializer jsonSerializer)
   в Newtonsoft.Json.Linq.JObject.FromObject(Object o, JsonSerializer jsonSerializer)
   в SourceUtils.WebExport.ResourceController.OnWriteObject(Object obj) в D:\a\SourceUtils\SourceUtils\SourceUtils.WebExport\ResourceController.cs:строка 378
   в lambda_method(Closure , Controller )
   в Ziks.WebServer.ControllerActionMap.TryInvokeAction(Controller controller, HttpListenerRequest request)
   в Ziks.WebServer.Controller.Service(HttpListenerContext context, Session session)
   --- Конец трассировки внутреннего стека исключений ---
    </code>
  </body>
</html>


<!DOCTYPE html>
<html>
  <head>
    <title>500: InternalServerError</title>
  </head>
  <body>
    <h2>500: InternalServerError</h2>
    Request:&nbsp;<code>
      http://localhost:39281/maps/surf_catalyst/geom/ambientpage2.json</code>
    <br />
    Message:&nbsp;<code>8192 is not &gt;= 0 and &lt; 0.</code>
    <br />
    <code style="padding:8px;white-space:pre-wrap;display:block;">
Ziks.WebServer.ControllerActionException: 8192 is not &gt;= 0 and &lt; 0. ---&gt; System.IndexOutOfRangeException: 8192 is not &gt;= 0 and &lt; 0.
   в SourceUtils.ValveBspFile.StructArrayLump`1.get_Item(Int32 index) в D:\a\SourceUtils\SourceUtils\SourceUtils\ValveBsp\ArrayLump.cs:строка 149
   в SourceUtils.WebExport.Bsp.AmbientController.&lt;&gt;c__DisplayClass0_0.&lt;Get&gt;b__0(Int32 x) в D:\a\SourceUtils\SourceUtils\SourceUtils.WebExport\Bsp\AmbientCubes.cs:строка 53
   в System.Linq.Enumerable.WhereSelectEnumerableIterator`2.MoveNext()
   в Newtonsoft.Json.Serialization.JsonSerializerInternalWriter.SerializeList(JsonWriter writer, IEnumerable values, JsonArrayContract contract, JsonProperty member, JsonContainerContract collectionContract, JsonProperty containerProperty)
   в Newtonsoft.Json.Serialization.JsonSerializerInternalWriter.SerializeValue(JsonWriter writer, Object value, JsonContract valueContract, JsonProperty member, JsonContainerContract containerContract, JsonProperty containerProperty)
   в Newtonsoft.Json.Serialization.JsonSerializerInternalWriter.SerializeObject(JsonWriter writer, Object value, JsonObjectContract contract, JsonProperty member, JsonContainerContract collectionContract, JsonProperty containerProperty)
   в Newtonsoft.Json.Serialization.JsonSerializerInternalWriter.SerializeValue(JsonWriter writer, Object value, JsonContract valueContract, JsonProperty member, JsonContainerContract containerContract, JsonProperty containerProperty)
   в Newtonsoft.Json.Serialization.JsonSerializerInternalWriter.Serialize(JsonWriter jsonWriter, Object value, Type objectType)
   в Newtonsoft.Json.JsonSerializer.SerializeInternal(JsonWriter jsonWriter, Object value, Type objectType)
   в Newtonsoft.Json.Linq.JToken.FromObjectInternal(Object o, JsonSerializer jsonSerializer)
   в Newtonsoft.Json.Linq.JObject.FromObject(Object o, JsonSerializer jsonSerializer)
   в SourceUtils.WebExport.ResourceController.OnWriteObject(Object obj) в D:\a\SourceUtils\SourceUtils\SourceUtils.WebExport\ResourceController.cs:строка 378
   в lambda_method(Closure , Controller )
   в Ziks.WebServer.ControllerActionMap.TryInvokeAction(Controller controller, HttpListenerRequest request)
   в Ziks.WebServer.Controller.Service(HttpListenerContext context, Session session)
   --- Конец трассировки внутреннего стека исключений ---
    </code>
  </body>
</html>


<!DOCTYPE html>
<html>
  <head>
    <title>500: InternalServerError</title>
  </head>
  <body>
    <h2>500: InternalServerError</h2>
    Request:&nbsp;<code>
      http://localhost:39281/maps/surf_catalyst2/geom/ambientpage0.json</code>
    <br />
    Message:&nbsp;<code>1 is not &gt;= 0 and &lt; 0.</code>
    <br />
    <code style="padding:8px;white-space:pre-wrap;display:block;">
Ziks.WebServer.ControllerActionException: 1 is not &gt;= 0 and &lt; 0. ---&gt; System.IndexOutOfRangeException: 1 is not &gt;= 0 and &lt; 0.
   в SourceUtils.ValveBspFile.StructArrayLump`1.get_Item(Int32 index) в D:\a\SourceUtils\SourceUtils\SourceUtils\ValveBsp\ArrayLump.cs:строка 149
   в SourceUtils.WebExport.Bsp.AmbientController.&lt;&gt;c__DisplayClass0_0.&lt;Get&gt;b__0(Int32 x) в D:\a\SourceUtils\SourceUtils\SourceUtils.WebExport\Bsp\AmbientCubes.cs:строка 53
   в System.Linq.Enumerable.WhereSelectEnumerableIterator`2.MoveNext()
   в Newtonsoft.Json.Serialization.JsonSerializerInternalWriter.SerializeList(JsonWriter writer, IEnumerable values, JsonArrayContract contract, JsonProperty member, JsonContainerContract collectionContract, JsonProperty containerProperty)
   в Newtonsoft.Json.Serialization.JsonSerializerInternalWriter.SerializeValue(JsonWriter writer, Object value, JsonContract valueContract, JsonProperty member, JsonContainerContract containerContract, JsonProperty containerProperty)
   в Newtonsoft.Json.Serialization.JsonSerializerInternalWriter.SerializeObject(JsonWriter writer, Object value, JsonObjectContract contract, JsonProperty member, JsonContainerContract collectionContract, JsonProperty containerProperty)
   в Newtonsoft.Json.Serialization.JsonSerializerInternalWriter.SerializeValue(JsonWriter writer, Object value, JsonContract valueContract, JsonProperty member, JsonContainerContract containerContract, JsonProperty containerProperty)
   в Newtonsoft.Json.Serialization.JsonSerializerInternalWriter.Serialize(JsonWriter jsonWriter, Object value, Type objectType)
   в Newtonsoft.Json.JsonSerializer.SerializeInternal(JsonWriter jsonWriter, Object value, Type objectType)
   в Newtonsoft.Json.Linq.JToken.FromObjectInternal(Object o, JsonSerializer jsonSerializer)
   в Newtonsoft.Json.Linq.JObject.FromObject(Object o, JsonSerializer jsonSerializer)
   в SourceUtils.WebExport.ResourceController.OnWriteObject(Object obj) в D:\a\SourceUtils\SourceUtils\SourceUtils.WebExport\ResourceController.cs:строка 378
   в lambda_method(Closure , Controller )
   в Ziks.WebServer.ControllerActionMap.TryInvokeAction(Controller controller, HttpListenerRequest request)
   в Ziks.WebServer.Controller.Service(HttpListenerContext context, Session session)
   --- Конец трассировки внутреннего стека исключений ---
    </code>
  </body>
</html>


<!DOCTYPE html>
<html>
  <head>
    <title>500: InternalServerError</title>
  </head>
  <body>
    <h2>500: InternalServerError</h2>
    Request:&nbsp;<code>
      http://localhost:39281/maps/surf_catalyst2/geom/ambientpage1.json</code>
    <br />
    Message:&nbsp;<code>4096 is not &gt;= 0 and &lt; 0.</code>
    <br />
    <code style="padding:8px;white-space:pre-wrap;display:block;">
Ziks.WebServer.ControllerActionException: 4096 is not &gt;= 0 and &lt; 0. ---&gt; System.IndexOutOfRangeException: 4096 is not &gt;= 0 and &lt; 0.
   в SourceUtils.ValveBspFile.StructArrayLump`1.get_Item(Int32 index) в D:\a\SourceUtils\SourceUtils\SourceUtils\ValveBsp\ArrayLump.cs:строка 149
   в SourceUtils.WebExport.Bsp.AmbientController.&lt;&gt;c__DisplayClass0_0.&lt;Get&gt;b__0(Int32 x) в D:\a\SourceUtils\SourceUtils\SourceUtils.WebExport\Bsp\AmbientCubes.cs:строка 53
   в System.Linq.Enumerable.WhereSelectEnumerableIterator`2.MoveNext()
   в Newtonsoft.Json.Serialization.JsonSerializerInternalWriter.SerializeList(JsonWriter writer, IEnumerable values, JsonArrayContract contract, JsonProperty member, JsonContainerContract collectionContract, JsonProperty containerProperty)
   в Newtonsoft.Json.Serialization.JsonSerializerInternalWriter.SerializeValue(JsonWriter writer, Object value, JsonContract valueContract, JsonProperty member, JsonContainerContract containerContract, JsonProperty containerProperty)
   в Newtonsoft.Json.Serialization.JsonSerializerInternalWriter.SerializeObject(JsonWriter writer, Object value, JsonObjectContract contract, JsonProperty member, JsonContainerContract collectionContract, JsonProperty containerProperty)
   в Newtonsoft.Json.Serialization.JsonSerializerInternalWriter.SerializeValue(JsonWriter writer, Object value, JsonContract valueContract, JsonProperty member, JsonContainerContract containerContract, JsonProperty containerProperty)
   в Newtonsoft.Json.Serialization.JsonSerializerInternalWriter.Serialize(JsonWriter jsonWriter, Object value, Type objectType)
   в Newtonsoft.Json.JsonSerializer.SerializeInternal(JsonWriter jsonWriter, Object value, Type objectType)
   в Newtonsoft.Json.Linq.JToken.FromObjectInternal(Object o, JsonSerializer jsonSerializer)
   в Newtonsoft.Json.Linq.JObject.FromObject(Object o, JsonSerializer jsonSerializer)
   в SourceUtils.WebExport.ResourceController.OnWriteObject(Object obj) в D:\a\SourceUtils\SourceUtils\SourceUtils.WebExport\ResourceController.cs:строка 378
   в lambda_method(Closure , Controller )
   в Ziks.WebServer.ControllerActionMap.TryInvokeAction(Controller controller, HttpListenerRequest request)
   в Ziks.WebServer.Controller.Service(HttpListenerContext context, Session session)
   --- Конец трассировки внутреннего стека исключений ---
    </code>
  </body>
</html>


<!DOCTYPE html>
<html>
  <head>
    <title>500: InternalServerError</title>
  </head>
  <body>
    <h2>500: InternalServerError</h2>
    Request:&nbsp;<code>
      http://localhost:39281/maps/surf_catalyst2/geom/ambientpage2.json</code>
    <br />
    Message:&nbsp;<code>8192 is not &gt;= 0 and &lt; 0.</code>
    <br />
    <code style="padding:8px;white-space:pre-wrap;display:block;">
Ziks.WebServer.ControllerActionException: 8192 is not &gt;= 0 and &lt; 0. ---&gt; System.IndexOutOfRangeException: 8192 is not &gt;= 0 and &lt; 0.
   в SourceUtils.ValveBspFile.StructArrayLump`1.get_Item(Int32 index) в D:\a\SourceUtils\SourceUtils\SourceUtils\ValveBsp\ArrayLump.cs:строка 149
   в SourceUtils.WebExport.Bsp.AmbientController.&lt;&gt;c__DisplayClass0_0.&lt;Get&gt;b__0(Int32 x) в D:\a\SourceUtils\SourceUtils\SourceUtils.WebExport\Bsp\AmbientCubes.cs:строка 53
   в System.Linq.Enumerable.WhereSelectEnumerableIterator`2.MoveNext()
   в Newtonsoft.Json.Serialization.JsonSerializerInternalWriter.SerializeList(JsonWriter writer, IEnumerable values, JsonArrayContract contract, JsonProperty member, JsonContainerContract collectionContract, JsonProperty containerProperty)
   в Newtonsoft.Json.Serialization.JsonSerializerInternalWriter.SerializeValue(JsonWriter writer, Object value, JsonContract valueContract, JsonProperty member, JsonContainerContract containerContract, JsonProperty containerProperty)
   в Newtonsoft.Json.Serialization.JsonSerializerInternalWriter.SerializeObject(JsonWriter writer, Object value, JsonObjectContract contract, JsonProperty member, JsonContainerContract collectionContract, JsonProperty containerProperty)
   в Newtonsoft.Json.Serialization.JsonSerializerInternalWriter.SerializeValue(JsonWriter writer, Object value, JsonContract valueContract, JsonProperty member, JsonContainerContract containerContract, JsonProperty containerProperty)
   в Newtonsoft.Json.Serialization.JsonSerializerInternalWriter.Serialize(JsonWriter jsonWriter, Object value, Type objectType)
   в Newtonsoft.Json.JsonSerializer.SerializeInternal(JsonWriter jsonWriter, Object value, Type objectType)
   в Newtonsoft.Json.Linq.JToken.FromObjectInternal(Object o, JsonSerializer jsonSerializer)
   в Newtonsoft.Json.Linq.JObject.FromObject(Object o, JsonSerializer jsonSerializer)
   в SourceUtils.WebExport.ResourceController.OnWriteObject(Object obj) в D:\a\SourceUtils\SourceUtils\SourceUtils.WebExport\ResourceController.cs:строка 378
   в lambda_method(Closure , Controller )
   в Ziks.WebServer.ControllerActionMap.TryInvokeAction(Controller controller, HttpListenerRequest request)
   в Ziks.WebServer.Controller.Service(HttpListenerContext context, Session session)
   --- Конец трассировки внутреннего стека исключений ---
    </code>
  </body>
</html>


<!DOCTYPE html>
<html>
  <head>
    <title>500: InternalServerError</title>
  </head>
  <body>
    <h2>500: InternalServerError</h2>
    Request:&nbsp;<code>http://localhost:39281/maps/surf_chaos_fix/index.json</code>
    <br />
    Message:&nbsp;<code>Cannot seek past end</code>
    <br />
    <code style="padding:8px;white-space:pre-wrap;display:block;">
Ziks.WebServer.ControllerActionException: Cannot seek past end ---&gt; System.IO.IOException: Cannot seek past end
   в ICSharpCode.SharpZipLib.Zip.ZipFile.PartialInputStream.Seek(Int64 offset, SeekOrigin origin)
   в SourceUtils.ValveTextureFile.Skip(Stream stream, Int64 count) в D:\a\SourceUtils\SourceUtils\SourceUtils\ValveTextureFile.cs:строка 217
   в SourceUtils.ValveTextureFile..ctor(Stream stream, Boolean onlyHeader) в D:\a\SourceUtils\SourceUtils\SourceUtils\ValveTextureFile.cs:строка 278
   в SourceUtils.WebExport.Texture.Get(ValveBspFile bsp, String path) в D:\a\SourceUtils\SourceUtils\SourceUtils.WebExport\Texture.cs:строка 59
   в SourceUtils.WebExport.Material.CreateSkyMaterial(ValveBspFile bsp, String skyName) в D:\a\SourceUtils\SourceUtils\SourceUtils.WebExport\Material.cs:строка 326
   в SourceUtils.WebExport.Bsp.IndexController.InitWorldspawn(Worldspawn ent, Entity value, MapParams mapParams) в D:\a\SourceUtils\SourceUtils\SourceUtils.WebExport\Bsp\Entities.cs:строка 171
   в lambda_method(Closure , Entity , MapParams )
   в SourceUtils.WebExport.Bsp.IndexController.InitEntity(Entity value, MapParams mapParams) в D:\a\SourceUtils\SourceUtils\SourceUtils.WebExport\Bsp\Entities.cs:строка 383
   в SourceUtils.WebExport.Bsp.IndexController.GetIndexJson(String map) в D:\a\SourceUtils\SourceUtils\SourceUtils.WebExport\Bsp\Index.cs:строка 161
   в lambda_method(Closure , Controller )
   в Ziks.WebServer.ControllerActionMap.TryInvokeAction(Controller controller, HttpListenerRequest request)
   в Ziks.WebServer.Controller.Service(HttpListenerContext context, Session session)
   --- Конец трассировки внутреннего стека исключений ---
    </code>
  </body>
</html>


<!DOCTYPE html>
<html>
  <head>
    <title>500: InternalServerError</title>
  </head>
  <body>
    <h2>500: InternalServerError</h2>
    Request:&nbsp;<code>
      http://localhost:39281/maps/surf_collaboration/geom/ambientpage0.json</code>
    <br />
    Message:&nbsp;<code>1 is not &gt;= 0 and &lt; 0.</code>
    <br />
    <code style="padding:8px;white-space:pre-wrap;display:block;">
Ziks.WebServer.ControllerActionException: 1 is not &gt;= 0 and &lt; 0. ---&gt; System.IndexOutOfRangeException: 1 is not &gt;= 0 and &lt; 0.
   в SourceUtils.ValveBspFile.StructArrayLump`1.get_Item(Int32 index) в D:\a\SourceUtils\SourceUtils\SourceUtils\ValveBsp\ArrayLump.cs:строка 149
   в SourceUtils.WebExport.Bsp.AmbientController.&lt;&gt;c__DisplayClass0_0.&lt;Get&gt;b__0(Int32 x) в D:\a\SourceUtils\SourceUtils\SourceUtils.WebExport\Bsp\AmbientCubes.cs:строка 53
   в System.Linq.Enumerable.WhereSelectEnumerableIterator`2.MoveNext()
   в Newtonsoft.Json.Serialization.JsonSerializerInternalWriter.SerializeList(JsonWriter writer, IEnumerable values, JsonArrayContract contract, JsonProperty member, JsonContainerContract collectionContract, JsonProperty containerProperty)
   в Newtonsoft.Json.Serialization.JsonSerializerInternalWriter.SerializeValue(JsonWriter writer, Object value, JsonContract valueContract, JsonProperty member, JsonContainerContract containerContract, JsonProperty containerProperty)
   в Newtonsoft.Json.Serialization.JsonSerializerInternalWriter.SerializeObject(JsonWriter writer, Object value, JsonObjectContract contract, JsonProperty member, JsonContainerContract collectionContract, JsonProperty containerProperty)
   в Newtonsoft.Json.Serialization.JsonSerializerInternalWriter.SerializeValue(JsonWriter writer, Object value, JsonContract valueContract, JsonProperty member, JsonContainerContract containerContract, JsonProperty containerProperty)
   в Newtonsoft.Json.Serialization.JsonSerializerInternalWriter.Serialize(JsonWriter jsonWriter, Object value, Type objectType)
   в Newtonsoft.Json.JsonSerializer.SerializeInternal(JsonWriter jsonWriter, Object value, Type objectType)
   в Newtonsoft.Json.Linq.JToken.FromObjectInternal(Object o, JsonSerializer jsonSerializer)
   в Newtonsoft.Json.Linq.JObject.FromObject(Object o, JsonSerializer jsonSerializer)
   в SourceUtils.WebExport.ResourceController.OnWriteObject(Object obj) в D:\a\SourceUtils\SourceUtils\SourceUtils.WebExport\ResourceController.cs:строка 378
   в lambda_method(Closure , Controller )
   в Ziks.WebServer.ControllerActionMap.TryInvokeAction(Controller controller, HttpListenerRequest request)
   в Ziks.WebServer.Controller.Service(HttpListenerContext context, Session session)
   --- Конец трассировки внутреннего стека исключений ---
    </code>
  </body>
</html>


<!DOCTYPE html>
<html>
  <head>
    <title>500: InternalServerError</title>
  </head>
  <body>
    <h2>500: InternalServerError</h2>
    Request:&nbsp;<code>
      http://localhost:39281/maps/surf_collaboration/geom/ambientpage1.json</code>
    <br />
    Message:&nbsp;<code>4096 is not &gt;= 0 and &lt; 0.</code>
    <br />
    <code style="padding:8px;white-space:pre-wrap;display:block;">
Ziks.WebServer.ControllerActionException: 4096 is not &gt;= 0 and &lt; 0. ---&gt; System.IndexOutOfRangeException: 4096 is not &gt;= 0 and &lt; 0.
   в SourceUtils.ValveBspFile.StructArrayLump`1.get_Item(Int32 index) в D:\a\SourceUtils\SourceUtils\SourceUtils\ValveBsp\ArrayLump.cs:строка 149
   в SourceUtils.WebExport.Bsp.AmbientController.&lt;&gt;c__DisplayClass0_0.&lt;Get&gt;b__0(Int32 x) в D:\a\SourceUtils\SourceUtils\SourceUtils.WebExport\Bsp\AmbientCubes.cs:строка 53
   в System.Linq.Enumerable.WhereSelectEnumerableIterator`2.MoveNext()
   в Newtonsoft.Json.Serialization.JsonSerializerInternalWriter.SerializeList(JsonWriter writer, IEnumerable values, JsonArrayContract contract, JsonProperty member, JsonContainerContract collectionContract, JsonProperty containerProperty)
   в Newtonsoft.Json.Serialization.JsonSerializerInternalWriter.SerializeValue(JsonWriter writer, Object value, JsonContract valueContract, JsonProperty member, JsonContainerContract containerContract, JsonProperty containerProperty)
   в Newtonsoft.Json.Serialization.JsonSerializerInternalWriter.SerializeObject(JsonWriter writer, Object value, JsonObjectContract contract, JsonProperty member, JsonContainerContract collectionContract, JsonProperty containerProperty)
   в Newtonsoft.Json.Serialization.JsonSerializerInternalWriter.SerializeValue(JsonWriter writer, Object value, JsonContract valueContract, JsonProperty member, JsonContainerContract containerContract, JsonProperty containerProperty)
   в Newtonsoft.Json.Serialization.JsonSerializerInternalWriter.Serialize(JsonWriter jsonWriter, Object value, Type objectType)
   в Newtonsoft.Json.JsonSerializer.SerializeInternal(JsonWriter jsonWriter, Object value, Type objectType)
   в Newtonsoft.Json.Linq.JToken.FromObjectInternal(Object o, JsonSerializer jsonSerializer)
   в Newtonsoft.Json.Linq.JObject.FromObject(Object o, JsonSerializer jsonSerializer)
   в SourceUtils.WebExport.ResourceController.OnWriteObject(Object obj) в D:\a\SourceUtils\SourceUtils\SourceUtils.WebExport\ResourceController.cs:строка 378
   в lambda_method(Closure , Controller )
   в Ziks.WebServer.ControllerActionMap.TryInvokeAction(Controller controller, HttpListenerRequest request)
   в Ziks.WebServer.Controller.Service(HttpListenerContext context, Session session)
   --- Конец трассировки внутреннего стека исключений ---
    </code>
  </body>
</html>


<!DOCTYPE html>
<html>
  <head>
    <title>500: InternalServerError</title>
  </head>
  <body>
    <h2>500: InternalServerError</h2>
    Request:&nbsp;<code>
      http://localhost:39281/maps/surf_collaboration/geom/ambientpage2.json</code>
    <br />
    Message:&nbsp;<code>8192 is not &gt;= 0 and &lt; 0.</code>
    <br />
    <code style="padding:8px;white-space:pre-wrap;display:block;">
Ziks.WebServer.ControllerActionException: 8192 is not &gt;= 0 and &lt; 0. ---&gt; System.IndexOutOfRangeException: 8192 is not &gt;= 0 and &lt; 0.
   в SourceUtils.ValveBspFile.StructArrayLump`1.get_Item(Int32 index) в D:\a\SourceUtils\SourceUtils\SourceUtils\ValveBsp\ArrayLump.cs:строка 149
   в SourceUtils.WebExport.Bsp.AmbientController.&lt;&gt;c__DisplayClass0_0.&lt;Get&gt;b__0(Int32 x) в D:\a\SourceUtils\SourceUtils\SourceUtils.WebExport\Bsp\AmbientCubes.cs:строка 53
   в System.Linq.Enumerable.WhereSelectEnumerableIterator`2.MoveNext()
   в Newtonsoft.Json.Serialization.JsonSerializerInternalWriter.SerializeList(JsonWriter writer, IEnumerable values, JsonArrayContract contract, JsonProperty member, JsonContainerContract collectionContract, JsonProperty containerProperty)
   в Newtonsoft.Json.Serialization.JsonSerializerInternalWriter.SerializeValue(JsonWriter writer, Object value, JsonContract valueContract, JsonProperty member, JsonContainerContract containerContract, JsonProperty containerProperty)
   в Newtonsoft.Json.Serialization.JsonSerializerInternalWriter.SerializeObject(JsonWriter writer, Object value, JsonObjectContract contract, JsonProperty member, JsonContainerContract collectionContract, JsonProperty containerProperty)
   в Newtonsoft.Json.Serialization.JsonSerializerInternalWriter.SerializeValue(JsonWriter writer, Object value, JsonContract valueContract, JsonProperty member, JsonContainerContract containerContract, JsonProperty containerProperty)
   в Newtonsoft.Json.Serialization.JsonSerializerInternalWriter.Serialize(JsonWriter jsonWriter, Object value, Type objectType)
   в Newtonsoft.Json.JsonSerializer.SerializeInternal(JsonWriter jsonWriter, Object value, Type objectType)
   в Newtonsoft.Json.Linq.JToken.FromObjectInternal(Object o, JsonSerializer jsonSerializer)
   в Newtonsoft.Json.Linq.JObject.FromObject(Object o, JsonSerializer jsonSerializer)
   в SourceUtils.WebExport.ResourceController.OnWriteObject(Object obj) в D:\a\SourceUtils\SourceUtils\SourceUtils.WebExport\ResourceController.cs:строка 378
   в lambda_method(Closure , Controller )
   в Ziks.WebServer.ControllerActionMap.TryInvokeAction(Controller controller, HttpListenerRequest request)
   в Ziks.WebServer.Controller.Service(HttpListenerContext context, Session session)
   --- Конец трассировки внутреннего стека исключений ---
    </code>
  </body>
</html>


<!DOCTYPE html>
<html>
  <head>
    <title>500: InternalServerError</title>
  </head>
  <body>
    <h2>500: InternalServerError</h2>
    Request:&nbsp;<code>
      http://localhost:39281/maps/surf_color_njv/geom/ambientpage0.json</code>
    <br />
    Message:&nbsp;<code>1 is not &gt;= 0 and &lt; 0.</code>
    <br />
    <code style="padding:8px;white-space:pre-wrap;display:block;">
Ziks.WebServer.ControllerActionException: 1 is not &gt;= 0 and &lt; 0. ---&gt; System.IndexOutOfRangeException: 1 is not &gt;= 0 and &lt; 0.
   в SourceUtils.ValveBspFile.StructArrayLump`1.get_Item(Int32 index) в D:\a\SourceUtils\SourceUtils\SourceUtils\ValveBsp\ArrayLump.cs:строка 149
   в SourceUtils.WebExport.Bsp.AmbientController.&lt;&gt;c__DisplayClass0_0.&lt;Get&gt;b__0(Int32 x) в D:\a\SourceUtils\SourceUtils\SourceUtils.WebExport\Bsp\AmbientCubes.cs:строка 53
   в System.Linq.Enumerable.WhereSelectEnumerableIterator`2.MoveNext()
   в Newtonsoft.Json.Serialization.JsonSerializerInternalWriter.SerializeList(JsonWriter writer, IEnumerable values, JsonArrayContract contract, JsonProperty member, JsonContainerContract collectionContract, JsonProperty containerProperty)
   в Newtonsoft.Json.Serialization.JsonSerializerInternalWriter.SerializeValue(JsonWriter writer, Object value, JsonContract valueContract, JsonProperty member, JsonContainerContract containerContract, JsonProperty containerProperty)
   в Newtonsoft.Json.Serialization.JsonSerializerInternalWriter.SerializeObject(JsonWriter writer, Object value, JsonObjectContract contract, JsonProperty member, JsonContainerContract collectionContract, JsonProperty containerProperty)
   в Newtonsoft.Json.Serialization.JsonSerializerInternalWriter.SerializeValue(JsonWriter writer, Object value, JsonContract valueContract, JsonProperty member, JsonContainerContract containerContract, JsonProperty containerProperty)
   в Newtonsoft.Json.Serialization.JsonSerializerInternalWriter.Serialize(JsonWriter jsonWriter, Object value, Type objectType)
   в Newtonsoft.Json.JsonSerializer.SerializeInternal(JsonWriter jsonWriter, Object value, Type objectType)
   в Newtonsoft.Json.Linq.JToken.FromObjectInternal(Object o, JsonSerializer jsonSerializer)
   в Newtonsoft.Json.Linq.JObject.FromObject(Object o, JsonSerializer jsonSerializer)
   в SourceUtils.WebExport.ResourceController.OnWriteObject(Object obj) в D:\a\SourceUtils\SourceUtils\SourceUtils.WebExport\ResourceController.cs:строка 378
   в lambda_method(Closure , Controller )
   в Ziks.WebServer.ControllerActionMap.TryInvokeAction(Controller controller, HttpListenerRequest request)
   в Ziks.WebServer.Controller.Service(HttpListenerContext context, Session session)
   --- Конец трассировки внутреннего стека исключений ---
    </code>
  </body>
</html>


<!DOCTYPE html>
<html>
  <head>
    <title>500: InternalServerError</title>
  </head>
  <body>
    <h2>500: InternalServerError</h2>
    Request:&nbsp;<code>
      http://localhost:39281/maps/surf_color_njv/geom/ambientpage1.json</code>
    <br />
    Message:&nbsp;<code>4096 is not &gt;= 0 and &lt; 0.</code>
    <br />
    <code style="padding:8px;white-space:pre-wrap;display:block;">
Ziks.WebServer.ControllerActionException: 4096 is not &gt;= 0 and &lt; 0. ---&gt; System.IndexOutOfRangeException: 4096 is not &gt;= 0 and &lt; 0.
   в SourceUtils.ValveBspFile.StructArrayLump`1.get_Item(Int32 index) в D:\a\SourceUtils\SourceUtils\SourceUtils\ValveBsp\ArrayLump.cs:строка 149
   в SourceUtils.WebExport.Bsp.AmbientController.&lt;&gt;c__DisplayClass0_0.&lt;Get&gt;b__0(Int32 x) в D:\a\SourceUtils\SourceUtils\SourceUtils.WebExport\Bsp\AmbientCubes.cs:строка 53
   в System.Linq.Enumerable.WhereSelectEnumerableIterator`2.MoveNext()
   в Newtonsoft.Json.Serialization.JsonSerializerInternalWriter.SerializeList(JsonWriter writer, IEnumerable values, JsonArrayContract contract, JsonProperty member, JsonContainerContract collectionContract, JsonProperty containerProperty)
   в Newtonsoft.Json.Serialization.JsonSerializerInternalWriter.SerializeValue(JsonWriter writer, Object value, JsonContract valueContract, JsonProperty member, JsonContainerContract containerContract, JsonProperty containerProperty)
   в Newtonsoft.Json.Serialization.JsonSerializerInternalWriter.SerializeObject(JsonWriter writer, Object value, JsonObjectContract contract, JsonProperty member, JsonContainerContract collectionContract, JsonProperty containerProperty)
   в Newtonsoft.Json.Serialization.JsonSerializerInternalWriter.SerializeValue(JsonWriter writer, Object value, JsonContract valueContract, JsonProperty member, JsonContainerContract containerContract, JsonProperty containerProperty)
   в Newtonsoft.Json.Serialization.JsonSerializerInternalWriter.Serialize(JsonWriter jsonWriter, Object value, Type objectType)
   в Newtonsoft.Json.JsonSerializer.SerializeInternal(JsonWriter jsonWriter, Object value, Type objectType)
   в Newtonsoft.Json.Linq.JToken.FromObjectInternal(Object o, JsonSerializer jsonSerializer)
   в Newtonsoft.Json.Linq.JObject.FromObject(Object o, JsonSerializer jsonSerializer)
   в SourceUtils.WebExport.ResourceController.OnWriteObject(Object obj) в D:\a\SourceUtils\SourceUtils\SourceUtils.WebExport\ResourceController.cs:строка 378
   в lambda_method(Closure , Controller )
   в Ziks.WebServer.ControllerActionMap.TryInvokeAction(Controller controller, HttpListenerRequest request)
   в Ziks.WebServer.Controller.Service(HttpListenerContext context, Session session)
   --- Конец трассировки внутреннего стека исключений ---
    </code>
  </body>
</html>


<!DOCTYPE html>
<html>
  <head>
    <title>500: InternalServerError</title>
  </head>
  <body>
    <h2>500: InternalServerError</h2>
    Request:&nbsp;<code>
      http://localhost:39281/maps/surf_color_njv/geom/ambientpage2.json</code>
    <br />
    Message:&nbsp;<code>8192 is not &gt;= 0 and &lt; 0.</code>
    <br />
    <code style="padding:8px;white-space:pre-wrap;display:block;">
Ziks.WebServer.ControllerActionException: 8192 is not &gt;= 0 and &lt; 0. ---&gt; System.IndexOutOfRangeException: 8192 is not &gt;= 0 and &lt; 0.
   в SourceUtils.ValveBspFile.StructArrayLump`1.get_Item(Int32 index) в D:\a\SourceUtils\SourceUtils\SourceUtils\ValveBsp\ArrayLump.cs:строка 149
   в SourceUtils.WebExport.Bsp.AmbientController.&lt;&gt;c__DisplayClass0_0.&lt;Get&gt;b__0(Int32 x) в D:\a\SourceUtils\SourceUtils\SourceUtils.WebExport\Bsp\AmbientCubes.cs:строка 53
   в System.Linq.Enumerable.WhereSelectEnumerableIterator`2.MoveNext()
   в Newtonsoft.Json.Serialization.JsonSerializerInternalWriter.SerializeList(JsonWriter writer, IEnumerable values, JsonArrayContract contract, JsonProperty member, JsonContainerContract collectionContract, JsonProperty containerProperty)
   в Newtonsoft.Json.Serialization.JsonSerializerInternalWriter.SerializeValue(JsonWriter writer, Object value, JsonContract valueContract, JsonProperty member, JsonContainerContract containerContract, JsonProperty containerProperty)
   в Newtonsoft.Json.Serialization.JsonSerializerInternalWriter.SerializeObject(JsonWriter writer, Object value, JsonObjectContract contract, JsonProperty member, JsonContainerContract collectionContract, JsonProperty containerProperty)
   в Newtonsoft.Json.Serialization.JsonSerializerInternalWriter.SerializeValue(JsonWriter writer, Object value, JsonContract valueContract, JsonProperty member, JsonContainerContract containerContract, JsonProperty containerProperty)
   в Newtonsoft.Json.Serialization.JsonSerializerInternalWriter.Serialize(JsonWriter jsonWriter, Object value, Type objectType)
   в Newtonsoft.Json.JsonSerializer.SerializeInternal(JsonWriter jsonWriter, Object value, Type objectType)
   в Newtonsoft.Json.Linq.JToken.FromObjectInternal(Object o, JsonSerializer jsonSerializer)
   в Newtonsoft.Json.Linq.JObject.FromObject(Object o, JsonSerializer jsonSerializer)
   в SourceUtils.WebExport.ResourceController.OnWriteObject(Object obj) в D:\a\SourceUtils\SourceUtils\SourceUtils.WebExport\ResourceController.cs:строка 378
   в lambda_method(Closure , Controller )
   в Ziks.WebServer.ControllerActionMap.TryInvokeAction(Controller controller, HttpListenerRequest request)
   в Ziks.WebServer.Controller.Service(HttpListenerContext context, Session session)
   --- Конец трассировки внутреннего стека исключений ---
    </code>
  </body>
</html>


<!DOCTYPE html>
<html>
  <head>
    <title>500: InternalServerError</title>
  </head>
  <body>
    <h2>500: InternalServerError</h2>
    Request:&nbsp;<code>
      http://localhost:39281/maps/surf_commune_too_beta5/geom/ambientpage0.json</code>
    <br />
    Message:&nbsp;<code>1 is not &gt;= 0 and &lt; 0.</code>
    <br />
    <code style="padding:8px;white-space:pre-wrap;display:block;">
Ziks.WebServer.ControllerActionException: 1 is not &gt;= 0 and &lt; 0. ---&gt; System.IndexOutOfRangeException: 1 is not &gt;= 0 and &lt; 0.
   в SourceUtils.ValveBspFile.StructArrayLump`1.get_Item(Int32 index) в D:\a\SourceUtils\SourceUtils\SourceUtils\ValveBsp\ArrayLump.cs:строка 149
   в SourceUtils.WebExport.Bsp.AmbientController.&lt;&gt;c__DisplayClass0_0.&lt;Get&gt;b__0(Int32 x) в D:\a\SourceUtils\SourceUtils\SourceUtils.WebExport\Bsp\AmbientCubes.cs:строка 53
   в System.Linq.Enumerable.WhereSelectEnumerableIterator`2.MoveNext()
   в Newtonsoft.Json.Serialization.JsonSerializerInternalWriter.SerializeList(JsonWriter writer, IEnumerable values, JsonArrayContract contract, JsonProperty member, JsonContainerContract collectionContract, JsonProperty containerProperty)
   в Newtonsoft.Json.Serialization.JsonSerializerInternalWriter.SerializeValue(JsonWriter writer, Object value, JsonContract valueContract, JsonProperty member, JsonContainerContract containerContract, JsonProperty containerProperty)
   в Newtonsoft.Json.Serialization.JsonSerializerInternalWriter.SerializeObject(JsonWriter writer, Object value, JsonObjectContract contract, JsonProperty member, JsonContainerContract collectionContract, JsonProperty containerProperty)
   в Newtonsoft.Json.Serialization.JsonSerializerInternalWriter.SerializeValue(JsonWriter writer, Object value, JsonContract valueContract, JsonProperty member, JsonContainerContract containerContract, JsonProperty containerProperty)
   в Newtonsoft.Json.Serialization.JsonSerializerInternalWriter.Serialize(JsonWriter jsonWriter, Object value, Type objectType)
   в Newtonsoft.Json.JsonSerializer.SerializeInternal(JsonWriter jsonWriter, Object value, Type objectType)
   в Newtonsoft.Json.Linq.JToken.FromObjectInternal(Object o, JsonSerializer jsonSerializer)
   в Newtonsoft.Json.Linq.JObject.FromObject(Object o, JsonSerializer jsonSerializer)
   в SourceUtils.WebExport.ResourceController.OnWriteObject(Object obj) в D:\a\SourceUtils\SourceUtils\SourceUtils.WebExport\ResourceController.cs:строка 378
   в lambda_method(Closure , Controller )
   в Ziks.WebServer.ControllerActionMap.TryInvokeAction(Controller controller, HttpListenerRequest request)
   в Ziks.WebServer.Controller.Service(HttpListenerContext context, Session session)
   --- Конец трассировки внутреннего стека исключений ---
    </code>
  </body>
</html>


<!DOCTYPE html>
<html>
  <head>
    <title>500: InternalServerError</title>
  </head>
  <body>
    <h2>500: InternalServerError</h2>
    Request:&nbsp;<code>
      http://localhost:39281/maps/surf_commune_too_beta5/geom/ambientpage1.json</code>
    <br />
    Message:&nbsp;<code>4096 is not &gt;= 0 and &lt; 0.</code>
    <br />
    <code style="padding:8px;white-space:pre-wrap;display:block;">
Ziks.WebServer.ControllerActionException: 4096 is not &gt;= 0 and &lt; 0. ---&gt; System.IndexOutOfRangeException: 4096 is not &gt;= 0 and &lt; 0.
   в SourceUtils.ValveBspFile.StructArrayLump`1.get_Item(Int32 index) в D:\a\SourceUtils\SourceUtils\SourceUtils\ValveBsp\ArrayLump.cs:строка 149
   в SourceUtils.WebExport.Bsp.AmbientController.&lt;&gt;c__DisplayClass0_0.&lt;Get&gt;b__0(Int32 x) в D:\a\SourceUtils\SourceUtils\SourceUtils.WebExport\Bsp\AmbientCubes.cs:строка 53
   в System.Linq.Enumerable.WhereSelectEnumerableIterator`2.MoveNext()
   в Newtonsoft.Json.Serialization.JsonSerializerInternalWriter.SerializeList(JsonWriter writer, IEnumerable values, JsonArrayContract contract, JsonProperty member, JsonContainerContract collectionContract, JsonProperty containerProperty)
   в Newtonsoft.Json.Serialization.JsonSerializerInternalWriter.SerializeValue(JsonWriter writer, Object value, JsonContract valueContract, JsonProperty member, JsonContainerContract containerContract, JsonProperty containerProperty)
   в Newtonsoft.Json.Serialization.JsonSerializerInternalWriter.SerializeObject(JsonWriter writer, Object value, JsonObjectContract contract, JsonProperty member, JsonContainerContract collectionContract, JsonProperty containerProperty)
   в Newtonsoft.Json.Serialization.JsonSerializerInternalWriter.SerializeValue(JsonWriter writer, Object value, JsonContract valueContract, JsonProperty member, JsonContainerContract containerContract, JsonProperty containerProperty)
   в Newtonsoft.Json.Serialization.JsonSerializerInternalWriter.Serialize(JsonWriter jsonWriter, Object value, Type objectType)
   в Newtonsoft.Json.JsonSerializer.SerializeInternal(JsonWriter jsonWriter, Object value, Type objectType)
   в Newtonsoft.Json.Linq.JToken.FromObjectInternal(Object o, JsonSerializer jsonSerializer)
   в Newtonsoft.Json.Linq.JObject.FromObject(Object o, JsonSerializer jsonSerializer)
   в SourceUtils.WebExport.ResourceController.OnWriteObject(Object obj) в D:\a\SourceUtils\SourceUtils\SourceUtils.WebExport\ResourceController.cs:строка 378
   в lambda_method(Closure , Controller )
   в Ziks.WebServer.ControllerActionMap.TryInvokeAction(Controller controller, HttpListenerRequest request)
   в Ziks.WebServer.Controller.Service(HttpListenerContext context, Session session)
   --- Конец трассировки внутреннего стека исключений ---
    </code>
  </body>
</html>


<!DOCTYPE html>
<html>
  <head>
    <title>500: InternalServerError</title>
  </head>
  <body>
    <h2>500: InternalServerError</h2>
    Request:&nbsp;<code>
      http://localhost:39281/maps/surf_commune_too_beta5/geom/ambientpage2.json</code>
    <br />
    Message:&nbsp;<code>8192 is not &gt;= 0 and &lt; 0.</code>
    <br />
    <code style="padding:8px;white-space:pre-wrap;display:block;">
Ziks.WebServer.ControllerActionException: 8192 is not &gt;= 0 and &lt; 0. ---&gt; System.IndexOutOfRangeException: 8192 is not &gt;= 0 and &lt; 0.
   в SourceUtils.ValveBspFile.StructArrayLump`1.get_Item(Int32 index) в D:\a\SourceUtils\SourceUtils\SourceUtils\ValveBsp\ArrayLump.cs:строка 149
   в SourceUtils.WebExport.Bsp.AmbientController.&lt;&gt;c__DisplayClass0_0.&lt;Get&gt;b__0(Int32 x) в D:\a\SourceUtils\SourceUtils\SourceUtils.WebExport\Bsp\AmbientCubes.cs:строка 53
   в System.Linq.Enumerable.WhereSelectEnumerableIterator`2.MoveNext()
   в Newtonsoft.Json.Serialization.JsonSerializerInternalWriter.SerializeList(JsonWriter writer, IEnumerable values, JsonArrayContract contract, JsonProperty member, JsonContainerContract collectionContract, JsonProperty containerProperty)
   в Newtonsoft.Json.Serialization.JsonSerializerInternalWriter.SerializeValue(JsonWriter writer, Object value, JsonContract valueContract, JsonProperty member, JsonContainerContract containerContract, JsonProperty containerProperty)
   в Newtonsoft.Json.Serialization.JsonSerializerInternalWriter.SerializeObject(JsonWriter writer, Object value, JsonObjectContract contract, JsonProperty member, JsonContainerContract collectionContract, JsonProperty containerProperty)
   в Newtonsoft.Json.Serialization.JsonSerializerInternalWriter.SerializeValue(JsonWriter writer, Object value, JsonContract valueContract, JsonProperty member, JsonContainerContract containerContract, JsonProperty containerProperty)
   в Newtonsoft.Json.Serialization.JsonSerializerInternalWriter.Serialize(JsonWriter jsonWriter, Object value, Type objectType)
   в Newtonsoft.Json.JsonSerializer.SerializeInternal(JsonWriter jsonWriter, Object value, Type objectType)
   в Newtonsoft.Json.Linq.JToken.FromObjectInternal(Object o, JsonSerializer jsonSerializer)
   в Newtonsoft.Json.Linq.JObject.FromObject(Object o, JsonSerializer jsonSerializer)
   в SourceUtils.WebExport.ResourceController.OnWriteObject(Object obj) в D:\a\SourceUtils\SourceUtils\SourceUtils.WebExport\ResourceController.cs:строка 378
   в lambda_method(Closure , Controller )
   в Ziks.WebServer.ControllerActionMap.TryInvokeAction(Controller controller, HttpListenerRequest request)
   в Ziks.WebServer.Controller.Service(HttpListenerContext context, Session session)
   --- Конец трассировки внутреннего стека исключений ---
    </code>
  </body>
</html>


<!DOCTYPE html>
<html>
  <head>
    <title>500: InternalServerError</title>
  </head>
  <body>
    <h2>500: InternalServerError</h2>
    Request:&nbsp;<code>
      http://localhost:39281/maps/surf_commune_too_beta5/geom/ambientpage3.json</code>
    <br />
    Message:&nbsp;<code>12288 is not &gt;= 0 and &lt; 0.</code>
    <br />
    <code style="padding:8px;white-space:pre-wrap;display:block;">
Ziks.WebServer.ControllerActionException: 12288 is not &gt;= 0 and &lt; 0. ---&gt; System.IndexOutOfRangeException: 12288 is not &gt;= 0 and &lt; 0.
   в SourceUtils.ValveBspFile.StructArrayLump`1.get_Item(Int32 index) в D:\a\SourceUtils\SourceUtils\SourceUtils\ValveBsp\ArrayLump.cs:строка 149
   в SourceUtils.WebExport.Bsp.AmbientController.&lt;&gt;c__DisplayClass0_0.&lt;Get&gt;b__0(Int32 x) в D:\a\SourceUtils\SourceUtils\SourceUtils.WebExport\Bsp\AmbientCubes.cs:строка 53
   в System.Linq.Enumerable.WhereSelectEnumerableIterator`2.MoveNext()
   в Newtonsoft.Json.Serialization.JsonSerializerInternalWriter.SerializeList(JsonWriter writer, IEnumerable values, JsonArrayContract contract, JsonProperty member, JsonContainerContract collectionContract, JsonProperty containerProperty)
   в Newtonsoft.Json.Serialization.JsonSerializerInternalWriter.SerializeValue(JsonWriter writer, Object value, JsonContract valueContract, JsonProperty member, JsonContainerContract containerContract, JsonProperty containerProperty)
   в Newtonsoft.Json.Serialization.JsonSerializerInternalWriter.SerializeObject(JsonWriter writer, Object value, JsonObjectContract contract, JsonProperty member, JsonContainerContract collectionContract, JsonProperty containerProperty)
   в Newtonsoft.Json.Serialization.JsonSerializerInternalWriter.SerializeValue(JsonWriter writer, Object value, JsonContract valueContract, JsonProperty member, JsonContainerContract containerContract, JsonProperty containerProperty)
   в Newtonsoft.Json.Serialization.JsonSerializerInternalWriter.Serialize(JsonWriter jsonWriter, Object value, Type objectType)
   в Newtonsoft.Json.JsonSerializer.SerializeInternal(JsonWriter jsonWriter, Object value, Type objectType)
   в Newtonsoft.Json.Linq.JToken.FromObjectInternal(Object o, JsonSerializer jsonSerializer)
   в Newtonsoft.Json.Linq.JObject.FromObject(Object o, JsonSerializer jsonSerializer)
   в SourceUtils.WebExport.ResourceController.OnWriteObject(Object obj) в D:\a\SourceUtils\SourceUtils\SourceUtils.WebExport\ResourceController.cs:строка 378
   в lambda_method(Closure , Controller )
   в Ziks.WebServer.ControllerActionMap.TryInvokeAction(Controller controller, HttpListenerRequest request)
   в Ziks.WebServer.Controller.Service(HttpListenerContext context, Session session)
   --- Конец трассировки внутреннего стека исключений ---
    </code>
  </body>
</html>


<!DOCTYPE html>
<html>
  <head>
    <title>500: InternalServerError</title>
  </head>
  <body>
    <h2>500: InternalServerError</h2>
    Request:&nbsp;<code>
      http://localhost:39281/maps/surf_compact/geom/ambientpage0.json</code>
    <br />
    Message:&nbsp;<code>1 is not &gt;= 0 and &lt; 0.</code>
    <br />
    <code style="padding:8px;white-space:pre-wrap;display:block;">
Ziks.WebServer.ControllerActionException: 1 is not &gt;= 0 and &lt; 0. ---&gt; System.IndexOutOfRangeException: 1 is not &gt;= 0 and &lt; 0.
   в SourceUtils.ValveBspFile.StructArrayLump`1.get_Item(Int32 index) в D:\a\SourceUtils\SourceUtils\SourceUtils\ValveBsp\ArrayLump.cs:строка 149
   в SourceUtils.WebExport.Bsp.AmbientController.&lt;&gt;c__DisplayClass0_0.&lt;Get&gt;b__0(Int32 x) в D:\a\SourceUtils\SourceUtils\SourceUtils.WebExport\Bsp\AmbientCubes.cs:строка 53
   в System.Linq.Enumerable.WhereSelectEnumerableIterator`2.MoveNext()
   в Newtonsoft.Json.Serialization.JsonSerializerInternalWriter.SerializeList(JsonWriter writer, IEnumerable values, JsonArrayContract contract, JsonProperty member, JsonContainerContract collectionContract, JsonProperty containerProperty)
   в Newtonsoft.Json.Serialization.JsonSerializerInternalWriter.SerializeValue(JsonWriter writer, Object value, JsonContract valueContract, JsonProperty member, JsonContainerContract containerContract, JsonProperty containerProperty)
   в Newtonsoft.Json.Serialization.JsonSerializerInternalWriter.SerializeObject(JsonWriter writer, Object value, JsonObjectContract contract, JsonProperty member, JsonContainerContract collectionContract, JsonProperty containerProperty)
   в Newtonsoft.Json.Serialization.JsonSerializerInternalWriter.SerializeValue(JsonWriter writer, Object value, JsonContract valueContract, JsonProperty member, JsonContainerContract containerContract, JsonProperty containerProperty)
   в Newtonsoft.Json.Serialization.JsonSerializerInternalWriter.Serialize(JsonWriter jsonWriter, Object value, Type objectType)
   в Newtonsoft.Json.JsonSerializer.SerializeInternal(JsonWriter jsonWriter, Object value, Type objectType)
   в Newtonsoft.Json.Linq.JToken.FromObjectInternal(Object o, JsonSerializer jsonSerializer)
   в Newtonsoft.Json.Linq.JObject.FromObject(Object o, JsonSerializer jsonSerializer)
   в SourceUtils.WebExport.ResourceController.OnWriteObject(Object obj) в D:\a\SourceUtils\SourceUtils\SourceUtils.WebExport\ResourceController.cs:строка 378
   в lambda_method(Closure , Controller )
   в Ziks.WebServer.ControllerActionMap.TryInvokeAction(Controller controller, HttpListenerRequest request)
   в Ziks.WebServer.Controller.Service(HttpListenerContext context, Session session)
   --- Конец трассировки внутреннего стека исключений ---
    </code>
  </body>
</html>


<!DOCTYPE html>
<html>
  <head>
    <title>500: InternalServerError</title>
  </head>
  <body>
    <h2>500: InternalServerError</h2>
    Request:&nbsp;<code>
      http://localhost:39281/maps/surf_compact/geom/ambientpage1.json</code>
    <br />
    Message:&nbsp;<code>4096 is not &gt;= 0 and &lt; 0.</code>
    <br />
    <code style="padding:8px;white-space:pre-wrap;display:block;">
Ziks.WebServer.ControllerActionException: 4096 is not &gt;= 0 and &lt; 0. ---&gt; System.IndexOutOfRangeException: 4096 is not &gt;= 0 and &lt; 0.
   в SourceUtils.ValveBspFile.StructArrayLump`1.get_Item(Int32 index) в D:\a\SourceUtils\SourceUtils\SourceUtils\ValveBsp\ArrayLump.cs:строка 149
   в SourceUtils.WebExport.Bsp.AmbientController.&lt;&gt;c__DisplayClass0_0.&lt;Get&gt;b__0(Int32 x) в D:\a\SourceUtils\SourceUtils\SourceUtils.WebExport\Bsp\AmbientCubes.cs:строка 53
   в System.Linq.Enumerable.WhereSelectEnumerableIterator`2.MoveNext()
   в Newtonsoft.Json.Serialization.JsonSerializerInternalWriter.SerializeList(JsonWriter writer, IEnumerable values, JsonArrayContract contract, JsonProperty member, JsonContainerContract collectionContract, JsonProperty containerProperty)
   в Newtonsoft.Json.Serialization.JsonSerializerInternalWriter.SerializeValue(JsonWriter writer, Object value, JsonContract valueContract, JsonProperty member, JsonContainerContract containerContract, JsonProperty containerProperty)
   в Newtonsoft.Json.Serialization.JsonSerializerInternalWriter.SerializeObject(JsonWriter writer, Object value, JsonObjectContract contract, JsonProperty member, JsonContainerContract collectionContract, JsonProperty containerProperty)
   в Newtonsoft.Json.Serialization.JsonSerializerInternalWriter.SerializeValue(JsonWriter writer, Object value, JsonContract valueContract, JsonProperty member, JsonContainerContract containerContract, JsonProperty containerProperty)
   в Newtonsoft.Json.Serialization.JsonSerializerInternalWriter.Serialize(JsonWriter jsonWriter, Object value, Type objectType)
   в Newtonsoft.Json.JsonSerializer.SerializeInternal(JsonWriter jsonWriter, Object value, Type objectType)
   в Newtonsoft.Json.Linq.JToken.FromObjectInternal(Object o, JsonSerializer jsonSerializer)
   в Newtonsoft.Json.Linq.JObject.FromObject(Object o, JsonSerializer jsonSerializer)
   в SourceUtils.WebExport.ResourceController.OnWriteObject(Object obj) в D:\a\SourceUtils\SourceUtils\SourceUtils.WebExport\ResourceController.cs:строка 378
   в lambda_method(Closure , Controller )
   в Ziks.WebServer.ControllerActionMap.TryInvokeAction(Controller controller, HttpListenerRequest request)
   в Ziks.WebServer.Controller.Service(HttpListenerContext context, Session session)
   --- Конец трассировки внутреннего стека исключений ---
    </code>
  </body>
</html>


<!DOCTYPE html>
<html>
  <head>
    <title>500: InternalServerError</title>
  </head>
  <body>
    <h2>500: InternalServerError</h2>
    Request:&nbsp;<code>
      http://localhost:39281/maps/surf_compact/geom/ambientpage2.json</code>
    <br />
    Message:&nbsp;<code>8192 is not &gt;= 0 and &lt; 0.</code>
    <br />
    <code style="padding:8px;white-space:pre-wrap;display:block;">
Ziks.WebServer.ControllerActionException: 8192 is not &gt;= 0 and &lt; 0. ---&gt; System.IndexOutOfRangeException: 8192 is not &gt;= 0 and &lt; 0.
   в SourceUtils.ValveBspFile.StructArrayLump`1.get_Item(Int32 index) в D:\a\SourceUtils\SourceUtils\SourceUtils\ValveBsp\ArrayLump.cs:строка 149
   в SourceUtils.WebExport.Bsp.AmbientController.&lt;&gt;c__DisplayClass0_0.&lt;Get&gt;b__0(Int32 x) в D:\a\SourceUtils\SourceUtils\SourceUtils.WebExport\Bsp\AmbientCubes.cs:строка 53
   в System.Linq.Enumerable.WhereSelectEnumerableIterator`2.MoveNext()
   в Newtonsoft.Json.Serialization.JsonSerializerInternalWriter.SerializeList(JsonWriter writer, IEnumerable values, JsonArrayContract contract, JsonProperty member, JsonContainerContract collectionContract, JsonProperty containerProperty)
   в Newtonsoft.Json.Serialization.JsonSerializerInternalWriter.SerializeValue(JsonWriter writer, Object value, JsonContract valueContract, JsonProperty member, JsonContainerContract containerContract, JsonProperty containerProperty)
   в Newtonsoft.Json.Serialization.JsonSerializerInternalWriter.SerializeObject(JsonWriter writer, Object value, JsonObjectContract contract, JsonProperty member, JsonContainerContract collectionContract, JsonProperty containerProperty)
   в Newtonsoft.Json.Serialization.JsonSerializerInternalWriter.SerializeValue(JsonWriter writer, Object value, JsonContract valueContract, JsonProperty member, JsonContainerContract containerContract, JsonProperty containerProperty)
   в Newtonsoft.Json.Serialization.JsonSerializerInternalWriter.Serialize(JsonWriter jsonWriter, Object value, Type objectType)
   в Newtonsoft.Json.JsonSerializer.SerializeInternal(JsonWriter jsonWriter, Object value, Type objectType)
   в Newtonsoft.Json.Linq.JToken.FromObjectInternal(Object o, JsonSerializer jsonSerializer)
   в Newtonsoft.Json.Linq.JObject.FromObject(Object o, JsonSerializer jsonSerializer)
   в SourceUtils.WebExport.ResourceController.OnWriteObject(Object obj) в D:\a\SourceUtils\SourceUtils\SourceUtils.WebExport\ResourceController.cs:строка 378
   в lambda_method(Closure , Controller )
   в Ziks.WebServer.ControllerActionMap.TryInvokeAction(Controller controller, HttpListenerRequest request)
   в Ziks.WebServer.Controller.Service(HttpListenerContext context, Session session)
   --- Конец трассировки внутреннего стека исключений ---
    </code>
  </body>
</html>


<!DOCTYPE html>
<html>
  <head>
    <title>500: InternalServerError</title>
  </head>
  <body>
    <h2>500: InternalServerError</h2>
    Request:&nbsp;<code>
      http://localhost:39281/maps/surf_compact/geom/ambientpage3.json</code>
    <br />
    Message:&nbsp;<code>12288 is not &gt;= 0 and &lt; 0.</code>
    <br />
    <code style="padding:8px;white-space:pre-wrap;display:block;">
Ziks.WebServer.ControllerActionException: 12288 is not &gt;= 0 and &lt; 0. ---&gt; System.IndexOutOfRangeException: 12288 is not &gt;= 0 and &lt; 0.
   в SourceUtils.ValveBspFile.StructArrayLump`1.get_Item(Int32 index) в D:\a\SourceUtils\SourceUtils\SourceUtils\ValveBsp\ArrayLump.cs:строка 149
   в SourceUtils.WebExport.Bsp.AmbientController.&lt;&gt;c__DisplayClass0_0.&lt;Get&gt;b__0(Int32 x) в D:\a\SourceUtils\SourceUtils\SourceUtils.WebExport\Bsp\AmbientCubes.cs:строка 53
   в System.Linq.Enumerable.WhereSelectEnumerableIterator`2.MoveNext()
   в Newtonsoft.Json.Serialization.JsonSerializerInternalWriter.SerializeList(JsonWriter writer, IEnumerable values, JsonArrayContract contract, JsonProperty member, JsonContainerContract collectionContract, JsonProperty containerProperty)
   в Newtonsoft.Json.Serialization.JsonSerializerInternalWriter.SerializeValue(JsonWriter writer, Object value, JsonContract valueContract, JsonProperty member, JsonContainerContract containerContract, JsonProperty containerProperty)
   в Newtonsoft.Json.Serialization.JsonSerializerInternalWriter.SerializeObject(JsonWriter writer, Object value, JsonObjectContract contract, JsonProperty member, JsonContainerContract collectionContract, JsonProperty containerProperty)
   в Newtonsoft.Json.Serialization.JsonSerializerInternalWriter.SerializeValue(JsonWriter writer, Object value, JsonContract valueContract, JsonProperty member, JsonContainerContract containerContract, JsonProperty containerProperty)
   в Newtonsoft.Json.Serialization.JsonSerializerInternalWriter.Serialize(JsonWriter jsonWriter, Object value, Type objectType)
   в Newtonsoft.Json.JsonSerializer.SerializeInternal(JsonWriter jsonWriter, Object value, Type objectType)
   в Newtonsoft.Json.Linq.JToken.FromObjectInternal(Object o, JsonSerializer jsonSerializer)
   в Newtonsoft.Json.Linq.JObject.FromObject(Object o, JsonSerializer jsonSerializer)
   в SourceUtils.WebExport.ResourceController.OnWriteObject(Object obj) в D:\a\SourceUtils\SourceUtils\SourceUtils.WebExport\ResourceController.cs:строка 378
   в lambda_method(Closure , Controller )
   в Ziks.WebServer.ControllerActionMap.TryInvokeAction(Controller controller, HttpListenerRequest request)
   в Ziks.WebServer.Controller.Service(HttpListenerContext context, Session session)
   --- Конец трассировки внутреннего стека исключений ---
    </code>
  </body>
</html>


<!DOCTYPE html>
<html>
  <head>
    <title>500: InternalServerError</title>
  </head>
  <body>
    <h2>500: InternalServerError</h2>
    Request:&nbsp;<code>
      http://localhost:39281/maps/surf_compulsive_h/geom/ambientpage0.json</code>
    <br />
    Message:&nbsp;<code>1 is not &gt;= 0 and &lt; 0.</code>
    <br />
    <code style="padding:8px;white-space:pre-wrap;display:block;">
Ziks.WebServer.ControllerActionException: 1 is not &gt;= 0 and &lt; 0. ---&gt; System.IndexOutOfRangeException: 1 is not &gt;= 0 and &lt; 0.
   в SourceUtils.ValveBspFile.StructArrayLump`1.get_Item(Int32 index) в D:\a\SourceUtils\SourceUtils\SourceUtils\ValveBsp\ArrayLump.cs:строка 149
   в SourceUtils.WebExport.Bsp.AmbientController.&lt;&gt;c__DisplayClass0_0.&lt;Get&gt;b__0(Int32 x) в D:\a\SourceUtils\SourceUtils\SourceUtils.WebExport\Bsp\AmbientCubes.cs:строка 53
   в System.Linq.Enumerable.WhereSelectEnumerableIterator`2.MoveNext()
   в Newtonsoft.Json.Serialization.JsonSerializerInternalWriter.SerializeList(JsonWriter writer, IEnumerable values, JsonArrayContract contract, JsonProperty member, JsonContainerContract collectionContract, JsonProperty containerProperty)
   в Newtonsoft.Json.Serialization.JsonSerializerInternalWriter.SerializeValue(JsonWriter writer, Object value, JsonContract valueContract, JsonProperty member, JsonContainerContract containerContract, JsonProperty containerProperty)
   в Newtonsoft.Json.Serialization.JsonSerializerInternalWriter.SerializeObject(JsonWriter writer, Object value, JsonObjectContract contract, JsonProperty member, JsonContainerContract collectionContract, JsonProperty containerProperty)
   в Newtonsoft.Json.Serialization.JsonSerializerInternalWriter.SerializeValue(JsonWriter writer, Object value, JsonContract valueContract, JsonProperty member, JsonContainerContract containerContract, JsonProperty containerProperty)
   в Newtonsoft.Json.Serialization.JsonSerializerInternalWriter.Serialize(JsonWriter jsonWriter, Object value, Type objectType)
   в Newtonsoft.Json.JsonSerializer.SerializeInternal(JsonWriter jsonWriter, Object value, Type objectType)
   в Newtonsoft.Json.Linq.JToken.FromObjectInternal(Object o, JsonSerializer jsonSerializer)
   в Newtonsoft.Json.Linq.JObject.FromObject(Object o, JsonSerializer jsonSerializer)
   в SourceUtils.WebExport.ResourceController.OnWriteObject(Object obj) в D:\a\SourceUtils\SourceUtils\SourceUtils.WebExport\ResourceController.cs:строка 378
   в lambda_method(Closure , Controller )
   в Ziks.WebServer.ControllerActionMap.TryInvokeAction(Controller controller, HttpListenerRequest request)
   в Ziks.WebServer.Controller.Service(HttpListenerContext context, Session session)
   --- Конец трассировки внутреннего стека исключений ---
    </code>
  </body>
</html>


<!DOCTYPE html>
<html>
  <head>
    <title>500: InternalServerError</title>
  </head>
  <body>
    <h2>500: InternalServerError</h2>
    Request:&nbsp;<code>
      http://localhost:39281/maps/surf_compulsive_h/geom/ambientpage1.json</code>
    <br />
    Message:&nbsp;<code>4096 is not &gt;= 0 and &lt; 0.</code>
    <br />
    <code style="padding:8px;white-space:pre-wrap;display:block;">
Ziks.WebServer.ControllerActionException: 4096 is not &gt;= 0 and &lt; 0. ---&gt; System.IndexOutOfRangeException: 4096 is not &gt;= 0 and &lt; 0.
   в SourceUtils.ValveBspFile.StructArrayLump`1.get_Item(Int32 index) в D:\a\SourceUtils\SourceUtils\SourceUtils\ValveBsp\ArrayLump.cs:строка 149
   в SourceUtils.WebExport.Bsp.AmbientController.&lt;&gt;c__DisplayClass0_0.&lt;Get&gt;b__0(Int32 x) в D:\a\SourceUtils\SourceUtils\SourceUtils.WebExport\Bsp\AmbientCubes.cs:строка 53
   в System.Linq.Enumerable.WhereSelectEnumerableIterator`2.MoveNext()
   в Newtonsoft.Json.Serialization.JsonSerializerInternalWriter.SerializeList(JsonWriter writer, IEnumerable values, JsonArrayContract contract, JsonProperty member, JsonContainerContract collectionContract, JsonProperty containerProperty)
   в Newtonsoft.Json.Serialization.JsonSerializerInternalWriter.SerializeValue(JsonWriter writer, Object value, JsonContract valueContract, JsonProperty member, JsonContainerContract containerContract, JsonProperty containerProperty)
   в Newtonsoft.Json.Serialization.JsonSerializerInternalWriter.SerializeObject(JsonWriter writer, Object value, JsonObjectContract contract, JsonProperty member, JsonContainerContract collectionContract, JsonProperty containerProperty)
   в Newtonsoft.Json.Serialization.JsonSerializerInternalWriter.SerializeValue(JsonWriter writer, Object value, JsonContract valueContract, JsonProperty member, JsonContainerContract containerContract, JsonProperty containerProperty)
   в Newtonsoft.Json.Serialization.JsonSerializerInternalWriter.Serialize(JsonWriter jsonWriter, Object value, Type objectType)
   в Newtonsoft.Json.JsonSerializer.SerializeInternal(JsonWriter jsonWriter, Object value, Type objectType)
   в Newtonsoft.Json.Linq.JToken.FromObjectInternal(Object o, JsonSerializer jsonSerializer)
   в Newtonsoft.Json.Linq.JObject.FromObject(Object o, JsonSerializer jsonSerializer)
   в SourceUtils.WebExport.ResourceController.OnWriteObject(Object obj) в D:\a\SourceUtils\SourceUtils\SourceUtils.WebExport\ResourceController.cs:строка 378
   в lambda_method(Closure , Controller )
   в Ziks.WebServer.ControllerActionMap.TryInvokeAction(Controller controller, HttpListenerRequest request)
   в Ziks.WebServer.Controller.Service(HttpListenerContext context, Session session)
   --- Конец трассировки внутреннего стека исключений ---
    </code>
  </body>
</html>


<!DOCTYPE html>
<html>
  <head>
    <title>500: InternalServerError</title>
  </head>
  <body>
    <h2>500: InternalServerError</h2>
    Request:&nbsp;<code>
      http://localhost:39281/maps/surf_compulsive_h/geom/ambientpage2.json</code>
    <br />
    Message:&nbsp;<code>8192 is not &gt;= 0 and &lt; 0.</code>
    <br />
    <code style="padding:8px;white-space:pre-wrap;display:block;">
Ziks.WebServer.ControllerActionException: 8192 is not &gt;= 0 and &lt; 0. ---&gt; System.IndexOutOfRangeException: 8192 is not &gt;= 0 and &lt; 0.
   в SourceUtils.ValveBspFile.StructArrayLump`1.get_Item(Int32 index) в D:\a\SourceUtils\SourceUtils\SourceUtils\ValveBsp\ArrayLump.cs:строка 149
   в SourceUtils.WebExport.Bsp.AmbientController.&lt;&gt;c__DisplayClass0_0.&lt;Get&gt;b__0(Int32 x) в D:\a\SourceUtils\SourceUtils\SourceUtils.WebExport\Bsp\AmbientCubes.cs:строка 53
   в System.Linq.Enumerable.WhereSelectEnumerableIterator`2.MoveNext()
   в Newtonsoft.Json.Serialization.JsonSerializerInternalWriter.SerializeList(JsonWriter writer, IEnumerable values, JsonArrayContract contract, JsonProperty member, JsonContainerContract collectionContract, JsonProperty containerProperty)
   в Newtonsoft.Json.Serialization.JsonSerializerInternalWriter.SerializeValue(JsonWriter writer, Object value, JsonContract valueContract, JsonProperty member, JsonContainerContract containerContract, JsonProperty containerProperty)
   в Newtonsoft.Json.Serialization.JsonSerializerInternalWriter.SerializeObject(JsonWriter writer, Object value, JsonObjectContract contract, JsonProperty member, JsonContainerContract collectionContract, JsonProperty containerProperty)
   в Newtonsoft.Json.Serialization.JsonSerializerInternalWriter.SerializeValue(JsonWriter writer, Object value, JsonContract valueContract, JsonProperty member, JsonContainerContract containerContract, JsonProperty containerProperty)
   в Newtonsoft.Json.Serialization.JsonSerializerInternalWriter.Serialize(JsonWriter jsonWriter, Object value, Type objectType)
   в Newtonsoft.Json.JsonSerializer.SerializeInternal(JsonWriter jsonWriter, Object value, Type objectType)
   в Newtonsoft.Json.Linq.JToken.FromObjectInternal(Object o, JsonSerializer jsonSerializer)
   в Newtonsoft.Json.Linq.JObject.FromObject(Object o, JsonSerializer jsonSerializer)
   в SourceUtils.WebExport.ResourceController.OnWriteObject(Object obj) в D:\a\SourceUtils\SourceUtils\SourceUtils.WebExport\ResourceController.cs:строка 378
   в lambda_method(Closure , Controller )
   в Ziks.WebServer.ControllerActionMap.TryInvokeAction(Controller controller, HttpListenerRequest request)
   в Ziks.WebServer.Controller.Service(HttpListenerContext context, Session session)
   --- Конец трассировки внутреннего стека исключений ---
    </code>
  </body>
</html>


<!DOCTYPE html>
<html>
  <head>
    <title>500: InternalServerError</title>
  </head>
  <body>
    <h2>500: InternalServerError</h2>
    Request:&nbsp;<code>
      http://localhost:39281/maps/surf_compulsive_njv/geom/ambientpage0.json</code>
    <br />
    Message:&nbsp;<code>1 is not &gt;= 0 and &lt; 0.</code>
    <br />
    <code style="padding:8px;white-space:pre-wrap;display:block;">
Ziks.WebServer.ControllerActionException: 1 is not &gt;= 0 and &lt; 0. ---&gt; System.IndexOutOfRangeException: 1 is not &gt;= 0 and &lt; 0.
   в SourceUtils.ValveBspFile.StructArrayLump`1.get_Item(Int32 index) в D:\a\SourceUtils\SourceUtils\SourceUtils\ValveBsp\ArrayLump.cs:строка 149
   в SourceUtils.WebExport.Bsp.AmbientController.&lt;&gt;c__DisplayClass0_0.&lt;Get&gt;b__0(Int32 x) в D:\a\SourceUtils\SourceUtils\SourceUtils.WebExport\Bsp\AmbientCubes.cs:строка 53
   в System.Linq.Enumerable.WhereSelectEnumerableIterator`2.MoveNext()
   в Newtonsoft.Json.Serialization.JsonSerializerInternalWriter.SerializeList(JsonWriter writer, IEnumerable values, JsonArrayContract contract, JsonProperty member, JsonContainerContract collectionContract, JsonProperty containerProperty)
   в Newtonsoft.Json.Serialization.JsonSerializerInternalWriter.SerializeValue(JsonWriter writer, Object value, JsonContract valueContract, JsonProperty member, JsonContainerContract containerContract, JsonProperty containerProperty)
   в Newtonsoft.Json.Serialization.JsonSerializerInternalWriter.SerializeObject(JsonWriter writer, Object value, JsonObjectContract contract, JsonProperty member, JsonContainerContract collectionContract, JsonProperty containerProperty)
   в Newtonsoft.Json.Serialization.JsonSerializerInternalWriter.SerializeValue(JsonWriter writer, Object value, JsonContract valueContract, JsonProperty member, JsonContainerContract containerContract, JsonProperty containerProperty)
   в Newtonsoft.Json.Serialization.JsonSerializerInternalWriter.Serialize(JsonWriter jsonWriter, Object value, Type objectType)
   в Newtonsoft.Json.JsonSerializer.SerializeInternal(JsonWriter jsonWriter, Object value, Type objectType)
   в Newtonsoft.Json.Linq.JToken.FromObjectInternal(Object o, JsonSerializer jsonSerializer)
   в Newtonsoft.Json.Linq.JObject.FromObject(Object o, JsonSerializer jsonSerializer)
   в SourceUtils.WebExport.ResourceController.OnWriteObject(Object obj) в D:\a\SourceUtils\SourceUtils\SourceUtils.WebExport\ResourceController.cs:строка 378
   в lambda_method(Closure , Controller )
   в Ziks.WebServer.ControllerActionMap.TryInvokeAction(Controller controller, HttpListenerRequest request)
   в Ziks.WebServer.Controller.Service(HttpListenerContext context, Session session)
   --- Конец трассировки внутреннего стека исключений ---
    </code>
  </body>
</html>


<!DOCTYPE html>
<html>
  <head>
    <title>500: InternalServerError</title>
  </head>
  <body>
    <h2>500: InternalServerError</h2>
    Request:&nbsp;<code>
      http://localhost:39281/maps/surf_compulsive_njv/geom/ambientpage1.json</code>
    <br />
    Message:&nbsp;<code>4096 is not &gt;= 0 and &lt; 0.</code>
    <br />
    <code style="padding:8px;white-space:pre-wrap;display:block;">
Ziks.WebServer.ControllerActionException: 4096 is not &gt;= 0 and &lt; 0. ---&gt; System.IndexOutOfRangeException: 4096 is not &gt;= 0 and &lt; 0.
   в SourceUtils.ValveBspFile.StructArrayLump`1.get_Item(Int32 index) в D:\a\SourceUtils\SourceUtils\SourceUtils\ValveBsp\ArrayLump.cs:строка 149
   в SourceUtils.WebExport.Bsp.AmbientController.&lt;&gt;c__DisplayClass0_0.&lt;Get&gt;b__0(Int32 x) в D:\a\SourceUtils\SourceUtils\SourceUtils.WebExport\Bsp\AmbientCubes.cs:строка 53
   в System.Linq.Enumerable.WhereSelectEnumerableIterator`2.MoveNext()
   в Newtonsoft.Json.Serialization.JsonSerializerInternalWriter.SerializeList(JsonWriter writer, IEnumerable values, JsonArrayContract contract, JsonProperty member, JsonContainerContract collectionContract, JsonProperty containerProperty)
   в Newtonsoft.Json.Serialization.JsonSerializerInternalWriter.SerializeValue(JsonWriter writer, Object value, JsonContract valueContract, JsonProperty member, JsonContainerContract containerContract, JsonProperty containerProperty)
   в Newtonsoft.Json.Serialization.JsonSerializerInternalWriter.SerializeObject(JsonWriter writer, Object value, JsonObjectContract contract, JsonProperty member, JsonContainerContract collectionContract, JsonProperty containerProperty)
   в Newtonsoft.Json.Serialization.JsonSerializerInternalWriter.SerializeValue(JsonWriter writer, Object value, JsonContract valueContract, JsonProperty member, JsonContainerContract containerContract, JsonProperty containerProperty)
   в Newtonsoft.Json.Serialization.JsonSerializerInternalWriter.Serialize(JsonWriter jsonWriter, Object value, Type objectType)
   в Newtonsoft.Json.JsonSerializer.SerializeInternal(JsonWriter jsonWriter, Object value, Type objectType)
   в Newtonsoft.Json.Linq.JToken.FromObjectInternal(Object o, JsonSerializer jsonSerializer)
   в Newtonsoft.Json.Linq.JObject.FromObject(Object o, JsonSerializer jsonSerializer)
   в SourceUtils.WebExport.ResourceController.OnWriteObject(Object obj) в D:\a\SourceUtils\SourceUtils\SourceUtils.WebExport\ResourceController.cs:строка 378
   в lambda_method(Closure , Controller )
   в Ziks.WebServer.ControllerActionMap.TryInvokeAction(Controller controller, HttpListenerRequest request)
   в Ziks.WebServer.Controller.Service(HttpListenerContext context, Session session)
   --- Конец трассировки внутреннего стека исключений ---
    </code>
  </body>
</html>


<!DOCTYPE html>
<html>
  <head>
    <title>500: InternalServerError</title>
  </head>
  <body>
    <h2>500: InternalServerError</h2>
    Request:&nbsp;<code>
      http://localhost:39281/maps/surf_compulsive_njv/geom/ambientpage2.json</code>
    <br />
    Message:&nbsp;<code>8192 is not &gt;= 0 and &lt; 0.</code>
    <br />
    <code style="padding:8px;white-space:pre-wrap;display:block;">
Ziks.WebServer.ControllerActionException: 8192 is not &gt;= 0 and &lt; 0. ---&gt; System.IndexOutOfRangeException: 8192 is not &gt;= 0 and &lt; 0.
   в SourceUtils.ValveBspFile.StructArrayLump`1.get_Item(Int32 index) в D:\a\SourceUtils\SourceUtils\SourceUtils\ValveBsp\ArrayLump.cs:строка 149
   в SourceUtils.WebExport.Bsp.AmbientController.&lt;&gt;c__DisplayClass0_0.&lt;Get&gt;b__0(Int32 x) в D:\a\SourceUtils\SourceUtils\SourceUtils.WebExport\Bsp\AmbientCubes.cs:строка 53
   в System.Linq.Enumerable.WhereSelectEnumerableIterator`2.MoveNext()
   в Newtonsoft.Json.Serialization.JsonSerializerInternalWriter.SerializeList(JsonWriter writer, IEnumerable values, JsonArrayContract contract, JsonProperty member, JsonContainerContract collectionContract, JsonProperty containerProperty)
   в Newtonsoft.Json.Serialization.JsonSerializerInternalWriter.SerializeValue(JsonWriter writer, Object value, JsonContract valueContract, JsonProperty member, JsonContainerContract containerContract, JsonProperty containerProperty)
   в Newtonsoft.Json.Serialization.JsonSerializerInternalWriter.SerializeObject(JsonWriter writer, Object value, JsonObjectContract contract, JsonProperty member, JsonContainerContract collectionContract, JsonProperty containerProperty)
   в Newtonsoft.Json.Serialization.JsonSerializerInternalWriter.SerializeValue(JsonWriter writer, Object value, JsonContract valueContract, JsonProperty member, JsonContainerContract containerContract, JsonProperty containerProperty)
   в Newtonsoft.Json.Serialization.JsonSerializerInternalWriter.Serialize(JsonWriter jsonWriter, Object value, Type objectType)
   в Newtonsoft.Json.JsonSerializer.SerializeInternal(JsonWriter jsonWriter, Object value, Type objectType)
   в Newtonsoft.Json.Linq.JToken.FromObjectInternal(Object o, JsonSerializer jsonSerializer)
   в Newtonsoft.Json.Linq.JObject.FromObject(Object o, JsonSerializer jsonSerializer)
   в SourceUtils.WebExport.ResourceController.OnWriteObject(Object obj) в D:\a\SourceUtils\SourceUtils\SourceUtils.WebExport\ResourceController.cs:строка 378
   в lambda_method(Closure , Controller )
   в Ziks.WebServer.ControllerActionMap.TryInvokeAction(Controller controller, HttpListenerRequest request)
   в Ziks.WebServer.Controller.Service(HttpListenerContext context, Session session)
   --- Конец трассировки внутреннего стека исключений ---
    </code>
  </body>
</html>


<!DOCTYPE html>
<html>
  <head>
    <title>500: InternalServerError</title>
  </head>
  <body>
    <h2>500: InternalServerError</h2>
    Request:&nbsp;<code>
      http://localhost:39281/maps/surf_concept/geom/ambientpage0.json</code>
    <br />
    Message:&nbsp;<code>1 is not &gt;= 0 and &lt; 0.</code>
    <br />
    <code style="padding:8px;white-space:pre-wrap;display:block;">
Ziks.WebServer.ControllerActionException: 1 is not &gt;= 0 and &lt; 0. ---&gt; System.IndexOutOfRangeException: 1 is not &gt;= 0 and &lt; 0.
   в SourceUtils.ValveBspFile.StructArrayLump`1.get_Item(Int32 index) в D:\a\SourceUtils\SourceUtils\SourceUtils\ValveBsp\ArrayLump.cs:строка 149
   в SourceUtils.WebExport.Bsp.AmbientController.&lt;&gt;c__DisplayClass0_0.&lt;Get&gt;b__0(Int32 x) в D:\a\SourceUtils\SourceUtils\SourceUtils.WebExport\Bsp\AmbientCubes.cs:строка 53
   в System.Linq.Enumerable.WhereSelectEnumerableIterator`2.MoveNext()
   в Newtonsoft.Json.Serialization.JsonSerializerInternalWriter.SerializeList(JsonWriter writer, IEnumerable values, JsonArrayContract contract, JsonProperty member, JsonContainerContract collectionContract, JsonProperty containerProperty)
   в Newtonsoft.Json.Serialization.JsonSerializerInternalWriter.SerializeValue(JsonWriter writer, Object value, JsonContract valueContract, JsonProperty member, JsonContainerContract containerContract, JsonProperty containerProperty)
   в Newtonsoft.Json.Serialization.JsonSerializerInternalWriter.SerializeObject(JsonWriter writer, Object value, JsonObjectContract contract, JsonProperty member, JsonContainerContract collectionContract, JsonProperty containerProperty)
   в Newtonsoft.Json.Serialization.JsonSerializerInternalWriter.SerializeValue(JsonWriter writer, Object value, JsonContract valueContract, JsonProperty member, JsonContainerContract containerContract, JsonProperty containerProperty)
   в Newtonsoft.Json.Serialization.JsonSerializerInternalWriter.Serialize(JsonWriter jsonWriter, Object value, Type objectType)
   в Newtonsoft.Json.JsonSerializer.SerializeInternal(JsonWriter jsonWriter, Object value, Type objectType)
   в Newtonsoft.Json.Linq.JToken.FromObjectInternal(Object o, JsonSerializer jsonSerializer)
   в Newtonsoft.Json.Linq.JObject.FromObject(Object o, JsonSerializer jsonSerializer)
   в SourceUtils.WebExport.ResourceController.OnWriteObject(Object obj) в D:\a\SourceUtils\SourceUtils\SourceUtils.WebExport\ResourceController.cs:строка 378
   в lambda_method(Closure , Controller )
   в Ziks.WebServer.ControllerActionMap.TryInvokeAction(Controller controller, HttpListenerRequest request)
   в Ziks.WebServer.Controller.Service(HttpListenerContext context, Session session)
   --- Конец трассировки внутреннего стека исключений ---
    </code>
  </body>
</html>


<!DOCTYPE html>
<html>
  <head>
    <title>500: InternalServerError</title>
  </head>
  <body>
    <h2>500: InternalServerError</h2>
    Request:&nbsp;<code>
      http://localhost:39281/maps/surf_concept/geom/ambientpage1.json</code>
    <br />
    Message:&nbsp;<code>4096 is not &gt;= 0 and &lt; 0.</code>
    <br />
    <code style="padding:8px;white-space:pre-wrap;display:block;">
Ziks.WebServer.ControllerActionException: 4096 is not &gt;= 0 and &lt; 0. ---&gt; System.IndexOutOfRangeException: 4096 is not &gt;= 0 and &lt; 0.
   в SourceUtils.ValveBspFile.StructArrayLump`1.get_Item(Int32 index) в D:\a\SourceUtils\SourceUtils\SourceUtils\ValveBsp\ArrayLump.cs:строка 149
   в SourceUtils.WebExport.Bsp.AmbientController.&lt;&gt;c__DisplayClass0_0.&lt;Get&gt;b__0(Int32 x) в D:\a\SourceUtils\SourceUtils\SourceUtils.WebExport\Bsp\AmbientCubes.cs:строка 53
   в System.Linq.Enumerable.WhereSelectEnumerableIterator`2.MoveNext()
   в Newtonsoft.Json.Serialization.JsonSerializerInternalWriter.SerializeList(JsonWriter writer, IEnumerable values, JsonArrayContract contract, JsonProperty member, JsonContainerContract collectionContract, JsonProperty containerProperty)
   в Newtonsoft.Json.Serialization.JsonSerializerInternalWriter.SerializeValue(JsonWriter writer, Object value, JsonContract valueContract, JsonProperty member, JsonContainerContract containerContract, JsonProperty containerProperty)
   в Newtonsoft.Json.Serialization.JsonSerializerInternalWriter.SerializeObject(JsonWriter writer, Object value, JsonObjectContract contract, JsonProperty member, JsonContainerContract collectionContract, JsonProperty containerProperty)
   в Newtonsoft.Json.Serialization.JsonSerializerInternalWriter.SerializeValue(JsonWriter writer, Object value, JsonContract valueContract, JsonProperty member, JsonContainerContract containerContract, JsonProperty containerProperty)
   в Newtonsoft.Json.Serialization.JsonSerializerInternalWriter.Serialize(JsonWriter jsonWriter, Object value, Type objectType)
   в Newtonsoft.Json.JsonSerializer.SerializeInternal(JsonWriter jsonWriter, Object value, Type objectType)
   в Newtonsoft.Json.Linq.JToken.FromObjectInternal(Object o, JsonSerializer jsonSerializer)
   в Newtonsoft.Json.Linq.JObject.FromObject(Object o, JsonSerializer jsonSerializer)
   в SourceUtils.WebExport.ResourceController.OnWriteObject(Object obj) в D:\a\SourceUtils\SourceUtils\SourceUtils.WebExport\ResourceController.cs:строка 378
   в lambda_method(Closure , Controller )
   в Ziks.WebServer.ControllerActionMap.TryInvokeAction(Controller controller, HttpListenerRequest request)
   в Ziks.WebServer.Controller.Service(HttpListenerContext context, Session session)
   --- Конец трассировки внутреннего стека исключений ---
    </code>
  </body>
</html>


<!DOCTYPE html>
<html>
  <head>
    <title>500: InternalServerError</title>
  </head>
  <body>
    <h2>500: InternalServerError</h2>
    Request:&nbsp;<code>
      http://localhost:39281/maps/surf_concept/geom/ambientpage2.json</code>
    <br />
    Message:&nbsp;<code>8192 is not &gt;= 0 and &lt; 0.</code>
    <br />
    <code style="padding:8px;white-space:pre-wrap;display:block;">
Ziks.WebServer.ControllerActionException: 8192 is not &gt;= 0 and &lt; 0. ---&gt; System.IndexOutOfRangeException: 8192 is not &gt;= 0 and &lt; 0.
   в SourceUtils.ValveBspFile.StructArrayLump`1.get_Item(Int32 index) в D:\a\SourceUtils\SourceUtils\SourceUtils\ValveBsp\ArrayLump.cs:строка 149
   в SourceUtils.WebExport.Bsp.AmbientController.&lt;&gt;c__DisplayClass0_0.&lt;Get&gt;b__0(Int32 x) в D:\a\SourceUtils\SourceUtils\SourceUtils.WebExport\Bsp\AmbientCubes.cs:строка 53
   в System.Linq.Enumerable.WhereSelectEnumerableIterator`2.MoveNext()
   в Newtonsoft.Json.Serialization.JsonSerializerInternalWriter.SerializeList(JsonWriter writer, IEnumerable values, JsonArrayContract contract, JsonProperty member, JsonContainerContract collectionContract, JsonProperty containerProperty)
   в Newtonsoft.Json.Serialization.JsonSerializerInternalWriter.SerializeValue(JsonWriter writer, Object value, JsonContract valueContract, JsonProperty member, JsonContainerContract containerContract, JsonProperty containerProperty)
   в Newtonsoft.Json.Serialization.JsonSerializerInternalWriter.SerializeObject(JsonWriter writer, Object value, JsonObjectContract contract, JsonProperty member, JsonContainerContract collectionContract, JsonProperty containerProperty)
   в Newtonsoft.Json.Serialization.JsonSerializerInternalWriter.SerializeValue(JsonWriter writer, Object value, JsonContract valueContract, JsonProperty member, JsonContainerContract containerContract, JsonProperty containerProperty)
   в Newtonsoft.Json.Serialization.JsonSerializerInternalWriter.Serialize(JsonWriter jsonWriter, Object value, Type objectType)
   в Newtonsoft.Json.JsonSerializer.SerializeInternal(JsonWriter jsonWriter, Object value, Type objectType)
   в Newtonsoft.Json.Linq.JToken.FromObjectInternal(Object o, JsonSerializer jsonSerializer)
   в Newtonsoft.Json.Linq.JObject.FromObject(Object o, JsonSerializer jsonSerializer)
   в SourceUtils.WebExport.ResourceController.OnWriteObject(Object obj) в D:\a\SourceUtils\SourceUtils\SourceUtils.WebExport\ResourceController.cs:строка 378
   в lambda_method(Closure , Controller )
   в Ziks.WebServer.ControllerActionMap.TryInvokeAction(Controller controller, HttpListenerRequest request)
   в Ziks.WebServer.Controller.Service(HttpListenerContext context, Session session)
   --- Конец трассировки внутреннего стека исключений ---
    </code>
  </body>
</html>


<!DOCTYPE html>
<html>
  <head>
    <title>500: InternalServerError</title>
  </head>
  <body>
    <h2>500: InternalServerError</h2>
    Request:&nbsp;<code>
      http://localhost:39281/maps/surf_construction/geom/ambientpage0.json</code>
    <br />
    Message:&nbsp;<code>1 is not &gt;= 0 and &lt; 0.</code>
    <br />
    <code style="padding:8px;white-space:pre-wrap;display:block;">
Ziks.WebServer.ControllerActionException: 1 is not &gt;= 0 and &lt; 0. ---&gt; System.IndexOutOfRangeException: 1 is not &gt;= 0 and &lt; 0.
   в SourceUtils.ValveBspFile.StructArrayLump`1.get_Item(Int32 index) в D:\a\SourceUtils\SourceUtils\SourceUtils\ValveBsp\ArrayLump.cs:строка 149
   в SourceUtils.WebExport.Bsp.AmbientController.&lt;&gt;c__DisplayClass0_0.&lt;Get&gt;b__0(Int32 x) в D:\a\SourceUtils\SourceUtils\SourceUtils.WebExport\Bsp\AmbientCubes.cs:строка 53
   в System.Linq.Enumerable.WhereSelectEnumerableIterator`2.MoveNext()
   в Newtonsoft.Json.Serialization.JsonSerializerInternalWriter.SerializeList(JsonWriter writer, IEnumerable values, JsonArrayContract contract, JsonProperty member, JsonContainerContract collectionContract, JsonProperty containerProperty)
   в Newtonsoft.Json.Serialization.JsonSerializerInternalWriter.SerializeValue(JsonWriter writer, Object value, JsonContract valueContract, JsonProperty member, JsonContainerContract containerContract, JsonProperty containerProperty)
   в Newtonsoft.Json.Serialization.JsonSerializerInternalWriter.SerializeObject(JsonWriter writer, Object value, JsonObjectContract contract, JsonProperty member, JsonContainerContract collectionContract, JsonProperty containerProperty)
   в Newtonsoft.Json.Serialization.JsonSerializerInternalWriter.SerializeValue(JsonWriter writer, Object value, JsonContract valueContract, JsonProperty member, JsonContainerContract containerContract, JsonProperty containerProperty)
   в Newtonsoft.Json.Serialization.JsonSerializerInternalWriter.Serialize(JsonWriter jsonWriter, Object value, Type objectType)
   в Newtonsoft.Json.JsonSerializer.SerializeInternal(JsonWriter jsonWriter, Object value, Type objectType)
   в Newtonsoft.Json.Linq.JToken.FromObjectInternal(Object o, JsonSerializer jsonSerializer)
   в Newtonsoft.Json.Linq.JObject.FromObject(Object o, JsonSerializer jsonSerializer)
   в SourceUtils.WebExport.ResourceController.OnWriteObject(Object obj) в D:\a\SourceUtils\SourceUtils\SourceUtils.WebExport\ResourceController.cs:строка 378
   в lambda_method(Closure , Controller )
   в Ziks.WebServer.ControllerActionMap.TryInvokeAction(Controller controller, HttpListenerRequest request)
   в Ziks.WebServer.Controller.Service(HttpListenerContext context, Session session)
   --- Конец трассировки внутреннего стека исключений ---
    </code>
  </body>
</html>


<!DOCTYPE html>
<html>
  <head>
    <title>500: InternalServerError</title>
  </head>
  <body>
    <h2>500: InternalServerError</h2>
    Request:&nbsp;<code>
      http://localhost:39281/maps/surf_construction/geom/ambientpage1.json</code>
    <br />
    Message:&nbsp;<code>4096 is not &gt;= 0 and &lt; 0.</code>
    <br />
    <code style="padding:8px;white-space:pre-wrap;display:block;">
Ziks.WebServer.ControllerActionException: 4096 is not &gt;= 0 and &lt; 0. ---&gt; System.IndexOutOfRangeException: 4096 is not &gt;= 0 and &lt; 0.
   в SourceUtils.ValveBspFile.StructArrayLump`1.get_Item(Int32 index) в D:\a\SourceUtils\SourceUtils\SourceUtils\ValveBsp\ArrayLump.cs:строка 149
   в SourceUtils.WebExport.Bsp.AmbientController.&lt;&gt;c__DisplayClass0_0.&lt;Get&gt;b__0(Int32 x) в D:\a\SourceUtils\SourceUtils\SourceUtils.WebExport\Bsp\AmbientCubes.cs:строка 53
   в System.Linq.Enumerable.WhereSelectEnumerableIterator`2.MoveNext()
   в Newtonsoft.Json.Serialization.JsonSerializerInternalWriter.SerializeList(JsonWriter writer, IEnumerable values, JsonArrayContract contract, JsonProperty member, JsonContainerContract collectionContract, JsonProperty containerProperty)
   в Newtonsoft.Json.Serialization.JsonSerializerInternalWriter.SerializeValue(JsonWriter writer, Object value, JsonContract valueContract, JsonProperty member, JsonContainerContract containerContract, JsonProperty containerProperty)
   в Newtonsoft.Json.Serialization.JsonSerializerInternalWriter.SerializeObject(JsonWriter writer, Object value, JsonObjectContract contract, JsonProperty member, JsonContainerContract collectionContract, JsonProperty containerProperty)
   в Newtonsoft.Json.Serialization.JsonSerializerInternalWriter.SerializeValue(JsonWriter writer, Object value, JsonContract valueContract, JsonProperty member, JsonContainerContract containerContract, JsonProperty containerProperty)
   в Newtonsoft.Json.Serialization.JsonSerializerInternalWriter.Serialize(JsonWriter jsonWriter, Object value, Type objectType)
   в Newtonsoft.Json.JsonSerializer.SerializeInternal(JsonWriter jsonWriter, Object value, Type objectType)
   в Newtonsoft.Json.Linq.JToken.FromObjectInternal(Object o, JsonSerializer jsonSerializer)
   в Newtonsoft.Json.Linq.JObject.FromObject(Object o, JsonSerializer jsonSerializer)
   в SourceUtils.WebExport.ResourceController.OnWriteObject(Object obj) в D:\a\SourceUtils\SourceUtils\SourceUtils.WebExport\ResourceController.cs:строка 378
   в lambda_method(Closure , Controller )
   в Ziks.WebServer.ControllerActionMap.TryInvokeAction(Controller controller, HttpListenerRequest request)
   в Ziks.WebServer.Controller.Service(HttpListenerContext context, Session session)
   --- Конец трассировки внутреннего стека исключений ---
    </code>
  </body>
</html>


<!DOCTYPE html>
<html>
  <head>
    <title>500: InternalServerError</title>
  </head>
  <body>
    <h2>500: InternalServerError</h2>
    Request:&nbsp;<code>http://localhost:39281/maps/surf_cookiejar/index.json</code>
    <br />
    Message:&nbsp;<code>Cannot seek past end</code>
    <br />
    <code style="padding:8px;white-space:pre-wrap;display:block;">
Ziks.WebServer.ControllerActionException: Cannot seek past end ---&gt; System.IO.IOException: Cannot seek past end
   в ICSharpCode.SharpZipLib.Zip.ZipFile.PartialInputStream.Seek(Int64 offset, SeekOrigin origin)
   в SourceUtils.ValveTextureFile.Skip(Stream stream, Int64 count) в D:\a\SourceUtils\SourceUtils\SourceUtils\ValveTextureFile.cs:строка 217
   в SourceUtils.ValveTextureFile..ctor(Stream stream, Boolean onlyHeader) в D:\a\SourceUtils\SourceUtils\SourceUtils\ValveTextureFile.cs:строка 258
   в SourceUtils.WebExport.Texture.Get(ValveBspFile bsp, String path) в D:\a\SourceUtils\SourceUtils\SourceUtils.WebExport\Texture.cs:строка 59
   в SourceUtils.WebExport.Material.CreateSkyMaterial(ValveBspFile bsp, String skyName) в D:\a\SourceUtils\SourceUtils\SourceUtils.WebExport\Material.cs:строка 326
   в SourceUtils.WebExport.Bsp.IndexController.InitWorldspawn(Worldspawn ent, Entity value, MapParams mapParams) в D:\a\SourceUtils\SourceUtils\SourceUtils.WebExport\Bsp\Entities.cs:строка 171
   в lambda_method(Closure , Entity , MapParams )
   в SourceUtils.WebExport.Bsp.IndexController.InitEntity(Entity value, MapParams mapParams) в D:\a\SourceUtils\SourceUtils\SourceUtils.WebExport\Bsp\Entities.cs:строка 383
   в SourceUtils.WebExport.Bsp.IndexController.GetIndexJson(String map) в D:\a\SourceUtils\SourceUtils\SourceUtils.WebExport\Bsp\Index.cs:строка 161
   в lambda_method(Closure , Controller )
   в Ziks.WebServer.ControllerActionMap.TryInvokeAction(Controller controller, HttpListenerRequest request)
   в Ziks.WebServer.Controller.Service(HttpListenerContext context, Session session)
   --- Конец трассировки внутреннего стека исключений ---
    </code>
  </body>
</html>


<!DOCTYPE html>
<html>
  <head>
    <title>500: InternalServerError</title>
  </head>
  <body>
    <h2>500: InternalServerError</h2>
    Request:&nbsp;<code>
      http://localhost:39281/maps/surf_core_fix/geom/leafpage0.json</code>
    <br />
    Message:&nbsp;<code>Последовательность не содержит элементов</code>
    <br />
    <code style="padding:8px;white-space:pre-wrap;display:block;">
Ziks.WebServer.ControllerActionException: Последовательность не содержит элементов ---&gt; System.InvalidOperationException: Последовательность не содержит элементов
   в System.Linq.Enumerable.First[TSource](IEnumerable`1 source)
   в SourceUtils.KeyValues.Parse(String value, KeyValuesFlags flags) в D:\a\SourceUtils\SourceUtils\SourceUtils\KeyValues.cs:строка 334
   в SourceUtils.KeyValues.FromStream(Stream stream, KeyValuesFlags flags) в D:\a\SourceUtils\SourceUtils\SourceUtils\KeyValues.cs:строка 357
   в SourceUtils.ValveMaterialFile.FromProvider(String path, IResourceProvider[] providers) в D:\a\SourceUtils\SourceUtils\SourceUtils\ValveMaterialFile.cs:строка 33
   в SourceUtils.WebExport.Bsp.GeometryController.GetOrCreateMeshData(ValveBspFile bsp, GeometryPage page, String matPath, Boolean cacheVertices) в D:\a\SourceUtils\SourceUtils\SourceUtils.WebExport\Bsp\Geometry.cs:строка 471
   в SourceUtils.WebExport.Bsp.GeometryController.WriteFace(ValveBspFile bsp, Int32 faceIndex, GeometryPage page, List`1 outFaces) в D:\a\SourceUtils\SourceUtils\SourceUtils.WebExport\Bsp\Geometry.cs:строка 506
   в SourceUtils.WebExport.Bsp.GeometryController.GetLeafPage(String map, Int32 index) в D:\a\SourceUtils\SourceUtils\SourceUtils.WebExport\Bsp\Geometry.cs:строка 728
   в lambda_method(Closure , Controller )
   в Ziks.WebServer.ControllerActionMap.TryInvokeAction(Controller controller, HttpListenerRequest request)
   в Ziks.WebServer.Controller.Service(HttpListenerContext context, Session session)
   --- Конец трассировки внутреннего стека исключений ---
    </code>
  </body>
</html>


<!DOCTYPE html>
<html>
  <head>
    <title>500: InternalServerError</title>
  </head>
  <body>
    <h2>500: InternalServerError</h2>
    Request:&nbsp;<code>
      http://localhost:39281/maps/surf_core_fix/materials/matpage0.json</code>
    <br />
    Message:&nbsp;<code>Последовательность не содержит элементов</code>
    <br />
    <code style="padding:8px;white-space:pre-wrap;display:block;">
Ziks.WebServer.ControllerActionException: Последовательность не содержит элементов ---&gt; System.InvalidOperationException: Последовательность не содержит элементов
   в System.Linq.Enumerable.First[TSource](IEnumerable`1 source)
   в SourceUtils.KeyValues.Parse(String value, KeyValuesFlags flags) в D:\a\SourceUtils\SourceUtils\SourceUtils\KeyValues.cs:строка 334
   в SourceUtils.KeyValues.FromStream(Stream stream, KeyValuesFlags flags) в D:\a\SourceUtils\SourceUtils\SourceUtils\KeyValues.cs:строка 357
   в SourceUtils.ValveMaterialFile.FromProvider(String path, IResourceProvider[] providers) в D:\a\SourceUtils\SourceUtils\SourceUtils\ValveMaterialFile.cs:строка 33
   в SourceUtils.WebExport.Material.Get(ValveBspFile bsp, String path) в D:\a\SourceUtils\SourceUtils\SourceUtils.WebExport\Material.cs:строка 284
   в SourceUtils.WebExport.Bsp.MaterialController.GetPage(String map, Int32 index) в D:\a\SourceUtils\SourceUtils\SourceUtils.WebExport\Bsp\Materials.cs:строка 43
   в lambda_method(Closure , Controller )
   в Ziks.WebServer.ControllerActionMap.TryInvokeAction(Controller controller, HttpListenerRequest request)
   в Ziks.WebServer.Controller.Service(HttpListenerContext context, Session session)
   --- Конец трассировки внутреннего стека исключений ---
    </code>
  </body>
</html>


<!DOCTYPE html>
<html>
  <head>
    <title>500: InternalServerError</title>
  </head>
  <body>
    <h2>500: InternalServerError</h2>
    Request:&nbsp;<code>http://localhost:39281/maps/surf_core_fix/geom/mdlpage0.json
      </code>
    <br />
    Message:&nbsp;<code>Последовательность не содержит элементов</code>
    <br />
    <code style="padding:8px;white-space:pre-wrap;display:block;">
Ziks.WebServer.ControllerActionException: Последовательность не содержит элементов ---&gt; System.InvalidOperationException: Последовательность не содержит элементов
   в System.Linq.Enumerable.First[TSource](IEnumerable`1 source)
   в SourceUtils.KeyValues.Parse(String value, KeyValuesFlags flags) в D:\a\SourceUtils\SourceUtils\SourceUtils\KeyValues.cs:строка 334
   в SourceUtils.KeyValues.FromStream(Stream stream, KeyValuesFlags flags) в D:\a\SourceUtils\SourceUtils\SourceUtils\KeyValues.cs:строка 357
   в SourceUtils.ValveMaterialFile.FromProvider(String path, IResourceProvider[] providers) в D:\a\SourceUtils\SourceUtils\SourceUtils\ValveMaterialFile.cs:строка 33
   в SourceUtils.WebExport.Bsp.GeometryController.GetOrCreateMeshData(ValveBspFile bsp, GeometryPage page, String matPath, Boolean cacheVertices) в D:\a\SourceUtils\SourceUtils\SourceUtils.WebExport\Bsp\Geometry.cs:строка 471
   в SourceUtils.WebExport.Bsp.GeometryController.&lt;&gt;c__DisplayClass7_2.&lt;GetStudioModelPage&gt;b__2(StudioMesh mesh, Int32 meshIndex) в D:\a\SourceUtils\SourceUtils\SourceUtils.WebExport\Bsp\Geometry.cs:строка 796
   в System.Linq.Enumerable.&lt;SelectIterator&gt;d__5`2.MoveNext()
   в System.Collections.Generic.List`1.InsertRange(Int32 index, IEnumerable`1 collection)
   в SourceUtils.WebExport.Bsp.GeometryController.&lt;&gt;c__DisplayClass7_1.&lt;GetStudioModelPage&gt;b__1(StudioModel model, Int32 modelIndex) в D:\a\SourceUtils\SourceUtils\SourceUtils.WebExport\Bsp\Geometry.cs:строка 777
   в System.Linq.Enumerable.&lt;SelectIterator&gt;d__5`2.MoveNext()
   в System.Collections.Generic.List`1.InsertRange(Int32 index, IEnumerable`1 collection)
   в SourceUtils.WebExport.Bsp.GeometryController.GetStudioModelPage(String map, Int32 index) в D:\a\SourceUtils\SourceUtils\SourceUtils.WebExport\Bsp\Geometry.cs:строка 770
   в lambda_method(Closure , Controller )
   в Ziks.WebServer.ControllerActionMap.TryInvokeAction(Controller controller, HttpListenerRequest request)
   в Ziks.WebServer.Controller.Service(HttpListenerContext context, Session session)
   --- Конец трассировки внутреннего стека исключений ---
    </code>
  </body>
</html>


<!DOCTYPE html>
<html>
  <head>
    <title>500: InternalServerError</title>
  </head>
  <body>
    <h2>500: InternalServerError</h2>
    Request:&nbsp;<code>
      http://localhost:39281/maps/surf_creation/geom/ambientpage0.json</code>
    <br />
    Message:&nbsp;<code>1 is not &gt;= 0 and &lt; 0.</code>
    <br />
    <code style="padding:8px;white-space:pre-wrap;display:block;">
Ziks.WebServer.ControllerActionException: 1 is not &gt;= 0 and &lt; 0. ---&gt; System.IndexOutOfRangeException: 1 is not &gt;= 0 and &lt; 0.
   в SourceUtils.ValveBspFile.StructArrayLump`1.get_Item(Int32 index) в D:\a\SourceUtils\SourceUtils\SourceUtils\ValveBsp\ArrayLump.cs:строка 149
   в SourceUtils.WebExport.Bsp.AmbientController.&lt;&gt;c__DisplayClass0_0.&lt;Get&gt;b__0(Int32 x) в D:\a\SourceUtils\SourceUtils\SourceUtils.WebExport\Bsp\AmbientCubes.cs:строка 53
   в System.Linq.Enumerable.WhereSelectEnumerableIterator`2.MoveNext()
   в Newtonsoft.Json.Serialization.JsonSerializerInternalWriter.SerializeList(JsonWriter writer, IEnumerable values, JsonArrayContract contract, JsonProperty member, JsonContainerContract collectionContract, JsonProperty containerProperty)
   в Newtonsoft.Json.Serialization.JsonSerializerInternalWriter.SerializeValue(JsonWriter writer, Object value, JsonContract valueContract, JsonProperty member, JsonContainerContract containerContract, JsonProperty containerProperty)
   в Newtonsoft.Json.Serialization.JsonSerializerInternalWriter.SerializeObject(JsonWriter writer, Object value, JsonObjectContract contract, JsonProperty member, JsonContainerContract collectionContract, JsonProperty containerProperty)
   в Newtonsoft.Json.Serialization.JsonSerializerInternalWriter.SerializeValue(JsonWriter writer, Object value, JsonContract valueContract, JsonProperty member, JsonContainerContract containerContract, JsonProperty containerProperty)
   в Newtonsoft.Json.Serialization.JsonSerializerInternalWriter.Serialize(JsonWriter jsonWriter, Object value, Type objectType)
   в Newtonsoft.Json.JsonSerializer.SerializeInternal(JsonWriter jsonWriter, Object value, Type objectType)
   в Newtonsoft.Json.Linq.JToken.FromObjectInternal(Object o, JsonSerializer jsonSerializer)
   в Newtonsoft.Json.Linq.JObject.FromObject(Object o, JsonSerializer jsonSerializer)
   в SourceUtils.WebExport.ResourceController.OnWriteObject(Object obj) в D:\a\SourceUtils\SourceUtils\SourceUtils.WebExport\ResourceController.cs:строка 378
   в lambda_method(Closure , Controller )
   в Ziks.WebServer.ControllerActionMap.TryInvokeAction(Controller controller, HttpListenerRequest request)
   в Ziks.WebServer.Controller.Service(HttpListenerContext context, Session session)
   --- Конец трассировки внутреннего стека исключений ---
    </code>
  </body>
</html>


<!DOCTYPE html>
<html>
  <head>
    <title>500: InternalServerError</title>
  </head>
  <body>
    <h2>500: InternalServerError</h2>
    Request:&nbsp;<code>
      http://localhost:39281/maps/surf_creation/geom/ambientpage1.json</code>
    <br />
    Message:&nbsp;<code>4096 is not &gt;= 0 and &lt; 0.</code>
    <br />
    <code style="padding:8px;white-space:pre-wrap;display:block;">
Ziks.WebServer.ControllerActionException: 4096 is not &gt;= 0 and &lt; 0. ---&gt; System.IndexOutOfRangeException: 4096 is not &gt;= 0 and &lt; 0.
   в SourceUtils.ValveBspFile.StructArrayLump`1.get_Item(Int32 index) в D:\a\SourceUtils\SourceUtils\SourceUtils\ValveBsp\ArrayLump.cs:строка 149
   в SourceUtils.WebExport.Bsp.AmbientController.&lt;&gt;c__DisplayClass0_0.&lt;Get&gt;b__0(Int32 x) в D:\a\SourceUtils\SourceUtils\SourceUtils.WebExport\Bsp\AmbientCubes.cs:строка 53
   в System.Linq.Enumerable.WhereSelectEnumerableIterator`2.MoveNext()
   в Newtonsoft.Json.Serialization.JsonSerializerInternalWriter.SerializeList(JsonWriter writer, IEnumerable values, JsonArrayContract contract, JsonProperty member, JsonContainerContract collectionContract, JsonProperty containerProperty)
   в Newtonsoft.Json.Serialization.JsonSerializerInternalWriter.SerializeValue(JsonWriter writer, Object value, JsonContract valueContract, JsonProperty member, JsonContainerContract containerContract, JsonProperty containerProperty)
   в Newtonsoft.Json.Serialization.JsonSerializerInternalWriter.SerializeObject(JsonWriter writer, Object value, JsonObjectContract contract, JsonProperty member, JsonContainerContract collectionContract, JsonProperty containerProperty)
   в Newtonsoft.Json.Serialization.JsonSerializerInternalWriter.SerializeValue(JsonWriter writer, Object value, JsonContract valueContract, JsonProperty member, JsonContainerContract containerContract, JsonProperty containerProperty)
   в Newtonsoft.Json.Serialization.JsonSerializerInternalWriter.Serialize(JsonWriter jsonWriter, Object value, Type objectType)
   в Newtonsoft.Json.JsonSerializer.SerializeInternal(JsonWriter jsonWriter, Object value, Type objectType)
   в Newtonsoft.Json.Linq.JToken.FromObjectInternal(Object o, JsonSerializer jsonSerializer)
   в Newtonsoft.Json.Linq.JObject.FromObject(Object o, JsonSerializer jsonSerializer)
   в SourceUtils.WebExport.ResourceController.OnWriteObject(Object obj) в D:\a\SourceUtils\SourceUtils\SourceUtils.WebExport\ResourceController.cs:строка 378
   в lambda_method(Closure , Controller )
   в Ziks.WebServer.ControllerActionMap.TryInvokeAction(Controller controller, HttpListenerRequest request)
   в Ziks.WebServer.Controller.Service(HttpListenerContext context, Session session)
   --- Конец трассировки внутреннего стека исключений ---
    </code>
  </body>
</html>


<!DOCTYPE html>
<html>
  <head>
    <title>500: InternalServerError</title>
  </head>
  <body>
    <h2>500: InternalServerError</h2>
    Request:&nbsp;<code>
      http://localhost:39281/maps/surf_creation/geom/ambientpage2.json</code>
    <br />
    Message:&nbsp;<code>8192 is not &gt;= 0 and &lt; 0.</code>
    <br />
    <code style="padding:8px;white-space:pre-wrap;display:block;">
Ziks.WebServer.ControllerActionException: 8192 is not &gt;= 0 and &lt; 0. ---&gt; System.IndexOutOfRangeException: 8192 is not &gt;= 0 and &lt; 0.
   в SourceUtils.ValveBspFile.StructArrayLump`1.get_Item(Int32 index) в D:\a\SourceUtils\SourceUtils\SourceUtils\ValveBsp\ArrayLump.cs:строка 149
   в SourceUtils.WebExport.Bsp.AmbientController.&lt;&gt;c__DisplayClass0_0.&lt;Get&gt;b__0(Int32 x) в D:\a\SourceUtils\SourceUtils\SourceUtils.WebExport\Bsp\AmbientCubes.cs:строка 53
   в System.Linq.Enumerable.WhereSelectEnumerableIterator`2.MoveNext()
   в Newtonsoft.Json.Serialization.JsonSerializerInternalWriter.SerializeList(JsonWriter writer, IEnumerable values, JsonArrayContract contract, JsonProperty member, JsonContainerContract collectionContract, JsonProperty containerProperty)
   в Newtonsoft.Json.Serialization.JsonSerializerInternalWriter.SerializeValue(JsonWriter writer, Object value, JsonContract valueContract, JsonProperty member, JsonContainerContract containerContract, JsonProperty containerProperty)
   в Newtonsoft.Json.Serialization.JsonSerializerInternalWriter.SerializeObject(JsonWriter writer, Object value, JsonObjectContract contract, JsonProperty member, JsonContainerContract collectionContract, JsonProperty containerProperty)
   в Newtonsoft.Json.Serialization.JsonSerializerInternalWriter.SerializeValue(JsonWriter writer, Object value, JsonContract valueContract, JsonProperty member, JsonContainerContract containerContract, JsonProperty containerProperty)
   в Newtonsoft.Json.Serialization.JsonSerializerInternalWriter.Serialize(JsonWriter jsonWriter, Object value, Type objectType)
   в Newtonsoft.Json.JsonSerializer.SerializeInternal(JsonWriter jsonWriter, Object value, Type objectType)
   в Newtonsoft.Json.Linq.JToken.FromObjectInternal(Object o, JsonSerializer jsonSerializer)
   в Newtonsoft.Json.Linq.JObject.FromObject(Object o, JsonSerializer jsonSerializer)
   в SourceUtils.WebExport.ResourceController.OnWriteObject(Object obj) в D:\a\SourceUtils\SourceUtils\SourceUtils.WebExport\ResourceController.cs:строка 378
   в lambda_method(Closure , Controller )
   в Ziks.WebServer.ControllerActionMap.TryInvokeAction(Controller controller, HttpListenerRequest request)
   в Ziks.WebServer.Controller.Service(HttpListenerContext context, Session session)
   --- Конец трассировки внутреннего стека исключений ---
    </code>
  </body>
</html>


<!DOCTYPE html>
<html>
  <head>
    <title>500: InternalServerError</title>
  </head>
  <body>
    <h2>500: InternalServerError</h2>
    Request:&nbsp;<code>
      http://localhost:39281/maps/surf_destiny_fixed/geom/ambientpage0.json</code>
    <br />
    Message:&nbsp;<code>1 is not &gt;= 0 and &lt; 0.</code>
    <br />
    <code style="padding:8px;white-space:pre-wrap;display:block;">
Ziks.WebServer.ControllerActionException: 1 is not &gt;= 0 and &lt; 0. ---&gt; System.IndexOutOfRangeException: 1 is not &gt;= 0 and &lt; 0.
   в SourceUtils.ValveBspFile.StructArrayLump`1.get_Item(Int32 index) в D:\a\SourceUtils\SourceUtils\SourceUtils\ValveBsp\ArrayLump.cs:строка 149
   в SourceUtils.WebExport.Bsp.AmbientController.&lt;&gt;c__DisplayClass0_0.&lt;Get&gt;b__0(Int32 x) в D:\a\SourceUtils\SourceUtils\SourceUtils.WebExport\Bsp\AmbientCubes.cs:строка 53
   в System.Linq.Enumerable.WhereSelectEnumerableIterator`2.MoveNext()
   в Newtonsoft.Json.Serialization.JsonSerializerInternalWriter.SerializeList(JsonWriter writer, IEnumerable values, JsonArrayContract contract, JsonProperty member, JsonContainerContract collectionContract, JsonProperty containerProperty)
   в Newtonsoft.Json.Serialization.JsonSerializerInternalWriter.SerializeValue(JsonWriter writer, Object value, JsonContract valueContract, JsonProperty member, JsonContainerContract containerContract, JsonProperty containerProperty)
   в Newtonsoft.Json.Serialization.JsonSerializerInternalWriter.SerializeObject(JsonWriter writer, Object value, JsonObjectContract contract, JsonProperty member, JsonContainerContract collectionContract, JsonProperty containerProperty)
   в Newtonsoft.Json.Serialization.JsonSerializerInternalWriter.SerializeValue(JsonWriter writer, Object value, JsonContract valueContract, JsonProperty member, JsonContainerContract containerContract, JsonProperty containerProperty)
   в Newtonsoft.Json.Serialization.JsonSerializerInternalWriter.Serialize(JsonWriter jsonWriter, Object value, Type objectType)
   в Newtonsoft.Json.JsonSerializer.SerializeInternal(JsonWriter jsonWriter, Object value, Type objectType)
   в Newtonsoft.Json.Linq.JToken.FromObjectInternal(Object o, JsonSerializer jsonSerializer)
   в Newtonsoft.Json.Linq.JObject.FromObject(Object o, JsonSerializer jsonSerializer)
   в SourceUtils.WebExport.ResourceController.OnWriteObject(Object obj) в D:\a\SourceUtils\SourceUtils\SourceUtils.WebExport\ResourceController.cs:строка 378
   в lambda_method(Closure , Controller )
   в Ziks.WebServer.ControllerActionMap.TryInvokeAction(Controller controller, HttpListenerRequest request)
   в Ziks.WebServer.Controller.Service(HttpListenerContext context, Session session)
   --- Конец трассировки внутреннего стека исключений ---
    </code>
  </body>
</html>


<!DOCTYPE html>
<html>
  <head>
    <title>500: InternalServerError</title>
  </head>
  <body>
    <h2>500: InternalServerError</h2>
    Request:&nbsp;<code>
      http://localhost:39281/maps/surf_destiny_fixed/geom/ambientpage1.json</code>
    <br />
    Message:&nbsp;<code>4096 is not &gt;= 0 and &lt; 0.</code>
    <br />
    <code style="padding:8px;white-space:pre-wrap;display:block;">
Ziks.WebServer.ControllerActionException: 4096 is not &gt;= 0 and &lt; 0. ---&gt; System.IndexOutOfRangeException: 4096 is not &gt;= 0 and &lt; 0.
   в SourceUtils.ValveBspFile.StructArrayLump`1.get_Item(Int32 index) в D:\a\SourceUtils\SourceUtils\SourceUtils\ValveBsp\ArrayLump.cs:строка 149
   в SourceUtils.WebExport.Bsp.AmbientController.&lt;&gt;c__DisplayClass0_0.&lt;Get&gt;b__0(Int32 x) в D:\a\SourceUtils\SourceUtils\SourceUtils.WebExport\Bsp\AmbientCubes.cs:строка 53
   в System.Linq.Enumerable.WhereSelectEnumerableIterator`2.MoveNext()
   в Newtonsoft.Json.Serialization.JsonSerializerInternalWriter.SerializeList(JsonWriter writer, IEnumerable values, JsonArrayContract contract, JsonProperty member, JsonContainerContract collectionContract, JsonProperty containerProperty)
   в Newtonsoft.Json.Serialization.JsonSerializerInternalWriter.SerializeValue(JsonWriter writer, Object value, JsonContract valueContract, JsonProperty member, JsonContainerContract containerContract, JsonProperty containerProperty)
   в Newtonsoft.Json.Serialization.JsonSerializerInternalWriter.SerializeObject(JsonWriter writer, Object value, JsonObjectContract contract, JsonProperty member, JsonContainerContract collectionContract, JsonProperty containerProperty)
   в Newtonsoft.Json.Serialization.JsonSerializerInternalWriter.SerializeValue(JsonWriter writer, Object value, JsonContract valueContract, JsonProperty member, JsonContainerContract containerContract, JsonProperty containerProperty)
   в Newtonsoft.Json.Serialization.JsonSerializerInternalWriter.Serialize(JsonWriter jsonWriter, Object value, Type objectType)
   в Newtonsoft.Json.JsonSerializer.SerializeInternal(JsonWriter jsonWriter, Object value, Type objectType)
   в Newtonsoft.Json.Linq.JToken.FromObjectInternal(Object o, JsonSerializer jsonSerializer)
   в Newtonsoft.Json.Linq.JObject.FromObject(Object o, JsonSerializer jsonSerializer)
   в SourceUtils.WebExport.ResourceController.OnWriteObject(Object obj) в D:\a\SourceUtils\SourceUtils\SourceUtils.WebExport\ResourceController.cs:строка 378
   в lambda_method(Closure , Controller )
   в Ziks.WebServer.ControllerActionMap.TryInvokeAction(Controller controller, HttpListenerRequest request)
   в Ziks.WebServer.Controller.Service(HttpListenerContext context, Session session)
   --- Конец трассировки внутреннего стека исключений ---
    </code>
  </body>
</html>


<!DOCTYPE html>
<html>
  <head>
    <title>500: InternalServerError</title>
  </head>
  <body>
    <h2>500: InternalServerError</h2>
    Request:&nbsp;<code>
      http://localhost:39281/maps/surf_destiny_fixed/geom/ambientpage2.json</code>
    <br />
    Message:&nbsp;<code>8192 is not &gt;= 0 and &lt; 0.</code>
    <br />
    <code style="padding:8px;white-space:pre-wrap;display:block;">
Ziks.WebServer.ControllerActionException: 8192 is not &gt;= 0 and &lt; 0. ---&gt; System.IndexOutOfRangeException: 8192 is not &gt;= 0 and &lt; 0.
   в SourceUtils.ValveBspFile.StructArrayLump`1.get_Item(Int32 index) в D:\a\SourceUtils\SourceUtils\SourceUtils\ValveBsp\ArrayLump.cs:строка 149
   в SourceUtils.WebExport.Bsp.AmbientController.&lt;&gt;c__DisplayClass0_0.&lt;Get&gt;b__0(Int32 x) в D:\a\SourceUtils\SourceUtils\SourceUtils.WebExport\Bsp\AmbientCubes.cs:строка 53
   в System.Linq.Enumerable.WhereSelectEnumerableIterator`2.MoveNext()
   в Newtonsoft.Json.Serialization.JsonSerializerInternalWriter.SerializeList(JsonWriter writer, IEnumerable values, JsonArrayContract contract, JsonProperty member, JsonContainerContract collectionContract, JsonProperty containerProperty)
   в Newtonsoft.Json.Serialization.JsonSerializerInternalWriter.SerializeValue(JsonWriter writer, Object value, JsonContract valueContract, JsonProperty member, JsonContainerContract containerContract, JsonProperty containerProperty)
   в Newtonsoft.Json.Serialization.JsonSerializerInternalWriter.SerializeObject(JsonWriter writer, Object value, JsonObjectContract contract, JsonProperty member, JsonContainerContract collectionContract, JsonProperty containerProperty)
   в Newtonsoft.Json.Serialization.JsonSerializerInternalWriter.SerializeValue(JsonWriter writer, Object value, JsonContract valueContract, JsonProperty member, JsonContainerContract containerContract, JsonProperty containerProperty)
   в Newtonsoft.Json.Serialization.JsonSerializerInternalWriter.Serialize(JsonWriter jsonWriter, Object value, Type objectType)
   в Newtonsoft.Json.JsonSerializer.SerializeInternal(JsonWriter jsonWriter, Object value, Type objectType)
   в Newtonsoft.Json.Linq.JToken.FromObjectInternal(Object o, JsonSerializer jsonSerializer)
   в Newtonsoft.Json.Linq.JObject.FromObject(Object o, JsonSerializer jsonSerializer)
   в SourceUtils.WebExport.ResourceController.OnWriteObject(Object obj) в D:\a\SourceUtils\SourceUtils\SourceUtils.WebExport\ResourceController.cs:строка 378
   в lambda_method(Closure , Controller )
   в Ziks.WebServer.ControllerActionMap.TryInvokeAction(Controller controller, HttpListenerRequest request)
   в Ziks.WebServer.Controller.Service(HttpListenerContext context, Session session)
   --- Конец трассировки внутреннего стека исключений ---
    </code>
  </body>
</html>


<!DOCTYPE html>
<html>
  <head>
    <title>500: InternalServerError</title>
  </head>
  <body>
    <h2>500: InternalServerError</h2>
    Request:&nbsp;<code>
      http://localhost:39281/maps/surf_diminsion/geom/ambientpage0.json</code>
    <br />
    Message:&nbsp;<code>1 is not &gt;= 0 and &lt; 0.</code>
    <br />
    <code style="padding:8px;white-space:pre-wrap;display:block;">
Ziks.WebServer.ControllerActionException: 1 is not &gt;= 0 and &lt; 0. ---&gt; System.IndexOutOfRangeException: 1 is not &gt;= 0 and &lt; 0.
   в SourceUtils.ValveBspFile.StructArrayLump`1.get_Item(Int32 index) в D:\a\SourceUtils\SourceUtils\SourceUtils\ValveBsp\ArrayLump.cs:строка 149
   в SourceUtils.WebExport.Bsp.AmbientController.&lt;&gt;c__DisplayClass0_0.&lt;Get&gt;b__0(Int32 x) в D:\a\SourceUtils\SourceUtils\SourceUtils.WebExport\Bsp\AmbientCubes.cs:строка 53
   в System.Linq.Enumerable.WhereSelectEnumerableIterator`2.MoveNext()
   в Newtonsoft.Json.Serialization.JsonSerializerInternalWriter.SerializeList(JsonWriter writer, IEnumerable values, JsonArrayContract contract, JsonProperty member, JsonContainerContract collectionContract, JsonProperty containerProperty)
   в Newtonsoft.Json.Serialization.JsonSerializerInternalWriter.SerializeValue(JsonWriter writer, Object value, JsonContract valueContract, JsonProperty member, JsonContainerContract containerContract, JsonProperty containerProperty)
   в Newtonsoft.Json.Serialization.JsonSerializerInternalWriter.SerializeObject(JsonWriter writer, Object value, JsonObjectContract contract, JsonProperty member, JsonContainerContract collectionContract, JsonProperty containerProperty)
   в Newtonsoft.Json.Serialization.JsonSerializerInternalWriter.SerializeValue(JsonWriter writer, Object value, JsonContract valueContract, JsonProperty member, JsonContainerContract containerContract, JsonProperty containerProperty)
   в Newtonsoft.Json.Serialization.JsonSerializerInternalWriter.Serialize(JsonWriter jsonWriter, Object value, Type objectType)
   в Newtonsoft.Json.JsonSerializer.SerializeInternal(JsonWriter jsonWriter, Object value, Type objectType)
   в Newtonsoft.Json.Linq.JToken.FromObjectInternal(Object o, JsonSerializer jsonSerializer)
   в Newtonsoft.Json.Linq.JObject.FromObject(Object o, JsonSerializer jsonSerializer)
   в SourceUtils.WebExport.ResourceController.OnWriteObject(Object obj) в D:\a\SourceUtils\SourceUtils\SourceUtils.WebExport\ResourceController.cs:строка 378
   в lambda_method(Closure , Controller )
   в Ziks.WebServer.ControllerActionMap.TryInvokeAction(Controller controller, HttpListenerRequest request)
   в Ziks.WebServer.Controller.Service(HttpListenerContext context, Session session)
   --- Конец трассировки внутреннего стека исключений ---
    </code>
  </body>
</html>


<!DOCTYPE html>
<html>
  <head>
    <title>500: InternalServerError</title>
  </head>
  <body>
    <h2>500: InternalServerError</h2>
    Request:&nbsp;<code>
      http://localhost:39281/maps/surf_diminsion/geom/ambientpage1.json</code>
    <br />
    Message:&nbsp;<code>4096 is not &gt;= 0 and &lt; 0.</code>
    <br />
    <code style="padding:8px;white-space:pre-wrap;display:block;">
Ziks.WebServer.ControllerActionException: 4096 is not &gt;= 0 and &lt; 0. ---&gt; System.IndexOutOfRangeException: 4096 is not &gt;= 0 and &lt; 0.
   в SourceUtils.ValveBspFile.StructArrayLump`1.get_Item(Int32 index) в D:\a\SourceUtils\SourceUtils\SourceUtils\ValveBsp\ArrayLump.cs:строка 149
   в SourceUtils.WebExport.Bsp.AmbientController.&lt;&gt;c__DisplayClass0_0.&lt;Get&gt;b__0(Int32 x) в D:\a\SourceUtils\SourceUtils\SourceUtils.WebExport\Bsp\AmbientCubes.cs:строка 53
   в System.Linq.Enumerable.WhereSelectEnumerableIterator`2.MoveNext()
   в Newtonsoft.Json.Serialization.JsonSerializerInternalWriter.SerializeList(JsonWriter writer, IEnumerable values, JsonArrayContract contract, JsonProperty member, JsonContainerContract collectionContract, JsonProperty containerProperty)
   в Newtonsoft.Json.Serialization.JsonSerializerInternalWriter.SerializeValue(JsonWriter writer, Object value, JsonContract valueContract, JsonProperty member, JsonContainerContract containerContract, JsonProperty containerProperty)
   в Newtonsoft.Json.Serialization.JsonSerializerInternalWriter.SerializeObject(JsonWriter writer, Object value, JsonObjectContract contract, JsonProperty member, JsonContainerContract collectionContract, JsonProperty containerProperty)
   в Newtonsoft.Json.Serialization.JsonSerializerInternalWriter.SerializeValue(JsonWriter writer, Object value, JsonContract valueContract, JsonProperty member, JsonContainerContract containerContract, JsonProperty containerProperty)
   в Newtonsoft.Json.Serialization.JsonSerializerInternalWriter.Serialize(JsonWriter jsonWriter, Object value, Type objectType)
   в Newtonsoft.Json.JsonSerializer.SerializeInternal(JsonWriter jsonWriter, Object value, Type objectType)
   в Newtonsoft.Json.Linq.JToken.FromObjectInternal(Object o, JsonSerializer jsonSerializer)
   в Newtonsoft.Json.Linq.JObject.FromObject(Object o, JsonSerializer jsonSerializer)
   в SourceUtils.WebExport.ResourceController.OnWriteObject(Object obj) в D:\a\SourceUtils\SourceUtils\SourceUtils.WebExport\ResourceController.cs:строка 378
   в lambda_method(Closure , Controller )
   в Ziks.WebServer.ControllerActionMap.TryInvokeAction(Controller controller, HttpListenerRequest request)
   в Ziks.WebServer.Controller.Service(HttpListenerContext context, Session session)
   --- Конец трассировки внутреннего стека исключений ---
    </code>
  </body>
</html>


<!DOCTYPE html>
<html>
  <head>
    <title>500: InternalServerError</title>
  </head>
  <body>
    <h2>500: InternalServerError</h2>
    Request:&nbsp;<code>
      http://localhost:39281/maps/surf_diminsion/geom/ambientpage2.json</code>
    <br />
    Message:&nbsp;<code>8192 is not &gt;= 0 and &lt; 0.</code>
    <br />
    <code style="padding:8px;white-space:pre-wrap;display:block;">
Ziks.WebServer.ControllerActionException: 8192 is not &gt;= 0 and &lt; 0. ---&gt; System.IndexOutOfRangeException: 8192 is not &gt;= 0 and &lt; 0.
   в SourceUtils.ValveBspFile.StructArrayLump`1.get_Item(Int32 index) в D:\a\SourceUtils\SourceUtils\SourceUtils\ValveBsp\ArrayLump.cs:строка 149
   в SourceUtils.WebExport.Bsp.AmbientController.&lt;&gt;c__DisplayClass0_0.&lt;Get&gt;b__0(Int32 x) в D:\a\SourceUtils\SourceUtils\SourceUtils.WebExport\Bsp\AmbientCubes.cs:строка 53
   в System.Linq.Enumerable.WhereSelectEnumerableIterator`2.MoveNext()
   в Newtonsoft.Json.Serialization.JsonSerializerInternalWriter.SerializeList(JsonWriter writer, IEnumerable values, JsonArrayContract contract, JsonProperty member, JsonContainerContract collectionContract, JsonProperty containerProperty)
   в Newtonsoft.Json.Serialization.JsonSerializerInternalWriter.SerializeValue(JsonWriter writer, Object value, JsonContract valueContract, JsonProperty member, JsonContainerContract containerContract, JsonProperty containerProperty)
   в Newtonsoft.Json.Serialization.JsonSerializerInternalWriter.SerializeObject(JsonWriter writer, Object value, JsonObjectContract contract, JsonProperty member, JsonContainerContract collectionContract, JsonProperty containerProperty)
   в Newtonsoft.Json.Serialization.JsonSerializerInternalWriter.SerializeValue(JsonWriter writer, Object value, JsonContract valueContract, JsonProperty member, JsonContainerContract containerContract, JsonProperty containerProperty)
   в Newtonsoft.Json.Serialization.JsonSerializerInternalWriter.Serialize(JsonWriter jsonWriter, Object value, Type objectType)
   в Newtonsoft.Json.JsonSerializer.SerializeInternal(JsonWriter jsonWriter, Object value, Type objectType)
   в Newtonsoft.Json.Linq.JToken.FromObjectInternal(Object o, JsonSerializer jsonSerializer)
   в Newtonsoft.Json.Linq.JObject.FromObject(Object o, JsonSerializer jsonSerializer)
   в SourceUtils.WebExport.ResourceController.OnWriteObject(Object obj) в D:\a\SourceUtils\SourceUtils\SourceUtils.WebExport\ResourceController.cs:строка 378
   в lambda_method(Closure , Controller )
   в Ziks.WebServer.ControllerActionMap.TryInvokeAction(Controller controller, HttpListenerRequest request)
   в Ziks.WebServer.Controller.Service(HttpListenerContext context, Session session)
   --- Конец трассировки внутреннего стека исключений ---
    </code>
  </body>
</html>


<!DOCTYPE html>
<html>
  <head>
    <title>500: InternalServerError</title>
  </head>
  <body>
    <h2>500: InternalServerError</h2>
    Request:&nbsp;<code>
      http://localhost:39281/maps/surf_drain/geom/ambientpage0.json</code>
    <br />
    Message:&nbsp;<code>1 is not &gt;= 0 and &lt; 0.</code>
    <br />
    <code style="padding:8px;white-space:pre-wrap;display:block;">
Ziks.WebServer.ControllerActionException: 1 is not &gt;= 0 and &lt; 0. ---&gt; System.IndexOutOfRangeException: 1 is not &gt;= 0 and &lt; 0.
   в SourceUtils.ValveBspFile.StructArrayLump`1.get_Item(Int32 index) в D:\a\SourceUtils\SourceUtils\SourceUtils\ValveBsp\ArrayLump.cs:строка 149
   в SourceUtils.WebExport.Bsp.AmbientController.&lt;&gt;c__DisplayClass0_0.&lt;Get&gt;b__0(Int32 x) в D:\a\SourceUtils\SourceUtils\SourceUtils.WebExport\Bsp\AmbientCubes.cs:строка 53
   в System.Linq.Enumerable.WhereSelectEnumerableIterator`2.MoveNext()
   в Newtonsoft.Json.Serialization.JsonSerializerInternalWriter.SerializeList(JsonWriter writer, IEnumerable values, JsonArrayContract contract, JsonProperty member, JsonContainerContract collectionContract, JsonProperty containerProperty)
   в Newtonsoft.Json.Serialization.JsonSerializerInternalWriter.SerializeValue(JsonWriter writer, Object value, JsonContract valueContract, JsonProperty member, JsonContainerContract containerContract, JsonProperty containerProperty)
   в Newtonsoft.Json.Serialization.JsonSerializerInternalWriter.SerializeObject(JsonWriter writer, Object value, JsonObjectContract contract, JsonProperty member, JsonContainerContract collectionContract, JsonProperty containerProperty)
   в Newtonsoft.Json.Serialization.JsonSerializerInternalWriter.SerializeValue(JsonWriter writer, Object value, JsonContract valueContract, JsonProperty member, JsonContainerContract containerContract, JsonProperty containerProperty)
   в Newtonsoft.Json.Serialization.JsonSerializerInternalWriter.Serialize(JsonWriter jsonWriter, Object value, Type objectType)
   в Newtonsoft.Json.JsonSerializer.SerializeInternal(JsonWriter jsonWriter, Object value, Type objectType)
   в Newtonsoft.Json.Linq.JToken.FromObjectInternal(Object o, JsonSerializer jsonSerializer)
   в Newtonsoft.Json.Linq.JObject.FromObject(Object o, JsonSerializer jsonSerializer)
   в SourceUtils.WebExport.ResourceController.OnWriteObject(Object obj) в D:\a\SourceUtils\SourceUtils\SourceUtils.WebExport\ResourceController.cs:строка 378
   в lambda_method(Closure , Controller )
   в Ziks.WebServer.ControllerActionMap.TryInvokeAction(Controller controller, HttpListenerRequest request)
   в Ziks.WebServer.Controller.Service(HttpListenerContext context, Session session)
   --- Конец трассировки внутреннего стека исключений ---
    </code>
  </body>
</html>


<!DOCTYPE html>
<html>
  <head>
    <title>500: InternalServerError</title>
  </head>
  <body>
    <h2>500: InternalServerError</h2>
    Request:&nbsp;<code>
      http://localhost:39281/maps/surf_eclipse/geom/ambientpage0.json</code>
    <br />
    Message:&nbsp;<code>1 is not &gt;= 0 and &lt; 0.</code>
    <br />
    <code style="padding:8px;white-space:pre-wrap;display:block;">
Ziks.WebServer.ControllerActionException: 1 is not &gt;= 0 and &lt; 0. ---&gt; System.IndexOutOfRangeException: 1 is not &gt;= 0 and &lt; 0.
   в SourceUtils.ValveBspFile.StructArrayLump`1.get_Item(Int32 index) в D:\a\SourceUtils\SourceUtils\SourceUtils\ValveBsp\ArrayLump.cs:строка 149
   в SourceUtils.WebExport.Bsp.AmbientController.&lt;&gt;c__DisplayClass0_0.&lt;Get&gt;b__0(Int32 x) в D:\a\SourceUtils\SourceUtils\SourceUtils.WebExport\Bsp\AmbientCubes.cs:строка 53
   в System.Linq.Enumerable.WhereSelectEnumerableIterator`2.MoveNext()
   в Newtonsoft.Json.Serialization.JsonSerializerInternalWriter.SerializeList(JsonWriter writer, IEnumerable values, JsonArrayContract contract, JsonProperty member, JsonContainerContract collectionContract, JsonProperty containerProperty)
   в Newtonsoft.Json.Serialization.JsonSerializerInternalWriter.SerializeValue(JsonWriter writer, Object value, JsonContract valueContract, JsonProperty member, JsonContainerContract containerContract, JsonProperty containerProperty)
   в Newtonsoft.Json.Serialization.JsonSerializerInternalWriter.SerializeObject(JsonWriter writer, Object value, JsonObjectContract contract, JsonProperty member, JsonContainerContract collectionContract, JsonProperty containerProperty)
   в Newtonsoft.Json.Serialization.JsonSerializerInternalWriter.SerializeValue(JsonWriter writer, Object value, JsonContract valueContract, JsonProperty member, JsonContainerContract containerContract, JsonProperty containerProperty)
   в Newtonsoft.Json.Serialization.JsonSerializerInternalWriter.Serialize(JsonWriter jsonWriter, Object value, Type objectType)
   в Newtonsoft.Json.JsonSerializer.SerializeInternal(JsonWriter jsonWriter, Object value, Type objectType)
   в Newtonsoft.Json.Linq.JToken.FromObjectInternal(Object o, JsonSerializer jsonSerializer)
   в Newtonsoft.Json.Linq.JObject.FromObject(Object o, JsonSerializer jsonSerializer)
   в SourceUtils.WebExport.ResourceController.OnWriteObject(Object obj) в D:\a\SourceUtils\SourceUtils\SourceUtils.WebExport\ResourceController.cs:строка 378
   в lambda_method(Closure , Controller )
   в Ziks.WebServer.ControllerActionMap.TryInvokeAction(Controller controller, HttpListenerRequest request)
   в Ziks.WebServer.Controller.Service(HttpListenerContext context, Session session)
   --- Конец трассировки внутреннего стека исключений ---
    </code>
  </body>
</html>


<!DOCTYPE html>
<html>
  <head>
    <title>500: InternalServerError</title>
  </head>
  <body>
    <h2>500: InternalServerError</h2>
    Request:&nbsp;<code>
      http://localhost:39281/maps/surf_eclipse/geom/ambientpage1.json</code>
    <br />
    Message:&nbsp;<code>4096 is not &gt;= 0 and &lt; 0.</code>
    <br />
    <code style="padding:8px;white-space:pre-wrap;display:block;">
Ziks.WebServer.ControllerActionException: 4096 is not &gt;= 0 and &lt; 0. ---&gt; System.IndexOutOfRangeException: 4096 is not &gt;= 0 and &lt; 0.
   в SourceUtils.ValveBspFile.StructArrayLump`1.get_Item(Int32 index) в D:\a\SourceUtils\SourceUtils\SourceUtils\ValveBsp\ArrayLump.cs:строка 149
   в SourceUtils.WebExport.Bsp.AmbientController.&lt;&gt;c__DisplayClass0_0.&lt;Get&gt;b__0(Int32 x) в D:\a\SourceUtils\SourceUtils\SourceUtils.WebExport\Bsp\AmbientCubes.cs:строка 53
   в System.Linq.Enumerable.WhereSelectEnumerableIterator`2.MoveNext()
   в Newtonsoft.Json.Serialization.JsonSerializerInternalWriter.SerializeList(JsonWriter writer, IEnumerable values, JsonArrayContract contract, JsonProperty member, JsonContainerContract collectionContract, JsonProperty containerProperty)
   в Newtonsoft.Json.Serialization.JsonSerializerInternalWriter.SerializeValue(JsonWriter writer, Object value, JsonContract valueContract, JsonProperty member, JsonContainerContract containerContract, JsonProperty containerProperty)
   в Newtonsoft.Json.Serialization.JsonSerializerInternalWriter.SerializeObject(JsonWriter writer, Object value, JsonObjectContract contract, JsonProperty member, JsonContainerContract collectionContract, JsonProperty containerProperty)
   в Newtonsoft.Json.Serialization.JsonSerializerInternalWriter.SerializeValue(JsonWriter writer, Object value, JsonContract valueContract, JsonProperty member, JsonContainerContract containerContract, JsonProperty containerProperty)
   в Newtonsoft.Json.Serialization.JsonSerializerInternalWriter.Serialize(JsonWriter jsonWriter, Object value, Type objectType)
   в Newtonsoft.Json.JsonSerializer.SerializeInternal(JsonWriter jsonWriter, Object value, Type objectType)
   в Newtonsoft.Json.Linq.JToken.FromObjectInternal(Object o, JsonSerializer jsonSerializer)
   в Newtonsoft.Json.Linq.JObject.FromObject(Object o, JsonSerializer jsonSerializer)
   в SourceUtils.WebExport.ResourceController.OnWriteObject(Object obj) в D:\a\SourceUtils\SourceUtils\SourceUtils.WebExport\ResourceController.cs:строка 378
   в lambda_method(Closure , Controller )
   в Ziks.WebServer.ControllerActionMap.TryInvokeAction(Controller controller, HttpListenerRequest request)
   в Ziks.WebServer.Controller.Service(HttpListenerContext context, Session session)
   --- Конец трассировки внутреннего стека исключений ---
    </code>
  </body>
</html>


<!DOCTYPE html>
<html>
  <head>
    <title>500: InternalServerError</title>
  </head>
  <body>
    <h2>500: InternalServerError</h2>
    Request:&nbsp;<code>
      http://localhost:39281/maps/surf_elements_beta3/geom/ambientpage0.json</code>
    <br />
    Message:&nbsp;<code>1 is not &gt;= 0 and &lt; 0.</code>
    <br />
    <code style="padding:8px;white-space:pre-wrap;display:block;">
Ziks.WebServer.ControllerActionException: 1 is not &gt;= 0 and &lt; 0. ---&gt; System.IndexOutOfRangeException: 1 is not &gt;= 0 and &lt; 0.
   в SourceUtils.ValveBspFile.StructArrayLump`1.get_Item(Int32 index) в D:\a\SourceUtils\SourceUtils\SourceUtils\ValveBsp\ArrayLump.cs:строка 149
   в SourceUtils.WebExport.Bsp.AmbientController.&lt;&gt;c__DisplayClass0_0.&lt;Get&gt;b__0(Int32 x) в D:\a\SourceUtils\SourceUtils\SourceUtils.WebExport\Bsp\AmbientCubes.cs:строка 53
   в System.Linq.Enumerable.WhereSelectEnumerableIterator`2.MoveNext()
   в Newtonsoft.Json.Serialization.JsonSerializerInternalWriter.SerializeList(JsonWriter writer, IEnumerable values, JsonArrayContract contract, JsonProperty member, JsonContainerContract collectionContract, JsonProperty containerProperty)
   в Newtonsoft.Json.Serialization.JsonSerializerInternalWriter.SerializeValue(JsonWriter writer, Object value, JsonContract valueContract, JsonProperty member, JsonContainerContract containerContract, JsonProperty containerProperty)
   в Newtonsoft.Json.Serialization.JsonSerializerInternalWriter.SerializeObject(JsonWriter writer, Object value, JsonObjectContract contract, JsonProperty member, JsonContainerContract collectionContract, JsonProperty containerProperty)
   в Newtonsoft.Json.Serialization.JsonSerializerInternalWriter.SerializeValue(JsonWriter writer, Object value, JsonContract valueContract, JsonProperty member, JsonContainerContract containerContract, JsonProperty containerProperty)
   в Newtonsoft.Json.Serialization.JsonSerializerInternalWriter.Serialize(JsonWriter jsonWriter, Object value, Type objectType)
   в Newtonsoft.Json.JsonSerializer.SerializeInternal(JsonWriter jsonWriter, Object value, Type objectType)
   в Newtonsoft.Json.Linq.JToken.FromObjectInternal(Object o, JsonSerializer jsonSerializer)
   в Newtonsoft.Json.Linq.JObject.FromObject(Object o, JsonSerializer jsonSerializer)
   в SourceUtils.WebExport.ResourceController.OnWriteObject(Object obj) в D:\a\SourceUtils\SourceUtils\SourceUtils.WebExport\ResourceController.cs:строка 378
   в lambda_method(Closure , Controller )
   в Ziks.WebServer.ControllerActionMap.TryInvokeAction(Controller controller, HttpListenerRequest request)
   в Ziks.WebServer.Controller.Service(HttpListenerContext context, Session session)
   --- Конец трассировки внутреннего стека исключений ---
    </code>
  </body>
</html>


<!DOCTYPE html>
<html>
  <head>
    <title>500: InternalServerError</title>
  </head>
  <body>
    <h2>500: InternalServerError</h2>
    Request:&nbsp;<code>
      http://localhost:39281/maps/surf_elements_beta3/geom/ambientpage1.json</code>
    <br />
    Message:&nbsp;<code>4096 is not &gt;= 0 and &lt; 0.</code>
    <br />
    <code style="padding:8px;white-space:pre-wrap;display:block;">
Ziks.WebServer.ControllerActionException: 4096 is not &gt;= 0 and &lt; 0. ---&gt; System.IndexOutOfRangeException: 4096 is not &gt;= 0 and &lt; 0.
   в SourceUtils.ValveBspFile.StructArrayLump`1.get_Item(Int32 index) в D:\a\SourceUtils\SourceUtils\SourceUtils\ValveBsp\ArrayLump.cs:строка 149
   в SourceUtils.WebExport.Bsp.AmbientController.&lt;&gt;c__DisplayClass0_0.&lt;Get&gt;b__0(Int32 x) в D:\a\SourceUtils\SourceUtils\SourceUtils.WebExport\Bsp\AmbientCubes.cs:строка 53
   в System.Linq.Enumerable.WhereSelectEnumerableIterator`2.MoveNext()
   в Newtonsoft.Json.Serialization.JsonSerializerInternalWriter.SerializeList(JsonWriter writer, IEnumerable values, JsonArrayContract contract, JsonProperty member, JsonContainerContract collectionContract, JsonProperty containerProperty)
   в Newtonsoft.Json.Serialization.JsonSerializerInternalWriter.SerializeValue(JsonWriter writer, Object value, JsonContract valueContract, JsonProperty member, JsonContainerContract containerContract, JsonProperty containerProperty)
   в Newtonsoft.Json.Serialization.JsonSerializerInternalWriter.SerializeObject(JsonWriter writer, Object value, JsonObjectContract contract, JsonProperty member, JsonContainerContract collectionContract, JsonProperty containerProperty)
   в Newtonsoft.Json.Serialization.JsonSerializerInternalWriter.SerializeValue(JsonWriter writer, Object value, JsonContract valueContract, JsonProperty member, JsonContainerContract containerContract, JsonProperty containerProperty)
   в Newtonsoft.Json.Serialization.JsonSerializerInternalWriter.Serialize(JsonWriter jsonWriter, Object value, Type objectType)
   в Newtonsoft.Json.JsonSerializer.SerializeInternal(JsonWriter jsonWriter, Object value, Type objectType)
   в Newtonsoft.Json.Linq.JToken.FromObjectInternal(Object o, JsonSerializer jsonSerializer)
   в Newtonsoft.Json.Linq.JObject.FromObject(Object o, JsonSerializer jsonSerializer)
   в SourceUtils.WebExport.ResourceController.OnWriteObject(Object obj) в D:\a\SourceUtils\SourceUtils\SourceUtils.WebExport\ResourceController.cs:строка 378
   в lambda_method(Closure , Controller )
   в Ziks.WebServer.ControllerActionMap.TryInvokeAction(Controller controller, HttpListenerRequest request)
   в Ziks.WebServer.Controller.Service(HttpListenerContext context, Session session)
   --- Конец трассировки внутреннего стека исключений ---
    </code>
  </body>
</html>


<!DOCTYPE html>
<html>
  <head>
    <title>500: InternalServerError</title>
  </head>
  <body>
    <h2>500: InternalServerError</h2>
    Request:&nbsp;<code>
      http://localhost:39281/maps/surf_elements_beta3/geom/ambientpage2.json</code>
    <br />
    Message:&nbsp;<code>8192 is not &gt;= 0 and &lt; 0.</code>
    <br />
    <code style="padding:8px;white-space:pre-wrap;display:block;">
Ziks.WebServer.ControllerActionException: 8192 is not &gt;= 0 and &lt; 0. ---&gt; System.IndexOutOfRangeException: 8192 is not &gt;= 0 and &lt; 0.
   в SourceUtils.ValveBspFile.StructArrayLump`1.get_Item(Int32 index) в D:\a\SourceUtils\SourceUtils\SourceUtils\ValveBsp\ArrayLump.cs:строка 149
   в SourceUtils.WebExport.Bsp.AmbientController.&lt;&gt;c__DisplayClass0_0.&lt;Get&gt;b__0(Int32 x) в D:\a\SourceUtils\SourceUtils\SourceUtils.WebExport\Bsp\AmbientCubes.cs:строка 53
   в System.Linq.Enumerable.WhereSelectEnumerableIterator`2.MoveNext()
   в Newtonsoft.Json.Serialization.JsonSerializerInternalWriter.SerializeList(JsonWriter writer, IEnumerable values, JsonArrayContract contract, JsonProperty member, JsonContainerContract collectionContract, JsonProperty containerProperty)
   в Newtonsoft.Json.Serialization.JsonSerializerInternalWriter.SerializeValue(JsonWriter writer, Object value, JsonContract valueContract, JsonProperty member, JsonContainerContract containerContract, JsonProperty containerProperty)
   в Newtonsoft.Json.Serialization.JsonSerializerInternalWriter.SerializeObject(JsonWriter writer, Object value, JsonObjectContract contract, JsonProperty member, JsonContainerContract collectionContract, JsonProperty containerProperty)
   в Newtonsoft.Json.Serialization.JsonSerializerInternalWriter.SerializeValue(JsonWriter writer, Object value, JsonContract valueContract, JsonProperty member, JsonContainerContract containerContract, JsonProperty containerProperty)
   в Newtonsoft.Json.Serialization.JsonSerializerInternalWriter.Serialize(JsonWriter jsonWriter, Object value, Type objectType)
   в Newtonsoft.Json.JsonSerializer.SerializeInternal(JsonWriter jsonWriter, Object value, Type objectType)
   в Newtonsoft.Json.Linq.JToken.FromObjectInternal(Object o, JsonSerializer jsonSerializer)
   в Newtonsoft.Json.Linq.JObject.FromObject(Object o, JsonSerializer jsonSerializer)
   в SourceUtils.WebExport.ResourceController.OnWriteObject(Object obj) в D:\a\SourceUtils\SourceUtils\SourceUtils.WebExport\ResourceController.cs:строка 378
   в lambda_method(Closure , Controller )
   в Ziks.WebServer.ControllerActionMap.TryInvokeAction(Controller controller, HttpListenerRequest request)
   в Ziks.WebServer.Controller.Service(HttpListenerContext context, Session session)
   --- Конец трассировки внутреннего стека исключений ---
    </code>
  </body>
</html>


<!DOCTYPE html>
<html>
  <head>
    <title>500: InternalServerError</title>
  </head>
  <body>
    <h2>500: InternalServerError</h2>
    Request:&nbsp;<code>
      http://localhost:39281/maps/surf_elements_beta3/geom/ambientpage3.json</code>
    <br />
    Message:&nbsp;<code>12288 is not &gt;= 0 and &lt; 0.</code>
    <br />
    <code style="padding:8px;white-space:pre-wrap;display:block;">
Ziks.WebServer.ControllerActionException: 12288 is not &gt;= 0 and &lt; 0. ---&gt; System.IndexOutOfRangeException: 12288 is not &gt;= 0 and &lt; 0.
   в SourceUtils.ValveBspFile.StructArrayLump`1.get_Item(Int32 index) в D:\a\SourceUtils\SourceUtils\SourceUtils\ValveBsp\ArrayLump.cs:строка 149
   в SourceUtils.WebExport.Bsp.AmbientController.&lt;&gt;c__DisplayClass0_0.&lt;Get&gt;b__0(Int32 x) в D:\a\SourceUtils\SourceUtils\SourceUtils.WebExport\Bsp\AmbientCubes.cs:строка 53
   в System.Linq.Enumerable.WhereSelectEnumerableIterator`2.MoveNext()
   в Newtonsoft.Json.Serialization.JsonSerializerInternalWriter.SerializeList(JsonWriter writer, IEnumerable values, JsonArrayContract contract, JsonProperty member, JsonContainerContract collectionContract, JsonProperty containerProperty)
   в Newtonsoft.Json.Serialization.JsonSerializerInternalWriter.SerializeValue(JsonWriter writer, Object value, JsonContract valueContract, JsonProperty member, JsonContainerContract containerContract, JsonProperty containerProperty)
   в Newtonsoft.Json.Serialization.JsonSerializerInternalWriter.SerializeObject(JsonWriter writer, Object value, JsonObjectContract contract, JsonProperty member, JsonContainerContract collectionContract, JsonProperty containerProperty)
   в Newtonsoft.Json.Serialization.JsonSerializerInternalWriter.SerializeValue(JsonWriter writer, Object value, JsonContract valueContract, JsonProperty member, JsonContainerContract containerContract, JsonProperty containerProperty)
   в Newtonsoft.Json.Serialization.JsonSerializerInternalWriter.Serialize(JsonWriter jsonWriter, Object value, Type objectType)
   в Newtonsoft.Json.JsonSerializer.SerializeInternal(JsonWriter jsonWriter, Object value, Type objectType)
   в Newtonsoft.Json.Linq.JToken.FromObjectInternal(Object o, JsonSerializer jsonSerializer)
   в Newtonsoft.Json.Linq.JObject.FromObject(Object o, JsonSerializer jsonSerializer)
   в SourceUtils.WebExport.ResourceController.OnWriteObject(Object obj) в D:\a\SourceUtils\SourceUtils\SourceUtils.WebExport\ResourceController.cs:строка 378
   в lambda_method(Closure , Controller )
   в Ziks.WebServer.ControllerActionMap.TryInvokeAction(Controller controller, HttpListenerRequest request)
   в Ziks.WebServer.Controller.Service(HttpListenerContext context, Session session)
   --- Конец трассировки внутреннего стека исключений ---
    </code>
  </body>
</html>


<!DOCTYPE html>
<html>
  <head>
    <title>500: InternalServerError</title>
  </head>
  <body>
    <h2>500: InternalServerError</h2>
    Request:&nbsp;<code>
      http://localhost:39281/maps/surf_elysium3/geom/leafpage0.json</code>
    <br />
    Message:&nbsp;<code>Expected /$/</code>
    <br />
    <code style="padding:8px;white-space:pre-wrap;display:block;">
Ziks.WebServer.ControllerActionException: Expected /$/ ---&gt; SourceUtils.KeyValuesParserException: Expected /$/
   в SourceUtils.KeyValues.Parse(String value, KeyValuesFlags flags) в D:\a\SourceUtils\SourceUtils\SourceUtils\KeyValues.cs:строка 331
   в SourceUtils.KeyValues.FromStream(Stream stream, KeyValuesFlags flags) в D:\a\SourceUtils\SourceUtils\SourceUtils\KeyValues.cs:строка 357
   в SourceUtils.ValveMaterialFile.FromProvider(String path, IResourceProvider[] providers) в D:\a\SourceUtils\SourceUtils\SourceUtils\ValveMaterialFile.cs:строка 33
   в SourceUtils.WebExport.Bsp.GeometryController.GetOrCreateMeshData(ValveBspFile bsp, GeometryPage page, String matPath, Boolean cacheVertices) в D:\a\SourceUtils\SourceUtils\SourceUtils.WebExport\Bsp\Geometry.cs:строка 471
   в SourceUtils.WebExport.Bsp.GeometryController.WriteFace(ValveBspFile bsp, Int32 faceIndex, GeometryPage page, List`1 outFaces) в D:\a\SourceUtils\SourceUtils\SourceUtils.WebExport\Bsp\Geometry.cs:строка 506
   в SourceUtils.WebExport.Bsp.GeometryController.GetLeafPage(String map, Int32 index) в D:\a\SourceUtils\SourceUtils\SourceUtils.WebExport\Bsp\Geometry.cs:строка 728
   в lambda_method(Closure , Controller )
   в Ziks.WebServer.ControllerActionMap.TryInvokeAction(Controller controller, HttpListenerRequest request)
   в Ziks.WebServer.Controller.Service(HttpListenerContext context, Session session)
   --- Конец трассировки внутреннего стека исключений ---
    </code>
  </body>
</html>


<!DOCTYPE html>
<html>
  <head>
    <title>500: InternalServerError</title>
  </head>
  <body>
    <h2>500: InternalServerError</h2>
    Request:&nbsp;<code>
      http://localhost:39281/maps/surf_elysium3/geom/leafpage1.json</code>
    <br />
    Message:&nbsp;<code>Expected /$/</code>
    <br />
    <code style="padding:8px;white-space:pre-wrap;display:block;">
Ziks.WebServer.ControllerActionException: Expected /$/ ---&gt; SourceUtils.KeyValuesParserException: Expected /$/
   в SourceUtils.KeyValues.Parse(String value, KeyValuesFlags flags) в D:\a\SourceUtils\SourceUtils\SourceUtils\KeyValues.cs:строка 331
   в SourceUtils.KeyValues.FromStream(Stream stream, KeyValuesFlags flags) в D:\a\SourceUtils\SourceUtils\SourceUtils\KeyValues.cs:строка 357
   в SourceUtils.ValveMaterialFile.FromProvider(String path, IResourceProvider[] providers) в D:\a\SourceUtils\SourceUtils\SourceUtils\ValveMaterialFile.cs:строка 33
   в SourceUtils.WebExport.Bsp.GeometryController.GetOrCreateMeshData(ValveBspFile bsp, GeometryPage page, String matPath, Boolean cacheVertices) в D:\a\SourceUtils\SourceUtils\SourceUtils.WebExport\Bsp\Geometry.cs:строка 471
   в SourceUtils.WebExport.Bsp.GeometryController.WriteFace(ValveBspFile bsp, Int32 faceIndex, GeometryPage page, List`1 outFaces) в D:\a\SourceUtils\SourceUtils\SourceUtils.WebExport\Bsp\Geometry.cs:строка 506
   в SourceUtils.WebExport.Bsp.GeometryController.GetLeafPage(String map, Int32 index) в D:\a\SourceUtils\SourceUtils\SourceUtils.WebExport\Bsp\Geometry.cs:строка 728
   в lambda_method(Closure , Controller )
   в Ziks.WebServer.ControllerActionMap.TryInvokeAction(Controller controller, HttpListenerRequest request)
   в Ziks.WebServer.Controller.Service(HttpListenerContext context, Session session)
   --- Конец трассировки внутреннего стека исключений ---
    </code>
  </body>
</html>


<!DOCTYPE html>
<html>
  <head>
    <title>500: InternalServerError</title>
  </head>
  <body>
    <h2>500: InternalServerError</h2>
    Request:&nbsp;<code>
      http://localhost:39281/maps/surf_elysium3/materials/matpage0.json</code>
    <br />
    Message:&nbsp;<code>Expected /$/</code>
    <br />
    <code style="padding:8px;white-space:pre-wrap;display:block;">
Ziks.WebServer.ControllerActionException: Expected /$/ ---&gt; SourceUtils.KeyValuesParserException: Expected /$/
   в SourceUtils.KeyValues.Parse(String value, KeyValuesFlags flags) в D:\a\SourceUtils\SourceUtils\SourceUtils\KeyValues.cs:строка 331
   в SourceUtils.KeyValues.FromStream(Stream stream, KeyValuesFlags flags) в D:\a\SourceUtils\SourceUtils\SourceUtils\KeyValues.cs:строка 357
   в SourceUtils.ValveMaterialFile.FromProvider(String path, IResourceProvider[] providers) в D:\a\SourceUtils\SourceUtils\SourceUtils\ValveMaterialFile.cs:строка 33
   в SourceUtils.WebExport.Material.Get(ValveBspFile bsp, String path) в D:\a\SourceUtils\SourceUtils\SourceUtils.WebExport\Material.cs:строка 284
   в SourceUtils.WebExport.Bsp.MaterialController.GetPage(String map, Int32 index) в D:\a\SourceUtils\SourceUtils\SourceUtils.WebExport\Bsp\Materials.cs:строка 43
   в lambda_method(Closure , Controller )
   в Ziks.WebServer.ControllerActionMap.TryInvokeAction(Controller controller, HttpListenerRequest request)
   в Ziks.WebServer.Controller.Service(HttpListenerContext context, Session session)
   --- Конец трассировки внутреннего стека исключений ---
    </code>
  </body>
</html>


<!DOCTYPE html>
<html>
  <head>
    <title>500: InternalServerError</title>
  </head>
  <body>
    <h2>500: InternalServerError</h2>
    Request:&nbsp;<code>
      http://localhost:39281/maps/surf_entropy_finalv2/geom/ambientpage0.json</code>
    <br />
    Message:&nbsp;<code>1 is not &gt;= 0 and &lt; 0.</code>
    <br />
    <code style="padding:8px;white-space:pre-wrap;display:block;">
Ziks.WebServer.ControllerActionException: 1 is not &gt;= 0 and &lt; 0. ---&gt; System.IndexOutOfRangeException: 1 is not &gt;= 0 and &lt; 0.
   в SourceUtils.ValveBspFile.StructArrayLump`1.get_Item(Int32 index) в D:\a\SourceUtils\SourceUtils\SourceUtils\ValveBsp\ArrayLump.cs:строка 149
   в SourceUtils.WebExport.Bsp.AmbientController.&lt;&gt;c__DisplayClass0_0.&lt;Get&gt;b__0(Int32 x) в D:\a\SourceUtils\SourceUtils\SourceUtils.WebExport\Bsp\AmbientCubes.cs:строка 53
   в System.Linq.Enumerable.WhereSelectEnumerableIterator`2.MoveNext()
   в Newtonsoft.Json.Serialization.JsonSerializerInternalWriter.SerializeList(JsonWriter writer, IEnumerable values, JsonArrayContract contract, JsonProperty member, JsonContainerContract collectionContract, JsonProperty containerProperty)
   в Newtonsoft.Json.Serialization.JsonSerializerInternalWriter.SerializeValue(JsonWriter writer, Object value, JsonContract valueContract, JsonProperty member, JsonContainerContract containerContract, JsonProperty containerProperty)
   в Newtonsoft.Json.Serialization.JsonSerializerInternalWriter.SerializeObject(JsonWriter writer, Object value, JsonObjectContract contract, JsonProperty member, JsonContainerContract collectionContract, JsonProperty containerProperty)
   в Newtonsoft.Json.Serialization.JsonSerializerInternalWriter.SerializeValue(JsonWriter writer, Object value, JsonContract valueContract, JsonProperty member, JsonContainerContract containerContract, JsonProperty containerProperty)
   в Newtonsoft.Json.Serialization.JsonSerializerInternalWriter.Serialize(JsonWriter jsonWriter, Object value, Type objectType)
   в Newtonsoft.Json.JsonSerializer.SerializeInternal(JsonWriter jsonWriter, Object value, Type objectType)
   в Newtonsoft.Json.Linq.JToken.FromObjectInternal(Object o, JsonSerializer jsonSerializer)
   в Newtonsoft.Json.Linq.JObject.FromObject(Object o, JsonSerializer jsonSerializer)
   в SourceUtils.WebExport.ResourceController.OnWriteObject(Object obj) в D:\a\SourceUtils\SourceUtils\SourceUtils.WebExport\ResourceController.cs:строка 378
   в lambda_method(Closure , Controller )
   в Ziks.WebServer.ControllerActionMap.TryInvokeAction(Controller controller, HttpListenerRequest request)
   в Ziks.WebServer.Controller.Service(HttpListenerContext context, Session session)
   --- Конец трассировки внутреннего стека исключений ---
    </code>
  </body>
</html>


<!DOCTYPE html>
<html>
  <head>
    <title>500: InternalServerError</title>
  </head>
  <body>
    <h2>500: InternalServerError</h2>
    Request:&nbsp;<code>
      http://localhost:39281/maps/surf_entropy_finalv2/geom/ambientpage1.json</code>
    <br />
    Message:&nbsp;<code>4096 is not &gt;= 0 and &lt; 0.</code>
    <br />
    <code style="padding:8px;white-space:pre-wrap;display:block;">
Ziks.WebServer.ControllerActionException: 4096 is not &gt;= 0 and &lt; 0. ---&gt; System.IndexOutOfRangeException: 4096 is not &gt;= 0 and &lt; 0.
   в SourceUtils.ValveBspFile.StructArrayLump`1.get_Item(Int32 index) в D:\a\SourceUtils\SourceUtils\SourceUtils\ValveBsp\ArrayLump.cs:строка 149
   в SourceUtils.WebExport.Bsp.AmbientController.&lt;&gt;c__DisplayClass0_0.&lt;Get&gt;b__0(Int32 x) в D:\a\SourceUtils\SourceUtils\SourceUtils.WebExport\Bsp\AmbientCubes.cs:строка 53
   в System.Linq.Enumerable.WhereSelectEnumerableIterator`2.MoveNext()
   в Newtonsoft.Json.Serialization.JsonSerializerInternalWriter.SerializeList(JsonWriter writer, IEnumerable values, JsonArrayContract contract, JsonProperty member, JsonContainerContract collectionContract, JsonProperty containerProperty)
   в Newtonsoft.Json.Serialization.JsonSerializerInternalWriter.SerializeValue(JsonWriter writer, Object value, JsonContract valueContract, JsonProperty member, JsonContainerContract containerContract, JsonProperty containerProperty)
   в Newtonsoft.Json.Serialization.JsonSerializerInternalWriter.SerializeObject(JsonWriter writer, Object value, JsonObjectContract contract, JsonProperty member, JsonContainerContract collectionContract, JsonProperty containerProperty)
   в Newtonsoft.Json.Serialization.JsonSerializerInternalWriter.SerializeValue(JsonWriter writer, Object value, JsonContract valueContract, JsonProperty member, JsonContainerContract containerContract, JsonProperty containerProperty)
   в Newtonsoft.Json.Serialization.JsonSerializerInternalWriter.Serialize(JsonWriter jsonWriter, Object value, Type objectType)
   в Newtonsoft.Json.JsonSerializer.SerializeInternal(JsonWriter jsonWriter, Object value, Type objectType)
   в Newtonsoft.Json.Linq.JToken.FromObjectInternal(Object o, JsonSerializer jsonSerializer)
   в Newtonsoft.Json.Linq.JObject.FromObject(Object o, JsonSerializer jsonSerializer)
   в SourceUtils.WebExport.ResourceController.OnWriteObject(Object obj) в D:\a\SourceUtils\SourceUtils\SourceUtils.WebExport\ResourceController.cs:строка 378
   в lambda_method(Closure , Controller )
   в Ziks.WebServer.ControllerActionMap.TryInvokeAction(Controller controller, HttpListenerRequest request)
   в Ziks.WebServer.Controller.Service(HttpListenerContext context, Session session)
   --- Конец трассировки внутреннего стека исключений ---
    </code>
  </body>
</html>


<!DOCTYPE html>
<html>
  <head>
    <title>500: InternalServerError</title>
  </head>
  <body>
    <h2>500: InternalServerError</h2>
    Request:&nbsp;<code>
      http://localhost:39281/maps/surf_entropy_finalv2/geom/ambientpage2.json</code>
    <br />
    Message:&nbsp;<code>8192 is not &gt;= 0 and &lt; 0.</code>
    <br />
    <code style="padding:8px;white-space:pre-wrap;display:block;">
Ziks.WebServer.ControllerActionException: 8192 is not &gt;= 0 and &lt; 0. ---&gt; System.IndexOutOfRangeException: 8192 is not &gt;= 0 and &lt; 0.
   в SourceUtils.ValveBspFile.StructArrayLump`1.get_Item(Int32 index) в D:\a\SourceUtils\SourceUtils\SourceUtils\ValveBsp\ArrayLump.cs:строка 149
   в SourceUtils.WebExport.Bsp.AmbientController.&lt;&gt;c__DisplayClass0_0.&lt;Get&gt;b__0(Int32 x) в D:\a\SourceUtils\SourceUtils\SourceUtils.WebExport\Bsp\AmbientCubes.cs:строка 53
   в System.Linq.Enumerable.WhereSelectEnumerableIterator`2.MoveNext()
   в Newtonsoft.Json.Serialization.JsonSerializerInternalWriter.SerializeList(JsonWriter writer, IEnumerable values, JsonArrayContract contract, JsonProperty member, JsonContainerContract collectionContract, JsonProperty containerProperty)
   в Newtonsoft.Json.Serialization.JsonSerializerInternalWriter.SerializeValue(JsonWriter writer, Object value, JsonContract valueContract, JsonProperty member, JsonContainerContract containerContract, JsonProperty containerProperty)
   в Newtonsoft.Json.Serialization.JsonSerializerInternalWriter.SerializeObject(JsonWriter writer, Object value, JsonObjectContract contract, JsonProperty member, JsonContainerContract collectionContract, JsonProperty containerProperty)
   в Newtonsoft.Json.Serialization.JsonSerializerInternalWriter.SerializeValue(JsonWriter writer, Object value, JsonContract valueContract, JsonProperty member, JsonContainerContract containerContract, JsonProperty containerProperty)
   в Newtonsoft.Json.Serialization.JsonSerializerInternalWriter.Serialize(JsonWriter jsonWriter, Object value, Type objectType)
   в Newtonsoft.Json.JsonSerializer.SerializeInternal(JsonWriter jsonWriter, Object value, Type objectType)
   в Newtonsoft.Json.Linq.JToken.FromObjectInternal(Object o, JsonSerializer jsonSerializer)
   в Newtonsoft.Json.Linq.JObject.FromObject(Object o, JsonSerializer jsonSerializer)
   в SourceUtils.WebExport.ResourceController.OnWriteObject(Object obj) в D:\a\SourceUtils\SourceUtils\SourceUtils.WebExport\ResourceController.cs:строка 378
   в lambda_method(Closure , Controller )
   в Ziks.WebServer.ControllerActionMap.TryInvokeAction(Controller controller, HttpListenerRequest request)
   в Ziks.WebServer.Controller.Service(HttpListenerContext context, Session session)
   --- Конец трассировки внутреннего стека исключений ---
    </code>
  </body>
</html>


<!DOCTYPE html>
<html>
  <head>
    <title>500: InternalServerError</title>
  </head>
  <body>
    <h2>500: InternalServerError</h2>
    Request:&nbsp;<code>
      http://localhost:39281/maps/surf_entropy_hardmode/geom/ambientpage0.json</code>
    <br />
    Message:&nbsp;<code>1 is not &gt;= 0 and &lt; 0.</code>
    <br />
    <code style="padding:8px;white-space:pre-wrap;display:block;">
Ziks.WebServer.ControllerActionException: 1 is not &gt;= 0 and &lt; 0. ---&gt; System.IndexOutOfRangeException: 1 is not &gt;= 0 and &lt; 0.
   в SourceUtils.ValveBspFile.StructArrayLump`1.get_Item(Int32 index) в D:\a\SourceUtils\SourceUtils\SourceUtils\ValveBsp\ArrayLump.cs:строка 149
   в SourceUtils.WebExport.Bsp.AmbientController.&lt;&gt;c__DisplayClass0_0.&lt;Get&gt;b__0(Int32 x) в D:\a\SourceUtils\SourceUtils\SourceUtils.WebExport\Bsp\AmbientCubes.cs:строка 53
   в System.Linq.Enumerable.WhereSelectEnumerableIterator`2.MoveNext()
   в Newtonsoft.Json.Serialization.JsonSerializerInternalWriter.SerializeList(JsonWriter writer, IEnumerable values, JsonArrayContract contract, JsonProperty member, JsonContainerContract collectionContract, JsonProperty containerProperty)
   в Newtonsoft.Json.Serialization.JsonSerializerInternalWriter.SerializeValue(JsonWriter writer, Object value, JsonContract valueContract, JsonProperty member, JsonContainerContract containerContract, JsonProperty containerProperty)
   в Newtonsoft.Json.Serialization.JsonSerializerInternalWriter.SerializeObject(JsonWriter writer, Object value, JsonObjectContract contract, JsonProperty member, JsonContainerContract collectionContract, JsonProperty containerProperty)
   в Newtonsoft.Json.Serialization.JsonSerializerInternalWriter.SerializeValue(JsonWriter writer, Object value, JsonContract valueContract, JsonProperty member, JsonContainerContract containerContract, JsonProperty containerProperty)
   в Newtonsoft.Json.Serialization.JsonSerializerInternalWriter.Serialize(JsonWriter jsonWriter, Object value, Type objectType)
   в Newtonsoft.Json.JsonSerializer.SerializeInternal(JsonWriter jsonWriter, Object value, Type objectType)
   в Newtonsoft.Json.Linq.JToken.FromObjectInternal(Object o, JsonSerializer jsonSerializer)
   в Newtonsoft.Json.Linq.JObject.FromObject(Object o, JsonSerializer jsonSerializer)
   в SourceUtils.WebExport.ResourceController.OnWriteObject(Object obj) в D:\a\SourceUtils\SourceUtils\SourceUtils.WebExport\ResourceController.cs:строка 378
   в lambda_method(Closure , Controller )
   в Ziks.WebServer.ControllerActionMap.TryInvokeAction(Controller controller, HttpListenerRequest request)
   в Ziks.WebServer.Controller.Service(HttpListenerContext context, Session session)
   --- Конец трассировки внутреннего стека исключений ---
    </code>
  </body>
</html>


<!DOCTYPE html>
<html>
  <head>
    <title>500: InternalServerError</title>
  </head>
  <body>
    <h2>500: InternalServerError</h2>
    Request:&nbsp;<code>http://localhost:39281/maps/surf_epic/geom/ambientpage0.json
      </code>
    <br />
    Message:&nbsp;<code>1 is not &gt;= 0 and &lt; 0.</code>
    <br />
    <code style="padding:8px;white-space:pre-wrap;display:block;">
Ziks.WebServer.ControllerActionException: 1 is not &gt;= 0 and &lt; 0. ---&gt; System.IndexOutOfRangeException: 1 is not &gt;= 0 and &lt; 0.
   в SourceUtils.ValveBspFile.StructArrayLump`1.get_Item(Int32 index) в D:\a\SourceUtils\SourceUtils\SourceUtils\ValveBsp\ArrayLump.cs:строка 149
   в SourceUtils.WebExport.Bsp.AmbientController.&lt;&gt;c__DisplayClass0_0.&lt;Get&gt;b__0(Int32 x) в D:\a\SourceUtils\SourceUtils\SourceUtils.WebExport\Bsp\AmbientCubes.cs:строка 53
   в System.Linq.Enumerable.WhereSelectEnumerableIterator`2.MoveNext()
   в Newtonsoft.Json.Serialization.JsonSerializerInternalWriter.SerializeList(JsonWriter writer, IEnumerable values, JsonArrayContract contract, JsonProperty member, JsonContainerContract collectionContract, JsonProperty containerProperty)
   в Newtonsoft.Json.Serialization.JsonSerializerInternalWriter.SerializeValue(JsonWriter writer, Object value, JsonContract valueContract, JsonProperty member, JsonContainerContract containerContract, JsonProperty containerProperty)
   в Newtonsoft.Json.Serialization.JsonSerializerInternalWriter.SerializeObject(JsonWriter writer, Object value, JsonObjectContract contract, JsonProperty member, JsonContainerContract collectionContract, JsonProperty containerProperty)
   в Newtonsoft.Json.Serialization.JsonSerializerInternalWriter.SerializeValue(JsonWriter writer, Object value, JsonContract valueContract, JsonProperty member, JsonContainerContract containerContract, JsonProperty containerProperty)
   в Newtonsoft.Json.Serialization.JsonSerializerInternalWriter.Serialize(JsonWriter jsonWriter, Object value, Type objectType)
   в Newtonsoft.Json.JsonSerializer.SerializeInternal(JsonWriter jsonWriter, Object value, Type objectType)
   в Newtonsoft.Json.Linq.JToken.FromObjectInternal(Object o, JsonSerializer jsonSerializer)
   в Newtonsoft.Json.Linq.JObject.FromObject(Object o, JsonSerializer jsonSerializer)
   в SourceUtils.WebExport.ResourceController.OnWriteObject(Object obj) в D:\a\SourceUtils\SourceUtils\SourceUtils.WebExport\ResourceController.cs:строка 378
   в lambda_method(Closure , Controller )
   в Ziks.WebServer.ControllerActionMap.TryInvokeAction(Controller controller, HttpListenerRequest request)
   в Ziks.WebServer.Controller.Service(HttpListenerContext context, Session session)
   --- Конец трассировки внутреннего стека исключений ---
    </code>
  </body>
</html>


<!DOCTYPE html>
<html>
  <head>
    <title>500: InternalServerError</title>
  </head>
  <body>
    <h2>500: InternalServerError</h2>
    Request:&nbsp;<code>http://localhost:39281/maps/surf_epic/geom/ambientpage1.json
      </code>
    <br />
    Message:&nbsp;<code>4096 is not &gt;= 0 and &lt; 0.</code>
    <br />
    <code style="padding:8px;white-space:pre-wrap;display:block;">
Ziks.WebServer.ControllerActionException: 4096 is not &gt;= 0 and &lt; 0. ---&gt; System.IndexOutOfRangeException: 4096 is not &gt;= 0 and &lt; 0.
   в SourceUtils.ValveBspFile.StructArrayLump`1.get_Item(Int32 index) в D:\a\SourceUtils\SourceUtils\SourceUtils\ValveBsp\ArrayLump.cs:строка 149
   в SourceUtils.WebExport.Bsp.AmbientController.&lt;&gt;c__DisplayClass0_0.&lt;Get&gt;b__0(Int32 x) в D:\a\SourceUtils\SourceUtils\SourceUtils.WebExport\Bsp\AmbientCubes.cs:строка 53
   в System.Linq.Enumerable.WhereSelectEnumerableIterator`2.MoveNext()
   в Newtonsoft.Json.Serialization.JsonSerializerInternalWriter.SerializeList(JsonWriter writer, IEnumerable values, JsonArrayContract contract, JsonProperty member, JsonContainerContract collectionContract, JsonProperty containerProperty)
   в Newtonsoft.Json.Serialization.JsonSerializerInternalWriter.SerializeValue(JsonWriter writer, Object value, JsonContract valueContract, JsonProperty member, JsonContainerContract containerContract, JsonProperty containerProperty)
   в Newtonsoft.Json.Serialization.JsonSerializerInternalWriter.SerializeObject(JsonWriter writer, Object value, JsonObjectContract contract, JsonProperty member, JsonContainerContract collectionContract, JsonProperty containerProperty)
   в Newtonsoft.Json.Serialization.JsonSerializerInternalWriter.SerializeValue(JsonWriter writer, Object value, JsonContract valueContract, JsonProperty member, JsonContainerContract containerContract, JsonProperty containerProperty)
   в Newtonsoft.Json.Serialization.JsonSerializerInternalWriter.Serialize(JsonWriter jsonWriter, Object value, Type objectType)
   в Newtonsoft.Json.JsonSerializer.SerializeInternal(JsonWriter jsonWriter, Object value, Type objectType)
   в Newtonsoft.Json.Linq.JToken.FromObjectInternal(Object o, JsonSerializer jsonSerializer)
   в Newtonsoft.Json.Linq.JObject.FromObject(Object o, JsonSerializer jsonSerializer)
   в SourceUtils.WebExport.ResourceController.OnWriteObject(Object obj) в D:\a\SourceUtils\SourceUtils\SourceUtils.WebExport\ResourceController.cs:строка 378
   в lambda_method(Closure , Controller )
   в Ziks.WebServer.ControllerActionMap.TryInvokeAction(Controller controller, HttpListenerRequest request)
   в Ziks.WebServer.Controller.Service(HttpListenerContext context, Session session)
   --- Конец трассировки внутреннего стека исключений ---
    </code>
  </body>
</html>


<!DOCTYPE html>
<html>
  <head>
    <title>500: InternalServerError</title>
  </head>
  <body>
    <h2>500: InternalServerError</h2>
    Request:&nbsp;<code>http://localhost:39281/maps/surf_epic/geom/ambientpage2.json
      </code>
    <br />
    Message:&nbsp;<code>8192 is not &gt;= 0 and &lt; 0.</code>
    <br />
    <code style="padding:8px;white-space:pre-wrap;display:block;">
Ziks.WebServer.ControllerActionException: 8192 is not &gt;= 0 and &lt; 0. ---&gt; System.IndexOutOfRangeException: 8192 is not &gt;= 0 and &lt; 0.
   в SourceUtils.ValveBspFile.StructArrayLump`1.get_Item(Int32 index) в D:\a\SourceUtils\SourceUtils\SourceUtils\ValveBsp\ArrayLump.cs:строка 149
   в SourceUtils.WebExport.Bsp.AmbientController.&lt;&gt;c__DisplayClass0_0.&lt;Get&gt;b__0(Int32 x) в D:\a\SourceUtils\SourceUtils\SourceUtils.WebExport\Bsp\AmbientCubes.cs:строка 53
   в System.Linq.Enumerable.WhereSelectEnumerableIterator`2.MoveNext()
   в Newtonsoft.Json.Serialization.JsonSerializerInternalWriter.SerializeList(JsonWriter writer, IEnumerable values, JsonArrayContract contract, JsonProperty member, JsonContainerContract collectionContract, JsonProperty containerProperty)
   в Newtonsoft.Json.Serialization.JsonSerializerInternalWriter.SerializeValue(JsonWriter writer, Object value, JsonContract valueContract, JsonProperty member, JsonContainerContract containerContract, JsonProperty containerProperty)
   в Newtonsoft.Json.Serialization.JsonSerializerInternalWriter.SerializeObject(JsonWriter writer, Object value, JsonObjectContract contract, JsonProperty member, JsonContainerContract collectionContract, JsonProperty containerProperty)
   в Newtonsoft.Json.Serialization.JsonSerializerInternalWriter.SerializeValue(JsonWriter writer, Object value, JsonContract valueContract, JsonProperty member, JsonContainerContract containerContract, JsonProperty containerProperty)
   в Newtonsoft.Json.Serialization.JsonSerializerInternalWriter.Serialize(JsonWriter jsonWriter, Object value, Type objectType)
   в Newtonsoft.Json.JsonSerializer.SerializeInternal(JsonWriter jsonWriter, Object value, Type objectType)
   в Newtonsoft.Json.Linq.JToken.FromObjectInternal(Object o, JsonSerializer jsonSerializer)
   в Newtonsoft.Json.Linq.JObject.FromObject(Object o, JsonSerializer jsonSerializer)
   в SourceUtils.WebExport.ResourceController.OnWriteObject(Object obj) в D:\a\SourceUtils\SourceUtils\SourceUtils.WebExport\ResourceController.cs:строка 378
   в lambda_method(Closure , Controller )
   в Ziks.WebServer.ControllerActionMap.TryInvokeAction(Controller controller, HttpListenerRequest request)
   в Ziks.WebServer.Controller.Service(HttpListenerContext context, Session session)
   --- Конец трассировки внутреннего стека исключений ---
    </code>
  </body>
</html>


<!DOCTYPE html>
<html>
  <head>
    <title>500: InternalServerError</title>
  </head>
  <body>
    <h2>500: InternalServerError</h2>
    Request:&nbsp;<code>http://localhost:39281/maps/surf_epic/geom/ambientpage3.json
      </code>
    <br />
    Message:&nbsp;<code>12288 is not &gt;= 0 and &lt; 0.</code>
    <br />
    <code style="padding:8px;white-space:pre-wrap;display:block;">
Ziks.WebServer.ControllerActionException: 12288 is not &gt;= 0 and &lt; 0. ---&gt; System.IndexOutOfRangeException: 12288 is not &gt;= 0 and &lt; 0.
   в SourceUtils.ValveBspFile.StructArrayLump`1.get_Item(Int32 index) в D:\a\SourceUtils\SourceUtils\SourceUtils\ValveBsp\ArrayLump.cs:строка 149
   в SourceUtils.WebExport.Bsp.AmbientController.&lt;&gt;c__DisplayClass0_0.&lt;Get&gt;b__0(Int32 x) в D:\a\SourceUtils\SourceUtils\SourceUtils.WebExport\Bsp\AmbientCubes.cs:строка 53
   в System.Linq.Enumerable.WhereSelectEnumerableIterator`2.MoveNext()
   в Newtonsoft.Json.Serialization.JsonSerializerInternalWriter.SerializeList(JsonWriter writer, IEnumerable values, JsonArrayContract contract, JsonProperty member, JsonContainerContract collectionContract, JsonProperty containerProperty)
   в Newtonsoft.Json.Serialization.JsonSerializerInternalWriter.SerializeValue(JsonWriter writer, Object value, JsonContract valueContract, JsonProperty member, JsonContainerContract containerContract, JsonProperty containerProperty)
   в Newtonsoft.Json.Serialization.JsonSerializerInternalWriter.SerializeObject(JsonWriter writer, Object value, JsonObjectContract contract, JsonProperty member, JsonContainerContract collectionContract, JsonProperty containerProperty)
   в Newtonsoft.Json.Serialization.JsonSerializerInternalWriter.SerializeValue(JsonWriter writer, Object value, JsonContract valueContract, JsonProperty member, JsonContainerContract containerContract, JsonProperty containerProperty)
   в Newtonsoft.Json.Serialization.JsonSerializerInternalWriter.Serialize(JsonWriter jsonWriter, Object value, Type objectType)
   в Newtonsoft.Json.JsonSerializer.SerializeInternal(JsonWriter jsonWriter, Object value, Type objectType)
   в Newtonsoft.Json.Linq.JToken.FromObjectInternal(Object o, JsonSerializer jsonSerializer)
   в Newtonsoft.Json.Linq.JObject.FromObject(Object o, JsonSerializer jsonSerializer)
   в SourceUtils.WebExport.ResourceController.OnWriteObject(Object obj) в D:\a\SourceUtils\SourceUtils\SourceUtils.WebExport\ResourceController.cs:строка 378
   в lambda_method(Closure , Controller )
   в Ziks.WebServer.ControllerActionMap.TryInvokeAction(Controller controller, HttpListenerRequest request)
   в Ziks.WebServer.Controller.Service(HttpListenerContext context, Session session)
   --- Конец трассировки внутреннего стека исключений ---
    </code>
  </body>
</html>


<!DOCTYPE html>
<html>
  <head>
    <title>500: InternalServerError</title>
  </head>
  <body>
    <h2>500: InternalServerError</h2>
    Request:&nbsp;<code>
      http://localhost:39281/maps/surf_euphoria/geom/ambientpage0.json</code>
    <br />
    Message:&nbsp;<code>1 is not &gt;= 0 and &lt; 0.</code>
    <br />
    <code style="padding:8px;white-space:pre-wrap;display:block;">
Ziks.WebServer.ControllerActionException: 1 is not &gt;= 0 and &lt; 0. ---&gt; System.IndexOutOfRangeException: 1 is not &gt;= 0 and &lt; 0.
   в SourceUtils.ValveBspFile.StructArrayLump`1.get_Item(Int32 index) в D:\a\SourceUtils\SourceUtils\SourceUtils\ValveBsp\ArrayLump.cs:строка 149
   в SourceUtils.WebExport.Bsp.AmbientController.&lt;&gt;c__DisplayClass0_0.&lt;Get&gt;b__0(Int32 x) в D:\a\SourceUtils\SourceUtils\SourceUtils.WebExport\Bsp\AmbientCubes.cs:строка 53
   в System.Linq.Enumerable.WhereSelectEnumerableIterator`2.MoveNext()
   в Newtonsoft.Json.Serialization.JsonSerializerInternalWriter.SerializeList(JsonWriter writer, IEnumerable values, JsonArrayContract contract, JsonProperty member, JsonContainerContract collectionContract, JsonProperty containerProperty)
   в Newtonsoft.Json.Serialization.JsonSerializerInternalWriter.SerializeValue(JsonWriter writer, Object value, JsonContract valueContract, JsonProperty member, JsonContainerContract containerContract, JsonProperty containerProperty)
   в Newtonsoft.Json.Serialization.JsonSerializerInternalWriter.SerializeObject(JsonWriter writer, Object value, JsonObjectContract contract, JsonProperty member, JsonContainerContract collectionContract, JsonProperty containerProperty)
   в Newtonsoft.Json.Serialization.JsonSerializerInternalWriter.SerializeValue(JsonWriter writer, Object value, JsonContract valueContract, JsonProperty member, JsonContainerContract containerContract, JsonProperty containerProperty)
   в Newtonsoft.Json.Serialization.JsonSerializerInternalWriter.Serialize(JsonWriter jsonWriter, Object value, Type objectType)
   в Newtonsoft.Json.JsonSerializer.SerializeInternal(JsonWriter jsonWriter, Object value, Type objectType)
   в Newtonsoft.Json.Linq.JToken.FromObjectInternal(Object o, JsonSerializer jsonSerializer)
   в Newtonsoft.Json.Linq.JObject.FromObject(Object o, JsonSerializer jsonSerializer)
   в SourceUtils.WebExport.ResourceController.OnWriteObject(Object obj) в D:\a\SourceUtils\SourceUtils\SourceUtils.WebExport\ResourceController.cs:строка 378
   в lambda_method(Closure , Controller )
   в Ziks.WebServer.ControllerActionMap.TryInvokeAction(Controller controller, HttpListenerRequest request)
   в Ziks.WebServer.Controller.Service(HttpListenerContext context, Session session)
   --- Конец трассировки внутреннего стека исключений ---
    </code>
  </body>
</html>


<!DOCTYPE html>
<html>
  <head>
    <title>500: InternalServerError</title>
  </head>
  <body>
    <h2>500: InternalServerError</h2>
    Request:&nbsp;<code>
      http://localhost:39281/maps/surf_euphoria/geom/ambientpage1.json</code>
    <br />
    Message:&nbsp;<code>4096 is not &gt;= 0 and &lt; 0.</code>
    <br />
    <code style="padding:8px;white-space:pre-wrap;display:block;">
Ziks.WebServer.ControllerActionException: 4096 is not &gt;= 0 and &lt; 0. ---&gt; System.IndexOutOfRangeException: 4096 is not &gt;= 0 and &lt; 0.
   в SourceUtils.ValveBspFile.StructArrayLump`1.get_Item(Int32 index) в D:\a\SourceUtils\SourceUtils\SourceUtils\ValveBsp\ArrayLump.cs:строка 149
   в SourceUtils.WebExport.Bsp.AmbientController.&lt;&gt;c__DisplayClass0_0.&lt;Get&gt;b__0(Int32 x) в D:\a\SourceUtils\SourceUtils\SourceUtils.WebExport\Bsp\AmbientCubes.cs:строка 53
   в System.Linq.Enumerable.WhereSelectEnumerableIterator`2.MoveNext()
   в Newtonsoft.Json.Serialization.JsonSerializerInternalWriter.SerializeList(JsonWriter writer, IEnumerable values, JsonArrayContract contract, JsonProperty member, JsonContainerContract collectionContract, JsonProperty containerProperty)
   в Newtonsoft.Json.Serialization.JsonSerializerInternalWriter.SerializeValue(JsonWriter writer, Object value, JsonContract valueContract, JsonProperty member, JsonContainerContract containerContract, JsonProperty containerProperty)
   в Newtonsoft.Json.Serialization.JsonSerializerInternalWriter.SerializeObject(JsonWriter writer, Object value, JsonObjectContract contract, JsonProperty member, JsonContainerContract collectionContract, JsonProperty containerProperty)
   в Newtonsoft.Json.Serialization.JsonSerializerInternalWriter.SerializeValue(JsonWriter writer, Object value, JsonContract valueContract, JsonProperty member, JsonContainerContract containerContract, JsonProperty containerProperty)
   в Newtonsoft.Json.Serialization.JsonSerializerInternalWriter.Serialize(JsonWriter jsonWriter, Object value, Type objectType)
   в Newtonsoft.Json.JsonSerializer.SerializeInternal(JsonWriter jsonWriter, Object value, Type objectType)
   в Newtonsoft.Json.Linq.JToken.FromObjectInternal(Object o, JsonSerializer jsonSerializer)
   в Newtonsoft.Json.Linq.JObject.FromObject(Object o, JsonSerializer jsonSerializer)
   в SourceUtils.WebExport.ResourceController.OnWriteObject(Object obj) в D:\a\SourceUtils\SourceUtils\SourceUtils.WebExport\ResourceController.cs:строка 378
   в lambda_method(Closure , Controller )
   в Ziks.WebServer.ControllerActionMap.TryInvokeAction(Controller controller, HttpListenerRequest request)
   в Ziks.WebServer.Controller.Service(HttpListenerContext context, Session session)
   --- Конец трассировки внутреннего стека исключений ---
    </code>
  </body>
</html>


<!DOCTYPE html>
<html>
  <head>
    <title>500: InternalServerError</title>
  </head>
  <body>
    <h2>500: InternalServerError</h2>
    Request:&nbsp;<code>
      http://localhost:39281/maps/surf_euphoria/geom/ambientpage2.json</code>
    <br />
    Message:&nbsp;<code>8192 is not &gt;= 0 and &lt; 0.</code>
    <br />
    <code style="padding:8px;white-space:pre-wrap;display:block;">
Ziks.WebServer.ControllerActionException: 8192 is not &gt;= 0 and &lt; 0. ---&gt; System.IndexOutOfRangeException: 8192 is not &gt;= 0 and &lt; 0.
   в SourceUtils.ValveBspFile.StructArrayLump`1.get_Item(Int32 index) в D:\a\SourceUtils\SourceUtils\SourceUtils\ValveBsp\ArrayLump.cs:строка 149
   в SourceUtils.WebExport.Bsp.AmbientController.&lt;&gt;c__DisplayClass0_0.&lt;Get&gt;b__0(Int32 x) в D:\a\SourceUtils\SourceUtils\SourceUtils.WebExport\Bsp\AmbientCubes.cs:строка 53
   в System.Linq.Enumerable.WhereSelectEnumerableIterator`2.MoveNext()
   в Newtonsoft.Json.Serialization.JsonSerializerInternalWriter.SerializeList(JsonWriter writer, IEnumerable values, JsonArrayContract contract, JsonProperty member, JsonContainerContract collectionContract, JsonProperty containerProperty)
   в Newtonsoft.Json.Serialization.JsonSerializerInternalWriter.SerializeValue(JsonWriter writer, Object value, JsonContract valueContract, JsonProperty member, JsonContainerContract containerContract, JsonProperty containerProperty)
   в Newtonsoft.Json.Serialization.JsonSerializerInternalWriter.SerializeObject(JsonWriter writer, Object value, JsonObjectContract contract, JsonProperty member, JsonContainerContract collectionContract, JsonProperty containerProperty)
   в Newtonsoft.Json.Serialization.JsonSerializerInternalWriter.SerializeValue(JsonWriter writer, Object value, JsonContract valueContract, JsonProperty member, JsonContainerContract containerContract, JsonProperty containerProperty)
   в Newtonsoft.Json.Serialization.JsonSerializerInternalWriter.Serialize(JsonWriter jsonWriter, Object value, Type objectType)
   в Newtonsoft.Json.JsonSerializer.SerializeInternal(JsonWriter jsonWriter, Object value, Type objectType)
   в Newtonsoft.Json.Linq.JToken.FromObjectInternal(Object o, JsonSerializer jsonSerializer)
   в Newtonsoft.Json.Linq.JObject.FromObject(Object o, JsonSerializer jsonSerializer)
   в SourceUtils.WebExport.ResourceController.OnWriteObject(Object obj) в D:\a\SourceUtils\SourceUtils\SourceUtils.WebExport\ResourceController.cs:строка 378
   в lambda_method(Closure , Controller )
   в Ziks.WebServer.ControllerActionMap.TryInvokeAction(Controller controller, HttpListenerRequest request)
   в Ziks.WebServer.Controller.Service(HttpListenerContext context, Session session)
   --- Конец трассировки внутреннего стека исключений ---
    </code>
  </body>
</html>


<!DOCTYPE html>
<html>
  <head>
    <title>500: InternalServerError</title>
  </head>
  <body>
    <h2>500: InternalServerError</h2>
    Request:&nbsp;<code>
      http://localhost:39281/maps/surf_euphoria/geom/ambientpage3.json</code>
    <br />
    Message:&nbsp;<code>12288 is not &gt;= 0 and &lt; 0.</code>
    <br />
    <code style="padding:8px;white-space:pre-wrap;display:block;">
Ziks.WebServer.ControllerActionException: 12288 is not &gt;= 0 and &lt; 0. ---&gt; System.IndexOutOfRangeException: 12288 is not &gt;= 0 and &lt; 0.
   в SourceUtils.ValveBspFile.StructArrayLump`1.get_Item(Int32 index) в D:\a\SourceUtils\SourceUtils\SourceUtils\ValveBsp\ArrayLump.cs:строка 149
   в SourceUtils.WebExport.Bsp.AmbientController.&lt;&gt;c__DisplayClass0_0.&lt;Get&gt;b__0(Int32 x) в D:\a\SourceUtils\SourceUtils\SourceUtils.WebExport\Bsp\AmbientCubes.cs:строка 53
   в System.Linq.Enumerable.WhereSelectEnumerableIterator`2.MoveNext()
   в Newtonsoft.Json.Serialization.JsonSerializerInternalWriter.SerializeList(JsonWriter writer, IEnumerable values, JsonArrayContract contract, JsonProperty member, JsonContainerContract collectionContract, JsonProperty containerProperty)
   в Newtonsoft.Json.Serialization.JsonSerializerInternalWriter.SerializeValue(JsonWriter writer, Object value, JsonContract valueContract, JsonProperty member, JsonContainerContract containerContract, JsonProperty containerProperty)
   в Newtonsoft.Json.Serialization.JsonSerializerInternalWriter.SerializeObject(JsonWriter writer, Object value, JsonObjectContract contract, JsonProperty member, JsonContainerContract collectionContract, JsonProperty containerProperty)
   в Newtonsoft.Json.Serialization.JsonSerializerInternalWriter.SerializeValue(JsonWriter writer, Object value, JsonContract valueContract, JsonProperty member, JsonContainerContract containerContract, JsonProperty containerProperty)
   в Newtonsoft.Json.Serialization.JsonSerializerInternalWriter.Serialize(JsonWriter jsonWriter, Object value, Type objectType)
   в Newtonsoft.Json.JsonSerializer.SerializeInternal(JsonWriter jsonWriter, Object value, Type objectType)
   в Newtonsoft.Json.Linq.JToken.FromObjectInternal(Object o, JsonSerializer jsonSerializer)
   в Newtonsoft.Json.Linq.JObject.FromObject(Object o, JsonSerializer jsonSerializer)
   в SourceUtils.WebExport.ResourceController.OnWriteObject(Object obj) в D:\a\SourceUtils\SourceUtils\SourceUtils.WebExport\ResourceController.cs:строка 378
   в lambda_method(Closure , Controller )
   в Ziks.WebServer.ControllerActionMap.TryInvokeAction(Controller controller, HttpListenerRequest request)
   в Ziks.WebServer.Controller.Service(HttpListenerContext context, Session session)
   --- Конец трассировки внутреннего стека исключений ---
    </code>
  </body>
</html>


<!DOCTYPE html>
<html>
  <head>
    <title>500: InternalServerError</title>
  </head>
  <body>
    <h2>500: InternalServerError</h2>
    Request:&nbsp;<code>
      http://localhost:39281/maps/surf_euphoria/geom/ambientpage4.json</code>
    <br />
    Message:&nbsp;<code>16384 is not &gt;= 0 and &lt; 0.</code>
    <br />
    <code style="padding:8px;white-space:pre-wrap;display:block;">
Ziks.WebServer.ControllerActionException: 16384 is not &gt;= 0 and &lt; 0. ---&gt; System.IndexOutOfRangeException: 16384 is not &gt;= 0 and &lt; 0.
   в SourceUtils.ValveBspFile.StructArrayLump`1.get_Item(Int32 index) в D:\a\SourceUtils\SourceUtils\SourceUtils\ValveBsp\ArrayLump.cs:строка 149
   в SourceUtils.WebExport.Bsp.AmbientController.&lt;&gt;c__DisplayClass0_0.&lt;Get&gt;b__0(Int32 x) в D:\a\SourceUtils\SourceUtils\SourceUtils.WebExport\Bsp\AmbientCubes.cs:строка 53
   в System.Linq.Enumerable.WhereSelectEnumerableIterator`2.MoveNext()
   в Newtonsoft.Json.Serialization.JsonSerializerInternalWriter.SerializeList(JsonWriter writer, IEnumerable values, JsonArrayContract contract, JsonProperty member, JsonContainerContract collectionContract, JsonProperty containerProperty)
   в Newtonsoft.Json.Serialization.JsonSerializerInternalWriter.SerializeValue(JsonWriter writer, Object value, JsonContract valueContract, JsonProperty member, JsonContainerContract containerContract, JsonProperty containerProperty)
   в Newtonsoft.Json.Serialization.JsonSerializerInternalWriter.SerializeObject(JsonWriter writer, Object value, JsonObjectContract contract, JsonProperty member, JsonContainerContract collectionContract, JsonProperty containerProperty)
   в Newtonsoft.Json.Serialization.JsonSerializerInternalWriter.SerializeValue(JsonWriter writer, Object value, JsonContract valueContract, JsonProperty member, JsonContainerContract containerContract, JsonProperty containerProperty)
   в Newtonsoft.Json.Serialization.JsonSerializerInternalWriter.Serialize(JsonWriter jsonWriter, Object value, Type objectType)
   в Newtonsoft.Json.JsonSerializer.SerializeInternal(JsonWriter jsonWriter, Object value, Type objectType)
   в Newtonsoft.Json.Linq.JToken.FromObjectInternal(Object o, JsonSerializer jsonSerializer)
   в Newtonsoft.Json.Linq.JObject.FromObject(Object o, JsonSerializer jsonSerializer)
   в SourceUtils.WebExport.ResourceController.OnWriteObject(Object obj) в D:\a\SourceUtils\SourceUtils\SourceUtils.WebExport\ResourceController.cs:строка 378
   в lambda_method(Closure , Controller )
   в Ziks.WebServer.ControllerActionMap.TryInvokeAction(Controller controller, HttpListenerRequest request)
   в Ziks.WebServer.Controller.Service(HttpListenerContext context, Session session)
   --- Конец трассировки внутреннего стека исключений ---
    </code>
  </body>
</html>


<!DOCTYPE html>
<html>
  <head>
    <title>500: InternalServerError</title>
  </head>
  <body>
    <h2>500: InternalServerError</h2>
    Request:&nbsp;<code>http://localhost:39281/maps/surf_exclave_fix/index.json
      </code>
    <br />
    Message:&nbsp;<code>Cannot seek past end</code>
    <br />
    <code style="padding:8px;white-space:pre-wrap;display:block;">
Ziks.WebServer.ControllerActionException: Cannot seek past end ---&gt; System.IO.IOException: Cannot seek past end
   в ICSharpCode.SharpZipLib.Zip.ZipFile.PartialInputStream.Seek(Int64 offset, SeekOrigin origin)
   в SourceUtils.ValveTextureFile.Skip(Stream stream, Int64 count) в D:\a\SourceUtils\SourceUtils\SourceUtils\ValveTextureFile.cs:строка 217
   в SourceUtils.ValveTextureFile..ctor(Stream stream, Boolean onlyHeader) в D:\a\SourceUtils\SourceUtils\SourceUtils\ValveTextureFile.cs:строка 278
   в SourceUtils.WebExport.Texture.Get(ValveBspFile bsp, String path) в D:\a\SourceUtils\SourceUtils\SourceUtils.WebExport\Texture.cs:строка 59
   в SourceUtils.WebExport.Material.CreateSkyMaterial(ValveBspFile bsp, String skyName) в D:\a\SourceUtils\SourceUtils\SourceUtils.WebExport\Material.cs:строка 326
   в SourceUtils.WebExport.Bsp.IndexController.InitWorldspawn(Worldspawn ent, Entity value, MapParams mapParams) в D:\a\SourceUtils\SourceUtils\SourceUtils.WebExport\Bsp\Entities.cs:строка 171
   в lambda_method(Closure , Entity , MapParams )
   в SourceUtils.WebExport.Bsp.IndexController.InitEntity(Entity value, MapParams mapParams) в D:\a\SourceUtils\SourceUtils\SourceUtils.WebExport\Bsp\Entities.cs:строка 383
   в SourceUtils.WebExport.Bsp.IndexController.GetIndexJson(String map) в D:\a\SourceUtils\SourceUtils\SourceUtils.WebExport\Bsp\Index.cs:строка 161
   в lambda_method(Closure , Controller )
   в Ziks.WebServer.ControllerActionMap.TryInvokeAction(Controller controller, HttpListenerRequest request)
   в Ziks.WebServer.Controller.Service(HttpListenerContext context, Session session)
   --- Конец трассировки внутреннего стека исключений ---
    </code>
  </body>
</html>


<!DOCTYPE html>
<html>
  <head>
    <title>500: InternalServerError</title>
  </head>
  <body>
    <h2>500: InternalServerError</h2>
    Request:&nbsp;<code>
      http://localhost:39281/maps/surf_extremex2_5/geom/leafpage0.json</code>
    <br />
    Message:&nbsp;<code>Expected &#39;}&#39;</code>
    <br />
    <code style="padding:8px;white-space:pre-wrap;display:block;">
Ziks.WebServer.ControllerActionException: Expected &#39;}&#39; ---&gt; SourceUtils.KeyValuesParserException: Expected &#39;}&#39;
   в SourceUtils.KeyValues.Parse(String value, KeyValuesFlags flags) в D:\a\SourceUtils\SourceUtils\SourceUtils\KeyValues.cs:строка 331
   в SourceUtils.KeyValues.FromStream(Stream stream, KeyValuesFlags flags) в D:\a\SourceUtils\SourceUtils\SourceUtils\KeyValues.cs:строка 357
   в SourceUtils.ValveMaterialFile.FromProvider(String path, IResourceProvider[] providers) в D:\a\SourceUtils\SourceUtils\SourceUtils\ValveMaterialFile.cs:строка 33
   в SourceUtils.WebExport.Bsp.GeometryController.GetOrCreateMeshData(ValveBspFile bsp, GeometryPage page, String matPath, Boolean cacheVertices) в D:\a\SourceUtils\SourceUtils\SourceUtils.WebExport\Bsp\Geometry.cs:строка 471
   в SourceUtils.WebExport.Bsp.GeometryController.WriteFace(ValveBspFile bsp, Int32 faceIndex, GeometryPage page, List`1 outFaces) в D:\a\SourceUtils\SourceUtils\SourceUtils.WebExport\Bsp\Geometry.cs:строка 506
   в SourceUtils.WebExport.Bsp.GeometryController.GetLeafPage(String map, Int32 index) в D:\a\SourceUtils\SourceUtils\SourceUtils.WebExport\Bsp\Geometry.cs:строка 728
   в lambda_method(Closure , Controller )
   в Ziks.WebServer.ControllerActionMap.TryInvokeAction(Controller controller, HttpListenerRequest request)
   в Ziks.WebServer.Controller.Service(HttpListenerContext context, Session session)
   --- Конец трассировки внутреннего стека исключений ---
    </code>
  </body>
</html>


<!DOCTYPE html>
<html>
  <head>
    <title>500: InternalServerError</title>
  </head>
  <body>
    <h2>500: InternalServerError</h2>
    Request:&nbsp;<code>
      http://localhost:39281/maps/surf_extremex2_5/materials/matpage0.json</code>
    <br />
    Message:&nbsp;<code>Expected &#39;}&#39;</code>
    <br />
    <code style="padding:8px;white-space:pre-wrap;display:block;">
Ziks.WebServer.ControllerActionException: Expected &#39;}&#39; ---&gt; SourceUtils.KeyValuesParserException: Expected &#39;}&#39;
   в SourceUtils.KeyValues.Parse(String value, KeyValuesFlags flags) в D:\a\SourceUtils\SourceUtils\SourceUtils\KeyValues.cs:строка 331
   в SourceUtils.KeyValues.FromStream(Stream stream, KeyValuesFlags flags) в D:\a\SourceUtils\SourceUtils\SourceUtils\KeyValues.cs:строка 357
   в SourceUtils.ValveMaterialFile.FromProvider(String path, IResourceProvider[] providers) в D:\a\SourceUtils\SourceUtils\SourceUtils\ValveMaterialFile.cs:строка 33
   в SourceUtils.WebExport.Material.Get(ValveBspFile bsp, String path) в D:\a\SourceUtils\SourceUtils\SourceUtils.WebExport\Material.cs:строка 284
   в SourceUtils.WebExport.Bsp.MaterialController.GetPage(String map, Int32 index) в D:\a\SourceUtils\SourceUtils\SourceUtils.WebExport\Bsp\Materials.cs:строка 43
   в lambda_method(Closure , Controller )
   в Ziks.WebServer.ControllerActionMap.TryInvokeAction(Controller controller, HttpListenerRequest request)
   в Ziks.WebServer.Controller.Service(HttpListenerContext context, Session session)
   --- Конец трассировки внутреннего стека исключений ---
    </code>
  </body>
</html>


<!DOCTYPE html>
<html>
  <head>
    <title>500: InternalServerError</title>
  </head>
  <body>
    <h2>500: InternalServerError</h2>
    Request:&nbsp;<code>
      http://localhost:39281/maps/surf_exurbia2/geom/leafpage0.json</code>
    <br />
    Message:&nbsp;<code>Expected /$/</code>
    <br />
    <code style="padding:8px;white-space:pre-wrap;display:block;">
Ziks.WebServer.ControllerActionException: Expected /$/ ---&gt; SourceUtils.KeyValuesParserException: Expected /$/
   в SourceUtils.KeyValues.Parse(String value, KeyValuesFlags flags) в D:\a\SourceUtils\SourceUtils\SourceUtils\KeyValues.cs:строка 331
   в SourceUtils.KeyValues.FromStream(Stream stream, KeyValuesFlags flags) в D:\a\SourceUtils\SourceUtils\SourceUtils\KeyValues.cs:строка 357
   в SourceUtils.ValveMaterialFile.FromProvider(String path, IResourceProvider[] providers) в D:\a\SourceUtils\SourceUtils\SourceUtils\ValveMaterialFile.cs:строка 33
   в SourceUtils.WebExport.Bsp.GeometryController.GetOrCreateMeshData(ValveBspFile bsp, GeometryPage page, String matPath, Boolean cacheVertices) в D:\a\SourceUtils\SourceUtils\SourceUtils.WebExport\Bsp\Geometry.cs:строка 471
   в SourceUtils.WebExport.Bsp.GeometryController.WriteFace(ValveBspFile bsp, Int32 faceIndex, GeometryPage page, List`1 outFaces) в D:\a\SourceUtils\SourceUtils\SourceUtils.WebExport\Bsp\Geometry.cs:строка 506
   в SourceUtils.WebExport.Bsp.GeometryController.GetLeafPage(String map, Int32 index) в D:\a\SourceUtils\SourceUtils\SourceUtils.WebExport\Bsp\Geometry.cs:строка 728
   в lambda_method(Closure , Controller )
   в Ziks.WebServer.ControllerActionMap.TryInvokeAction(Controller controller, HttpListenerRequest request)
   в Ziks.WebServer.Controller.Service(HttpListenerContext context, Session session)
   --- Конец трассировки внутреннего стека исключений ---
    </code>
  </body>
</html>


<!DOCTYPE html>
<html>
  <head>
    <title>500: InternalServerError</title>
  </head>
  <body>
    <h2>500: InternalServerError</h2>
    Request:&nbsp;<code>
      http://localhost:39281/maps/surf_exurbia2/materials/matpage0.json</code>
    <br />
    Message:&nbsp;<code>Expected /$/</code>
    <br />
    <code style="padding:8px;white-space:pre-wrap;display:block;">
Ziks.WebServer.ControllerActionException: Expected /$/ ---&gt; SourceUtils.KeyValuesParserException: Expected /$/
   в SourceUtils.KeyValues.Parse(String value, KeyValuesFlags flags) в D:\a\SourceUtils\SourceUtils\SourceUtils\KeyValues.cs:строка 331
   в SourceUtils.KeyValues.FromStream(Stream stream, KeyValuesFlags flags) в D:\a\SourceUtils\SourceUtils\SourceUtils\KeyValues.cs:строка 357
   в SourceUtils.ValveMaterialFile.FromProvider(String path, IResourceProvider[] providers) в D:\a\SourceUtils\SourceUtils\SourceUtils\ValveMaterialFile.cs:строка 33
   в SourceUtils.WebExport.Material.Get(ValveBspFile bsp, String path) в D:\a\SourceUtils\SourceUtils\SourceUtils.WebExport\Material.cs:строка 284
   в SourceUtils.WebExport.Bsp.MaterialController.GetPage(String map, Int32 index) в D:\a\SourceUtils\SourceUtils\SourceUtils.WebExport\Bsp\Materials.cs:строка 43
   в lambda_method(Closure , Controller )
   в Ziks.WebServer.ControllerActionMap.TryInvokeAction(Controller controller, HttpListenerRequest request)
   в Ziks.WebServer.Controller.Service(HttpListenerContext context, Session session)
   --- Конец трассировки внутреннего стека исключений ---
    </code>
  </body>
</html>


<!DOCTYPE html>
<html>
  <head>
    <title>500: InternalServerError</title>
  </head>
  <body>
    <h2>500: InternalServerError</h2>
    Request:&nbsp;<code>
      http://localhost:39281/maps/surf_exxak/geom/ambientpage0.json</code>
    <br />
    Message:&nbsp;<code>1 is not &gt;= 0 and &lt; 0.</code>
    <br />
    <code style="padding:8px;white-space:pre-wrap;display:block;">
Ziks.WebServer.ControllerActionException: 1 is not &gt;= 0 and &lt; 0. ---&gt; System.IndexOutOfRangeException: 1 is not &gt;= 0 and &lt; 0.
   в SourceUtils.ValveBspFile.StructArrayLump`1.get_Item(Int32 index) в D:\a\SourceUtils\SourceUtils\SourceUtils\ValveBsp\ArrayLump.cs:строка 149
   в SourceUtils.WebExport.Bsp.AmbientController.&lt;&gt;c__DisplayClass0_0.&lt;Get&gt;b__0(Int32 x) в D:\a\SourceUtils\SourceUtils\SourceUtils.WebExport\Bsp\AmbientCubes.cs:строка 53
   в System.Linq.Enumerable.WhereSelectEnumerableIterator`2.MoveNext()
   в Newtonsoft.Json.Serialization.JsonSerializerInternalWriter.SerializeList(JsonWriter writer, IEnumerable values, JsonArrayContract contract, JsonProperty member, JsonContainerContract collectionContract, JsonProperty containerProperty)
   в Newtonsoft.Json.Serialization.JsonSerializerInternalWriter.SerializeValue(JsonWriter writer, Object value, JsonContract valueContract, JsonProperty member, JsonContainerContract containerContract, JsonProperty containerProperty)
   в Newtonsoft.Json.Serialization.JsonSerializerInternalWriter.SerializeObject(JsonWriter writer, Object value, JsonObjectContract contract, JsonProperty member, JsonContainerContract collectionContract, JsonProperty containerProperty)
   в Newtonsoft.Json.Serialization.JsonSerializerInternalWriter.SerializeValue(JsonWriter writer, Object value, JsonContract valueContract, JsonProperty member, JsonContainerContract containerContract, JsonProperty containerProperty)
   в Newtonsoft.Json.Serialization.JsonSerializerInternalWriter.Serialize(JsonWriter jsonWriter, Object value, Type objectType)
   в Newtonsoft.Json.JsonSerializer.SerializeInternal(JsonWriter jsonWriter, Object value, Type objectType)
   в Newtonsoft.Json.Linq.JToken.FromObjectInternal(Object o, JsonSerializer jsonSerializer)
   в Newtonsoft.Json.Linq.JObject.FromObject(Object o, JsonSerializer jsonSerializer)
   в SourceUtils.WebExport.ResourceController.OnWriteObject(Object obj) в D:\a\SourceUtils\SourceUtils\SourceUtils.WebExport\ResourceController.cs:строка 378
   в lambda_method(Closure , Controller )
   в Ziks.WebServer.ControllerActionMap.TryInvokeAction(Controller controller, HttpListenerRequest request)
   в Ziks.WebServer.Controller.Service(HttpListenerContext context, Session session)
   --- Конец трассировки внутреннего стека исключений ---
    </code>
  </body>
</html>


<!DOCTYPE html>
<html>
  <head>
    <title>500: InternalServerError</title>
  </head>
  <body>
    <h2>500: InternalServerError</h2>
    Request:&nbsp;<code>
      http://localhost:39281/maps/surf_finesse_final/geom/ambientpage0.json</code>
    <br />
    Message:&nbsp;<code>1 is not &gt;= 0 and &lt; 0.</code>
    <br />
    <code style="padding:8px;white-space:pre-wrap;display:block;">
Ziks.WebServer.ControllerActionException: 1 is not &gt;= 0 and &lt; 0. ---&gt; System.IndexOutOfRangeException: 1 is not &gt;= 0 and &lt; 0.
   в SourceUtils.ValveBspFile.StructArrayLump`1.get_Item(Int32 index) в D:\a\SourceUtils\SourceUtils\SourceUtils\ValveBsp\ArrayLump.cs:строка 149
   в SourceUtils.WebExport.Bsp.AmbientController.&lt;&gt;c__DisplayClass0_0.&lt;Get&gt;b__0(Int32 x) в D:\a\SourceUtils\SourceUtils\SourceUtils.WebExport\Bsp\AmbientCubes.cs:строка 53
   в System.Linq.Enumerable.WhereSelectEnumerableIterator`2.MoveNext()
   в Newtonsoft.Json.Serialization.JsonSerializerInternalWriter.SerializeList(JsonWriter writer, IEnumerable values, JsonArrayContract contract, JsonProperty member, JsonContainerContract collectionContract, JsonProperty containerProperty)
   в Newtonsoft.Json.Serialization.JsonSerializerInternalWriter.SerializeValue(JsonWriter writer, Object value, JsonContract valueContract, JsonProperty member, JsonContainerContract containerContract, JsonProperty containerProperty)
   в Newtonsoft.Json.Serialization.JsonSerializerInternalWriter.SerializeObject(JsonWriter writer, Object value, JsonObjectContract contract, JsonProperty member, JsonContainerContract collectionContract, JsonProperty containerProperty)
   в Newtonsoft.Json.Serialization.JsonSerializerInternalWriter.SerializeValue(JsonWriter writer, Object value, JsonContract valueContract, JsonProperty member, JsonContainerContract containerContract, JsonProperty containerProperty)
   в Newtonsoft.Json.Serialization.JsonSerializerInternalWriter.Serialize(JsonWriter jsonWriter, Object value, Type objectType)
   в Newtonsoft.Json.JsonSerializer.SerializeInternal(JsonWriter jsonWriter, Object value, Type objectType)
   в Newtonsoft.Json.Linq.JToken.FromObjectInternal(Object o, JsonSerializer jsonSerializer)
   в Newtonsoft.Json.Linq.JObject.FromObject(Object o, JsonSerializer jsonSerializer)
   в SourceUtils.WebExport.ResourceController.OnWriteObject(Object obj) в D:\a\SourceUtils\SourceUtils\SourceUtils.WebExport\ResourceController.cs:строка 378
   в lambda_method(Closure , Controller )
   в Ziks.WebServer.ControllerActionMap.TryInvokeAction(Controller controller, HttpListenerRequest request)
   в Ziks.WebServer.Controller.Service(HttpListenerContext context, Session session)
   --- Конец трассировки внутреннего стека исключений ---
    </code>
  </body>
</html>


<!DOCTYPE html>
<html>
  <head>
    <title>500: InternalServerError</title>
  </head>
  <body>
    <h2>500: InternalServerError</h2>
    Request:&nbsp;<code>
      http://localhost:39281/maps/surf_finesse_final/geom/ambientpage1.json</code>
    <br />
    Message:&nbsp;<code>4096 is not &gt;= 0 and &lt; 0.</code>
    <br />
    <code style="padding:8px;white-space:pre-wrap;display:block;">
Ziks.WebServer.ControllerActionException: 4096 is not &gt;= 0 and &lt; 0. ---&gt; System.IndexOutOfRangeException: 4096 is not &gt;= 0 and &lt; 0.
   в SourceUtils.ValveBspFile.StructArrayLump`1.get_Item(Int32 index) в D:\a\SourceUtils\SourceUtils\SourceUtils\ValveBsp\ArrayLump.cs:строка 149
   в SourceUtils.WebExport.Bsp.AmbientController.&lt;&gt;c__DisplayClass0_0.&lt;Get&gt;b__0(Int32 x) в D:\a\SourceUtils\SourceUtils\SourceUtils.WebExport\Bsp\AmbientCubes.cs:строка 53
   в System.Linq.Enumerable.WhereSelectEnumerableIterator`2.MoveNext()
   в Newtonsoft.Json.Serialization.JsonSerializerInternalWriter.SerializeList(JsonWriter writer, IEnumerable values, JsonArrayContract contract, JsonProperty member, JsonContainerContract collectionContract, JsonProperty containerProperty)
   в Newtonsoft.Json.Serialization.JsonSerializerInternalWriter.SerializeValue(JsonWriter writer, Object value, JsonContract valueContract, JsonProperty member, JsonContainerContract containerContract, JsonProperty containerProperty)
   в Newtonsoft.Json.Serialization.JsonSerializerInternalWriter.SerializeObject(JsonWriter writer, Object value, JsonObjectContract contract, JsonProperty member, JsonContainerContract collectionContract, JsonProperty containerProperty)
   в Newtonsoft.Json.Serialization.JsonSerializerInternalWriter.SerializeValue(JsonWriter writer, Object value, JsonContract valueContract, JsonProperty member, JsonContainerContract containerContract, JsonProperty containerProperty)
   в Newtonsoft.Json.Serialization.JsonSerializerInternalWriter.Serialize(JsonWriter jsonWriter, Object value, Type objectType)
   в Newtonsoft.Json.JsonSerializer.SerializeInternal(JsonWriter jsonWriter, Object value, Type objectType)
   в Newtonsoft.Json.Linq.JToken.FromObjectInternal(Object o, JsonSerializer jsonSerializer)
   в Newtonsoft.Json.Linq.JObject.FromObject(Object o, JsonSerializer jsonSerializer)
   в SourceUtils.WebExport.ResourceController.OnWriteObject(Object obj) в D:\a\SourceUtils\SourceUtils\SourceUtils.WebExport\ResourceController.cs:строка 378
   в lambda_method(Closure , Controller )
   в Ziks.WebServer.ControllerActionMap.TryInvokeAction(Controller controller, HttpListenerRequest request)
   в Ziks.WebServer.Controller.Service(HttpListenerContext context, Session session)
   --- Конец трассировки внутреннего стека исключений ---
    </code>
  </body>
</html>


<!DOCTYPE html>
<html>
  <head>
    <title>500: InternalServerError</title>
  </head>
  <body>
    <h2>500: InternalServerError</h2>
    Request:&nbsp;<code>
      http://localhost:39281/maps/surf_finesse_final/geom/ambientpage2.json</code>
    <br />
    Message:&nbsp;<code>8192 is not &gt;= 0 and &lt; 0.</code>
    <br />
    <code style="padding:8px;white-space:pre-wrap;display:block;">
Ziks.WebServer.ControllerActionException: 8192 is not &gt;= 0 and &lt; 0. ---&gt; System.IndexOutOfRangeException: 8192 is not &gt;= 0 and &lt; 0.
   в SourceUtils.ValveBspFile.StructArrayLump`1.get_Item(Int32 index) в D:\a\SourceUtils\SourceUtils\SourceUtils\ValveBsp\ArrayLump.cs:строка 149
   в SourceUtils.WebExport.Bsp.AmbientController.&lt;&gt;c__DisplayClass0_0.&lt;Get&gt;b__0(Int32 x) в D:\a\SourceUtils\SourceUtils\SourceUtils.WebExport\Bsp\AmbientCubes.cs:строка 53
   в System.Linq.Enumerable.WhereSelectEnumerableIterator`2.MoveNext()
   в Newtonsoft.Json.Serialization.JsonSerializerInternalWriter.SerializeList(JsonWriter writer, IEnumerable values, JsonArrayContract contract, JsonProperty member, JsonContainerContract collectionContract, JsonProperty containerProperty)
   в Newtonsoft.Json.Serialization.JsonSerializerInternalWriter.SerializeValue(JsonWriter writer, Object value, JsonContract valueContract, JsonProperty member, JsonContainerContract containerContract, JsonProperty containerProperty)
   в Newtonsoft.Json.Serialization.JsonSerializerInternalWriter.SerializeObject(JsonWriter writer, Object value, JsonObjectContract contract, JsonProperty member, JsonContainerContract collectionContract, JsonProperty containerProperty)
   в Newtonsoft.Json.Serialization.JsonSerializerInternalWriter.SerializeValue(JsonWriter writer, Object value, JsonContract valueContract, JsonProperty member, JsonContainerContract containerContract, JsonProperty containerProperty)
   в Newtonsoft.Json.Serialization.JsonSerializerInternalWriter.Serialize(JsonWriter jsonWriter, Object value, Type objectType)
   в Newtonsoft.Json.JsonSerializer.SerializeInternal(JsonWriter jsonWriter, Object value, Type objectType)
   в Newtonsoft.Json.Linq.JToken.FromObjectInternal(Object o, JsonSerializer jsonSerializer)
   в Newtonsoft.Json.Linq.JObject.FromObject(Object o, JsonSerializer jsonSerializer)
   в SourceUtils.WebExport.ResourceController.OnWriteObject(Object obj) в D:\a\SourceUtils\SourceUtils\SourceUtils.WebExport\ResourceController.cs:строка 378
   в lambda_method(Closure , Controller )
   в Ziks.WebServer.ControllerActionMap.TryInvokeAction(Controller controller, HttpListenerRequest request)
   в Ziks.WebServer.Controller.Service(HttpListenerContext context, Session session)
   --- Конец трассировки внутреннего стека исключений ---
    </code>
  </body>
</html>


<!DOCTYPE html>
<html>
  <head>
    <title>500: InternalServerError</title>
  </head>
  <body>
    <h2>500: InternalServerError</h2>
    Request:&nbsp;<code>
      http://localhost:39281/maps/surf_finesse_final/geom/ambientpage3.json</code>
    <br />
    Message:&nbsp;<code>12288 is not &gt;= 0 and &lt; 0.</code>
    <br />
    <code style="padding:8px;white-space:pre-wrap;display:block;">
Ziks.WebServer.ControllerActionException: 12288 is not &gt;= 0 and &lt; 0. ---&gt; System.IndexOutOfRangeException: 12288 is not &gt;= 0 and &lt; 0.
   в SourceUtils.ValveBspFile.StructArrayLump`1.get_Item(Int32 index) в D:\a\SourceUtils\SourceUtils\SourceUtils\ValveBsp\ArrayLump.cs:строка 149
   в SourceUtils.WebExport.Bsp.AmbientController.&lt;&gt;c__DisplayClass0_0.&lt;Get&gt;b__0(Int32 x) в D:\a\SourceUtils\SourceUtils\SourceUtils.WebExport\Bsp\AmbientCubes.cs:строка 53
   в System.Linq.Enumerable.WhereSelectEnumerableIterator`2.MoveNext()
   в Newtonsoft.Json.Serialization.JsonSerializerInternalWriter.SerializeList(JsonWriter writer, IEnumerable values, JsonArrayContract contract, JsonProperty member, JsonContainerContract collectionContract, JsonProperty containerProperty)
   в Newtonsoft.Json.Serialization.JsonSerializerInternalWriter.SerializeValue(JsonWriter writer, Object value, JsonContract valueContract, JsonProperty member, JsonContainerContract containerContract, JsonProperty containerProperty)
   в Newtonsoft.Json.Serialization.JsonSerializerInternalWriter.SerializeObject(JsonWriter writer, Object value, JsonObjectContract contract, JsonProperty member, JsonContainerContract collectionContract, JsonProperty containerProperty)
   в Newtonsoft.Json.Serialization.JsonSerializerInternalWriter.SerializeValue(JsonWriter writer, Object value, JsonContract valueContract, JsonProperty member, JsonContainerContract containerContract, JsonProperty containerProperty)
   в Newtonsoft.Json.Serialization.JsonSerializerInternalWriter.Serialize(JsonWriter jsonWriter, Object value, Type objectType)
   в Newtonsoft.Json.JsonSerializer.SerializeInternal(JsonWriter jsonWriter, Object value, Type objectType)
   в Newtonsoft.Json.Linq.JToken.FromObjectInternal(Object o, JsonSerializer jsonSerializer)
   в Newtonsoft.Json.Linq.JObject.FromObject(Object o, JsonSerializer jsonSerializer)
   в SourceUtils.WebExport.ResourceController.OnWriteObject(Object obj) в D:\a\SourceUtils\SourceUtils\SourceUtils.WebExport\ResourceController.cs:строка 378
   в lambda_method(Closure , Controller )
   в Ziks.WebServer.ControllerActionMap.TryInvokeAction(Controller controller, HttpListenerRequest request)
   в Ziks.WebServer.Controller.Service(HttpListenerContext context, Session session)
   --- Конец трассировки внутреннего стека исключений ---
    </code>
  </body>
</html>


<!DOCTYPE html>
<html>
  <head>
    <title>500: InternalServerError</title>
  </head>
  <body>
    <h2>500: InternalServerError</h2>
    Request:&nbsp;<code>
      http://localhost:39281/maps/surf_finesse_final/geom/ambientpage4.json</code>
    <br />
    Message:&nbsp;<code>16384 is not &gt;= 0 and &lt; 0.</code>
    <br />
    <code style="padding:8px;white-space:pre-wrap;display:block;">
Ziks.WebServer.ControllerActionException: 16384 is not &gt;= 0 and &lt; 0. ---&gt; System.IndexOutOfRangeException: 16384 is not &gt;= 0 and &lt; 0.
   в SourceUtils.ValveBspFile.StructArrayLump`1.get_Item(Int32 index) в D:\a\SourceUtils\SourceUtils\SourceUtils\ValveBsp\ArrayLump.cs:строка 149
   в SourceUtils.WebExport.Bsp.AmbientController.&lt;&gt;c__DisplayClass0_0.&lt;Get&gt;b__0(Int32 x) в D:\a\SourceUtils\SourceUtils\SourceUtils.WebExport\Bsp\AmbientCubes.cs:строка 53
   в System.Linq.Enumerable.WhereSelectEnumerableIterator`2.MoveNext()
   в Newtonsoft.Json.Serialization.JsonSerializerInternalWriter.SerializeList(JsonWriter writer, IEnumerable values, JsonArrayContract contract, JsonProperty member, JsonContainerContract collectionContract, JsonProperty containerProperty)
   в Newtonsoft.Json.Serialization.JsonSerializerInternalWriter.SerializeValue(JsonWriter writer, Object value, JsonContract valueContract, JsonProperty member, JsonContainerContract containerContract, JsonProperty containerProperty)
   в Newtonsoft.Json.Serialization.JsonSerializerInternalWriter.SerializeObject(JsonWriter writer, Object value, JsonObjectContract contract, JsonProperty member, JsonContainerContract collectionContract, JsonProperty containerProperty)
   в Newtonsoft.Json.Serialization.JsonSerializerInternalWriter.SerializeValue(JsonWriter writer, Object value, JsonContract valueContract, JsonProperty member, JsonContainerContract containerContract, JsonProperty containerProperty)
   в Newtonsoft.Json.Serialization.JsonSerializerInternalWriter.Serialize(JsonWriter jsonWriter, Object value, Type objectType)
   в Newtonsoft.Json.JsonSerializer.SerializeInternal(JsonWriter jsonWriter, Object value, Type objectType)
   в Newtonsoft.Json.Linq.JToken.FromObjectInternal(Object o, JsonSerializer jsonSerializer)
   в Newtonsoft.Json.Linq.JObject.FromObject(Object o, JsonSerializer jsonSerializer)
   в SourceUtils.WebExport.ResourceController.OnWriteObject(Object obj) в D:\a\SourceUtils\SourceUtils\SourceUtils.WebExport\ResourceController.cs:строка 378
   в lambda_method(Closure , Controller )
   в Ziks.WebServer.ControllerActionMap.TryInvokeAction(Controller controller, HttpListenerRequest request)
   в Ziks.WebServer.Controller.Service(HttpListenerContext context, Session session)
   --- Конец трассировки внутреннего стека исключений ---
    </code>
  </body>
</html>


<!DOCTYPE html>
<html>
  <head>
    <title>500: InternalServerError</title>
  </head>
  <body>
    <h2>500: InternalServerError</h2>
    Request:&nbsp;<code>
      http://localhost:39281/maps/surf_flappybird/geom/leafpage0.json</code>
    <br />
    Message:&nbsp;<code>Expected /$/</code>
    <br />
    <code style="padding:8px;white-space:pre-wrap;display:block;">
Ziks.WebServer.ControllerActionException: Expected /$/ ---&gt; SourceUtils.KeyValuesParserException: Expected /$/
   в SourceUtils.KeyValues.Parse(String value, KeyValuesFlags flags) в D:\a\SourceUtils\SourceUtils\SourceUtils\KeyValues.cs:строка 331
   в SourceUtils.KeyValues.FromStream(Stream stream, KeyValuesFlags flags) в D:\a\SourceUtils\SourceUtils\SourceUtils\KeyValues.cs:строка 357
   в SourceUtils.ValveMaterialFile.FromProvider(String path, IResourceProvider[] providers) в D:\a\SourceUtils\SourceUtils\SourceUtils\ValveMaterialFile.cs:строка 33
   в SourceUtils.ValveMaterialFile.FromProvider(String path, IResourceProvider[] providers) в D:\a\SourceUtils\SourceUtils\SourceUtils\ValveMaterialFile.cs:строка 44
   в SourceUtils.WebExport.Bsp.GeometryController.GetOrCreateMeshData(ValveBspFile bsp, GeometryPage page, String matPath, Boolean cacheVertices) в D:\a\SourceUtils\SourceUtils\SourceUtils.WebExport\Bsp\Geometry.cs:строка 471
   в SourceUtils.WebExport.Bsp.GeometryController.WriteFace(ValveBspFile bsp, Int32 faceIndex, GeometryPage page, List`1 outFaces) в D:\a\SourceUtils\SourceUtils\SourceUtils.WebExport\Bsp\Geometry.cs:строка 506
   в SourceUtils.WebExport.Bsp.GeometryController.GetLeafPage(String map, Int32 index) в D:\a\SourceUtils\SourceUtils\SourceUtils.WebExport\Bsp\Geometry.cs:строка 728
   в lambda_method(Closure , Controller )
   в Ziks.WebServer.ControllerActionMap.TryInvokeAction(Controller controller, HttpListenerRequest request)
   в Ziks.WebServer.Controller.Service(HttpListenerContext context, Session session)
   --- Конец трассировки внутреннего стека исключений ---
    </code>
  </body>
</html>


<!DOCTYPE html>
<html>
  <head>
    <title>500: InternalServerError</title>
  </head>
  <body>
    <h2>500: InternalServerError</h2>
    Request:&nbsp;<code>
      http://localhost:39281/maps/surf_flappybird/materials/matpage0.json</code>
    <br />
    Message:&nbsp;<code>Expected /$/</code>
    <br />
    <code style="padding:8px;white-space:pre-wrap;display:block;">
Ziks.WebServer.ControllerActionException: Expected /$/ ---&gt; SourceUtils.KeyValuesParserException: Expected /$/
   в SourceUtils.KeyValues.Parse(String value, KeyValuesFlags flags) в D:\a\SourceUtils\SourceUtils\SourceUtils\KeyValues.cs:строка 331
   в SourceUtils.KeyValues.FromStream(Stream stream, KeyValuesFlags flags) в D:\a\SourceUtils\SourceUtils\SourceUtils\KeyValues.cs:строка 357
   в SourceUtils.ValveMaterialFile.FromProvider(String path, IResourceProvider[] providers) в D:\a\SourceUtils\SourceUtils\SourceUtils\ValveMaterialFile.cs:строка 33
   в SourceUtils.ValveMaterialFile.FromProvider(String path, IResourceProvider[] providers) в D:\a\SourceUtils\SourceUtils\SourceUtils\ValveMaterialFile.cs:строка 44
   в SourceUtils.WebExport.Material.Get(ValveBspFile bsp, String path) в D:\a\SourceUtils\SourceUtils\SourceUtils.WebExport\Material.cs:строка 284
   в SourceUtils.WebExport.Bsp.MaterialController.GetPage(String map, Int32 index) в D:\a\SourceUtils\SourceUtils\SourceUtils.WebExport\Bsp\Materials.cs:строка 43
   в lambda_method(Closure , Controller )
   в Ziks.WebServer.ControllerActionMap.TryInvokeAction(Controller controller, HttpListenerRequest request)
   в Ziks.WebServer.Controller.Service(HttpListenerContext context, Session session)
   --- Конец трассировки внутреннего стека исключений ---
    </code>
  </body>
</html>


<!DOCTYPE html>
<html>
  <head>
    <title>500: InternalServerError</title>
  </head>
  <body>
    <h2>500: InternalServerError</h2>
    Request:&nbsp;<code>http://localhost:39281/maps/surf_forbidden_tomb/index.json
      </code>
    <br />
    Message:&nbsp;<code>Cannot seek past end</code>
    <br />
    <code style="padding:8px;white-space:pre-wrap;display:block;">
Ziks.WebServer.ControllerActionException: Cannot seek past end ---&gt; System.IO.IOException: Cannot seek past end
   в ICSharpCode.SharpZipLib.Zip.ZipFile.PartialInputStream.Seek(Int64 offset, SeekOrigin origin)
   в SourceUtils.ValveTextureFile.Skip(Stream stream, Int64 count) в D:\a\SourceUtils\SourceUtils\SourceUtils\ValveTextureFile.cs:строка 217
   в SourceUtils.ValveTextureFile..ctor(Stream stream, Boolean onlyHeader) в D:\a\SourceUtils\SourceUtils\SourceUtils\ValveTextureFile.cs:строка 258
   в SourceUtils.WebExport.Texture.Get(ValveBspFile bsp, String path) в D:\a\SourceUtils\SourceUtils\SourceUtils.WebExport\Texture.cs:строка 59
   в SourceUtils.WebExport.Material.CreateSkyMaterial(ValveBspFile bsp, String skyName) в D:\a\SourceUtils\SourceUtils\SourceUtils.WebExport\Material.cs:строка 326
   в SourceUtils.WebExport.Bsp.IndexController.InitWorldspawn(Worldspawn ent, Entity value, MapParams mapParams) в D:\a\SourceUtils\SourceUtils\SourceUtils.WebExport\Bsp\Entities.cs:строка 171
   в lambda_method(Closure , Entity , MapParams )
   в SourceUtils.WebExport.Bsp.IndexController.InitEntity(Entity value, MapParams mapParams) в D:\a\SourceUtils\SourceUtils\SourceUtils.WebExport\Bsp\Entities.cs:строка 383
   в SourceUtils.WebExport.Bsp.IndexController.GetIndexJson(String map) в D:\a\SourceUtils\SourceUtils\SourceUtils.WebExport\Bsp\Index.cs:строка 161
   в lambda_method(Closure , Controller )
   в Ziks.WebServer.ControllerActionMap.TryInvokeAction(Controller controller, HttpListenerRequest request)
   в Ziks.WebServer.Controller.Service(HttpListenerContext context, Session session)
   --- Конец трассировки внутреннего стека исключений ---
    </code>
  </body>
</html>


<!DOCTYPE html>
<html>
  <head>
    <title>500: InternalServerError</title>
  </head>
  <body>
    <h2>500: InternalServerError</h2>
    Request:&nbsp;<code>http://localhost:39281/maps/surf_forbidden_tomb2/index.json
      </code>
    <br />
    Message:&nbsp;<code>Cannot seek past end</code>
    <br />
    <code style="padding:8px;white-space:pre-wrap;display:block;">
Ziks.WebServer.ControllerActionException: Cannot seek past end ---&gt; System.IO.IOException: Cannot seek past end
   в ICSharpCode.SharpZipLib.Zip.ZipFile.PartialInputStream.Seek(Int64 offset, SeekOrigin origin)
   в SourceUtils.ValveTextureFile.Skip(Stream stream, Int64 count) в D:\a\SourceUtils\SourceUtils\SourceUtils\ValveTextureFile.cs:строка 217
   в SourceUtils.ValveTextureFile..ctor(Stream stream, Boolean onlyHeader) в D:\a\SourceUtils\SourceUtils\SourceUtils\ValveTextureFile.cs:строка 258
   в SourceUtils.WebExport.Texture.Get(ValveBspFile bsp, String path) в D:\a\SourceUtils\SourceUtils\SourceUtils.WebExport\Texture.cs:строка 59
   в SourceUtils.WebExport.Material.CreateSkyMaterial(ValveBspFile bsp, String skyName) в D:\a\SourceUtils\SourceUtils\SourceUtils.WebExport\Material.cs:строка 326
   в SourceUtils.WebExport.Bsp.IndexController.InitWorldspawn(Worldspawn ent, Entity value, MapParams mapParams) в D:\a\SourceUtils\SourceUtils\SourceUtils.WebExport\Bsp\Entities.cs:строка 171
   в lambda_method(Closure , Entity , MapParams )
   в SourceUtils.WebExport.Bsp.IndexController.InitEntity(Entity value, MapParams mapParams) в D:\a\SourceUtils\SourceUtils\SourceUtils.WebExport\Bsp\Entities.cs:строка 383
   в SourceUtils.WebExport.Bsp.IndexController.GetIndexJson(String map) в D:\a\SourceUtils\SourceUtils\SourceUtils.WebExport\Bsp\Index.cs:строка 161
   в lambda_method(Closure , Controller )
   в Ziks.WebServer.ControllerActionMap.TryInvokeAction(Controller controller, HttpListenerRequest request)
   в Ziks.WebServer.Controller.Service(HttpListenerContext context, Session session)
   --- Конец трассировки внутреннего стека исключений ---
    </code>
  </body>
</html>


<!DOCTYPE html>
<html>
  <head>
    <title>500: InternalServerError</title>
  </head>
  <body>
    <h2>500: InternalServerError</h2>
    Request:&nbsp;<code>http://localhost:39281/maps/surf_forbidden_tomb3/index.json
      </code>
    <br />
    Message:&nbsp;<code>Cannot seek past end</code>
    <br />
    <code style="padding:8px;white-space:pre-wrap;display:block;">
Ziks.WebServer.ControllerActionException: Cannot seek past end ---&gt; System.IO.IOException: Cannot seek past end
   в ICSharpCode.SharpZipLib.Zip.ZipFile.PartialInputStream.Seek(Int64 offset, SeekOrigin origin)
   в SourceUtils.ValveTextureFile.Skip(Stream stream, Int64 count) в D:\a\SourceUtils\SourceUtils\SourceUtils\ValveTextureFile.cs:строка 217
   в SourceUtils.ValveTextureFile..ctor(Stream stream, Boolean onlyHeader) в D:\a\SourceUtils\SourceUtils\SourceUtils\ValveTextureFile.cs:строка 258
   в SourceUtils.WebExport.Texture.Get(ValveBspFile bsp, String path) в D:\a\SourceUtils\SourceUtils\SourceUtils.WebExport\Texture.cs:строка 59
   в SourceUtils.WebExport.Material.CreateSkyMaterial(ValveBspFile bsp, String skyName) в D:\a\SourceUtils\SourceUtils\SourceUtils.WebExport\Material.cs:строка 326
   в SourceUtils.WebExport.Bsp.IndexController.InitWorldspawn(Worldspawn ent, Entity value, MapParams mapParams) в D:\a\SourceUtils\SourceUtils\SourceUtils.WebExport\Bsp\Entities.cs:строка 171
   в lambda_method(Closure , Entity , MapParams )
   в SourceUtils.WebExport.Bsp.IndexController.InitEntity(Entity value, MapParams mapParams) в D:\a\SourceUtils\SourceUtils\SourceUtils.WebExport\Bsp\Entities.cs:строка 383
   в SourceUtils.WebExport.Bsp.IndexController.GetIndexJson(String map) в D:\a\SourceUtils\SourceUtils\SourceUtils.WebExport\Bsp\Index.cs:строка 161
   в lambda_method(Closure , Controller )
   в Ziks.WebServer.ControllerActionMap.TryInvokeAction(Controller controller, HttpListenerRequest request)
   в Ziks.WebServer.Controller.Service(HttpListenerContext context, Session session)
   --- Конец трассировки внутреннего стека исключений ---
    </code>
  </body>
</html>


<!DOCTYPE html>
<html>
  <head>
    <title>500: InternalServerError</title>
  </head>
  <body>
    <h2>500: InternalServerError</h2>
    Request:&nbsp;<code>
      http://localhost:39281/maps/surf_forbidden_tomb4_njv/geom/ambientpage0.json
      </code>
    <br />
    Message:&nbsp;<code>1 is not &gt;= 0 and &lt; 0.</code>
    <br />
    <code style="padding:8px;white-space:pre-wrap;display:block;">
Ziks.WebServer.ControllerActionException: 1 is not &gt;= 0 and &lt; 0. ---&gt; System.IndexOutOfRangeException: 1 is not &gt;= 0 and &lt; 0.
   в SourceUtils.ValveBspFile.StructArrayLump`1.get_Item(Int32 index) в D:\a\SourceUtils\SourceUtils\SourceUtils\ValveBsp\ArrayLump.cs:строка 149
   в SourceUtils.WebExport.Bsp.AmbientController.&lt;&gt;c__DisplayClass0_0.&lt;Get&gt;b__0(Int32 x) в D:\a\SourceUtils\SourceUtils\SourceUtils.WebExport\Bsp\AmbientCubes.cs:строка 53
   в System.Linq.Enumerable.WhereSelectEnumerableIterator`2.MoveNext()
   в Newtonsoft.Json.Serialization.JsonSerializerInternalWriter.SerializeList(JsonWriter writer, IEnumerable values, JsonArrayContract contract, JsonProperty member, JsonContainerContract collectionContract, JsonProperty containerProperty)
   в Newtonsoft.Json.Serialization.JsonSerializerInternalWriter.SerializeValue(JsonWriter writer, Object value, JsonContract valueContract, JsonProperty member, JsonContainerContract containerContract, JsonProperty containerProperty)
   в Newtonsoft.Json.Serialization.JsonSerializerInternalWriter.SerializeObject(JsonWriter writer, Object value, JsonObjectContract contract, JsonProperty member, JsonContainerContract collectionContract, JsonProperty containerProperty)
   в Newtonsoft.Json.Serialization.JsonSerializerInternalWriter.SerializeValue(JsonWriter writer, Object value, JsonContract valueContract, JsonProperty member, JsonContainerContract containerContract, JsonProperty containerProperty)
   в Newtonsoft.Json.Serialization.JsonSerializerInternalWriter.Serialize(JsonWriter jsonWriter, Object value, Type objectType)
   в Newtonsoft.Json.JsonSerializer.SerializeInternal(JsonWriter jsonWriter, Object value, Type objectType)
   в Newtonsoft.Json.Linq.JToken.FromObjectInternal(Object o, JsonSerializer jsonSerializer)
   в Newtonsoft.Json.Linq.JObject.FromObject(Object o, JsonSerializer jsonSerializer)
   в SourceUtils.WebExport.ResourceController.OnWriteObject(Object obj) в D:\a\SourceUtils\SourceUtils\SourceUtils.WebExport\ResourceController.cs:строка 378
   в lambda_method(Closure , Controller )
   в Ziks.WebServer.ControllerActionMap.TryInvokeAction(Controller controller, HttpListenerRequest request)
   в Ziks.WebServer.Controller.Service(HttpListenerContext context, Session session)
   --- Конец трассировки внутреннего стека исключений ---
    </code>
  </body>
</html>


<!DOCTYPE html>
<html>
  <head>
    <title>500: InternalServerError</title>
  </head>
  <body>
    <h2>500: InternalServerError</h2>
    Request:&nbsp;<code>
      http://localhost:39281/maps/surf_forbidden_tomb4_njv/geom/ambientpage1.json
      </code>
    <br />
    Message:&nbsp;<code>4096 is not &gt;= 0 and &lt; 0.</code>
    <br />
    <code style="padding:8px;white-space:pre-wrap;display:block;">
Ziks.WebServer.ControllerActionException: 4096 is not &gt;= 0 and &lt; 0. ---&gt; System.IndexOutOfRangeException: 4096 is not &gt;= 0 and &lt; 0.
   в SourceUtils.ValveBspFile.StructArrayLump`1.get_Item(Int32 index) в D:\a\SourceUtils\SourceUtils\SourceUtils\ValveBsp\ArrayLump.cs:строка 149
   в SourceUtils.WebExport.Bsp.AmbientController.&lt;&gt;c__DisplayClass0_0.&lt;Get&gt;b__0(Int32 x) в D:\a\SourceUtils\SourceUtils\SourceUtils.WebExport\Bsp\AmbientCubes.cs:строка 53
   в System.Linq.Enumerable.WhereSelectEnumerableIterator`2.MoveNext()
   в Newtonsoft.Json.Serialization.JsonSerializerInternalWriter.SerializeList(JsonWriter writer, IEnumerable values, JsonArrayContract contract, JsonProperty member, JsonContainerContract collectionContract, JsonProperty containerProperty)
   в Newtonsoft.Json.Serialization.JsonSerializerInternalWriter.SerializeValue(JsonWriter writer, Object value, JsonContract valueContract, JsonProperty member, JsonContainerContract containerContract, JsonProperty containerProperty)
   в Newtonsoft.Json.Serialization.JsonSerializerInternalWriter.SerializeObject(JsonWriter writer, Object value, JsonObjectContract contract, JsonProperty member, JsonContainerContract collectionContract, JsonProperty containerProperty)
   в Newtonsoft.Json.Serialization.JsonSerializerInternalWriter.SerializeValue(JsonWriter writer, Object value, JsonContract valueContract, JsonProperty member, JsonContainerContract containerContract, JsonProperty containerProperty)
   в Newtonsoft.Json.Serialization.JsonSerializerInternalWriter.Serialize(JsonWriter jsonWriter, Object value, Type objectType)
   в Newtonsoft.Json.JsonSerializer.SerializeInternal(JsonWriter jsonWriter, Object value, Type objectType)
   в Newtonsoft.Json.Linq.JToken.FromObjectInternal(Object o, JsonSerializer jsonSerializer)
   в Newtonsoft.Json.Linq.JObject.FromObject(Object o, JsonSerializer jsonSerializer)
   в SourceUtils.WebExport.ResourceController.OnWriteObject(Object obj) в D:\a\SourceUtils\SourceUtils\SourceUtils.WebExport\ResourceController.cs:строка 378
   в lambda_method(Closure , Controller )
   в Ziks.WebServer.ControllerActionMap.TryInvokeAction(Controller controller, HttpListenerRequest request)
   в Ziks.WebServer.Controller.Service(HttpListenerContext context, Session session)
   --- Конец трассировки внутреннего стека исключений ---
    </code>
  </body>
</html>


<!DOCTYPE html>
<html>
  <head>
    <title>500: InternalServerError</title>
  </head>
  <body>
    <h2>500: InternalServerError</h2>
    Request:&nbsp;<code>
      http://localhost:39281/maps/surf_forbidden_tomb4_njv/geom/ambientpage2.json
      </code>
    <br />
    Message:&nbsp;<code>8192 is not &gt;= 0 and &lt; 0.</code>
    <br />
    <code style="padding:8px;white-space:pre-wrap;display:block;">
Ziks.WebServer.ControllerActionException: 8192 is not &gt;= 0 and &lt; 0. ---&gt; System.IndexOutOfRangeException: 8192 is not &gt;= 0 and &lt; 0.
   в SourceUtils.ValveBspFile.StructArrayLump`1.get_Item(Int32 index) в D:\a\SourceUtils\SourceUtils\SourceUtils\ValveBsp\ArrayLump.cs:строка 149
   в SourceUtils.WebExport.Bsp.AmbientController.&lt;&gt;c__DisplayClass0_0.&lt;Get&gt;b__0(Int32 x) в D:\a\SourceUtils\SourceUtils\SourceUtils.WebExport\Bsp\AmbientCubes.cs:строка 53
   в System.Linq.Enumerable.WhereSelectEnumerableIterator`2.MoveNext()
   в Newtonsoft.Json.Serialization.JsonSerializerInternalWriter.SerializeList(JsonWriter writer, IEnumerable values, JsonArrayContract contract, JsonProperty member, JsonContainerContract collectionContract, JsonProperty containerProperty)
   в Newtonsoft.Json.Serialization.JsonSerializerInternalWriter.SerializeValue(JsonWriter writer, Object value, JsonContract valueContract, JsonProperty member, JsonContainerContract containerContract, JsonProperty containerProperty)
   в Newtonsoft.Json.Serialization.JsonSerializerInternalWriter.SerializeObject(JsonWriter writer, Object value, JsonObjectContract contract, JsonProperty member, JsonContainerContract collectionContract, JsonProperty containerProperty)
   в Newtonsoft.Json.Serialization.JsonSerializerInternalWriter.SerializeValue(JsonWriter writer, Object value, JsonContract valueContract, JsonProperty member, JsonContainerContract containerContract, JsonProperty containerProperty)
   в Newtonsoft.Json.Serialization.JsonSerializerInternalWriter.Serialize(JsonWriter jsonWriter, Object value, Type objectType)
   в Newtonsoft.Json.JsonSerializer.SerializeInternal(JsonWriter jsonWriter, Object value, Type objectType)
   в Newtonsoft.Json.Linq.JToken.FromObjectInternal(Object o, JsonSerializer jsonSerializer)
   в Newtonsoft.Json.Linq.JObject.FromObject(Object o, JsonSerializer jsonSerializer)
   в SourceUtils.WebExport.ResourceController.OnWriteObject(Object obj) в D:\a\SourceUtils\SourceUtils\SourceUtils.WebExport\ResourceController.cs:строка 378
   в lambda_method(Closure , Controller )
   в Ziks.WebServer.ControllerActionMap.TryInvokeAction(Controller controller, HttpListenerRequest request)
   в Ziks.WebServer.Controller.Service(HttpListenerContext context, Session session)
   --- Конец трассировки внутреннего стека исключений ---
    </code>
  </body>
</html>


<!DOCTYPE html>
<html>
  <head>
    <title>500: InternalServerError</title>
  </head>
  <body>
    <h2>500: InternalServerError</h2>
    Request:&nbsp;<code>
      http://localhost:39281/maps/surf_freaky/geom/ambientpage0.json</code>
    <br />
    Message:&nbsp;<code>1 is not &gt;= 0 and &lt; 0.</code>
    <br />
    <code style="padding:8px;white-space:pre-wrap;display:block;">
Ziks.WebServer.ControllerActionException: 1 is not &gt;= 0 and &lt; 0. ---&gt; System.IndexOutOfRangeException: 1 is not &gt;= 0 and &lt; 0.
   в SourceUtils.ValveBspFile.StructArrayLump`1.get_Item(Int32 index) в D:\a\SourceUtils\SourceUtils\SourceUtils\ValveBsp\ArrayLump.cs:строка 149
   в SourceUtils.WebExport.Bsp.AmbientController.&lt;&gt;c__DisplayClass0_0.&lt;Get&gt;b__0(Int32 x) в D:\a\SourceUtils\SourceUtils\SourceUtils.WebExport\Bsp\AmbientCubes.cs:строка 53
   в System.Linq.Enumerable.WhereSelectEnumerableIterator`2.MoveNext()
   в Newtonsoft.Json.Serialization.JsonSerializerInternalWriter.SerializeList(JsonWriter writer, IEnumerable values, JsonArrayContract contract, JsonProperty member, JsonContainerContract collectionContract, JsonProperty containerProperty)
   в Newtonsoft.Json.Serialization.JsonSerializerInternalWriter.SerializeValue(JsonWriter writer, Object value, JsonContract valueContract, JsonProperty member, JsonContainerContract containerContract, JsonProperty containerProperty)
   в Newtonsoft.Json.Serialization.JsonSerializerInternalWriter.SerializeObject(JsonWriter writer, Object value, JsonObjectContract contract, JsonProperty member, JsonContainerContract collectionContract, JsonProperty containerProperty)
   в Newtonsoft.Json.Serialization.JsonSerializerInternalWriter.SerializeValue(JsonWriter writer, Object value, JsonContract valueContract, JsonProperty member, JsonContainerContract containerContract, JsonProperty containerProperty)
   в Newtonsoft.Json.Serialization.JsonSerializerInternalWriter.Serialize(JsonWriter jsonWriter, Object value, Type objectType)
   в Newtonsoft.Json.JsonSerializer.SerializeInternal(JsonWriter jsonWriter, Object value, Type objectType)
   в Newtonsoft.Json.Linq.JToken.FromObjectInternal(Object o, JsonSerializer jsonSerializer)
   в Newtonsoft.Json.Linq.JObject.FromObject(Object o, JsonSerializer jsonSerializer)
   в SourceUtils.WebExport.ResourceController.OnWriteObject(Object obj) в D:\a\SourceUtils\SourceUtils\SourceUtils.WebExport\ResourceController.cs:строка 378
   в lambda_method(Closure , Controller )
   в Ziks.WebServer.ControllerActionMap.TryInvokeAction(Controller controller, HttpListenerRequest request)
   в Ziks.WebServer.Controller.Service(HttpListenerContext context, Session session)
   --- Конец трассировки внутреннего стека исключений ---
    </code>
  </body>
</html>


<!DOCTYPE html>
<html>
  <head>
    <title>500: InternalServerError</title>
  </head>
  <body>
    <h2>500: InternalServerError</h2>
    Request:&nbsp;<code>
      http://localhost:39281/maps/surf_freaky/geom/ambientpage1.json</code>
    <br />
    Message:&nbsp;<code>4096 is not &gt;= 0 and &lt; 0.</code>
    <br />
    <code style="padding:8px;white-space:pre-wrap;display:block;">
Ziks.WebServer.ControllerActionException: 4096 is not &gt;= 0 and &lt; 0. ---&gt; System.IndexOutOfRangeException: 4096 is not &gt;= 0 and &lt; 0.
   в SourceUtils.ValveBspFile.StructArrayLump`1.get_Item(Int32 index) в D:\a\SourceUtils\SourceUtils\SourceUtils\ValveBsp\ArrayLump.cs:строка 149
   в SourceUtils.WebExport.Bsp.AmbientController.&lt;&gt;c__DisplayClass0_0.&lt;Get&gt;b__0(Int32 x) в D:\a\SourceUtils\SourceUtils\SourceUtils.WebExport\Bsp\AmbientCubes.cs:строка 53
   в System.Linq.Enumerable.WhereSelectEnumerableIterator`2.MoveNext()
   в Newtonsoft.Json.Serialization.JsonSerializerInternalWriter.SerializeList(JsonWriter writer, IEnumerable values, JsonArrayContract contract, JsonProperty member, JsonContainerContract collectionContract, JsonProperty containerProperty)
   в Newtonsoft.Json.Serialization.JsonSerializerInternalWriter.SerializeValue(JsonWriter writer, Object value, JsonContract valueContract, JsonProperty member, JsonContainerContract containerContract, JsonProperty containerProperty)
   в Newtonsoft.Json.Serialization.JsonSerializerInternalWriter.SerializeObject(JsonWriter writer, Object value, JsonObjectContract contract, JsonProperty member, JsonContainerContract collectionContract, JsonProperty containerProperty)
   в Newtonsoft.Json.Serialization.JsonSerializerInternalWriter.SerializeValue(JsonWriter writer, Object value, JsonContract valueContract, JsonProperty member, JsonContainerContract containerContract, JsonProperty containerProperty)
   в Newtonsoft.Json.Serialization.JsonSerializerInternalWriter.Serialize(JsonWriter jsonWriter, Object value, Type objectType)
   в Newtonsoft.Json.JsonSerializer.SerializeInternal(JsonWriter jsonWriter, Object value, Type objectType)
   в Newtonsoft.Json.Linq.JToken.FromObjectInternal(Object o, JsonSerializer jsonSerializer)
   в Newtonsoft.Json.Linq.JObject.FromObject(Object o, JsonSerializer jsonSerializer)
   в SourceUtils.WebExport.ResourceController.OnWriteObject(Object obj) в D:\a\SourceUtils\SourceUtils\SourceUtils.WebExport\ResourceController.cs:строка 378
   в lambda_method(Closure , Controller )
   в Ziks.WebServer.ControllerActionMap.TryInvokeAction(Controller controller, HttpListenerRequest request)
   в Ziks.WebServer.Controller.Service(HttpListenerContext context, Session session)
   --- Конец трассировки внутреннего стека исключений ---
    </code>
  </body>
</html>


<!DOCTYPE html>
<html>
  <head>
    <title>500: InternalServerError</title>
  </head>
  <body>
    <h2>500: InternalServerError</h2>
    Request:&nbsp;<code>
      http://localhost:39281/maps/surf_frequency_njv/geom/ambientpage0.json</code>
    <br />
    Message:&nbsp;<code>1 is not &gt;= 0 and &lt; 0.</code>
    <br />
    <code style="padding:8px;white-space:pre-wrap;display:block;">
Ziks.WebServer.ControllerActionException: 1 is not &gt;= 0 and &lt; 0. ---&gt; System.IndexOutOfRangeException: 1 is not &gt;= 0 and &lt; 0.
   в SourceUtils.ValveBspFile.StructArrayLump`1.get_Item(Int32 index) в D:\a\SourceUtils\SourceUtils\SourceUtils\ValveBsp\ArrayLump.cs:строка 149
   в SourceUtils.WebExport.Bsp.AmbientController.&lt;&gt;c__DisplayClass0_0.&lt;Get&gt;b__0(Int32 x) в D:\a\SourceUtils\SourceUtils\SourceUtils.WebExport\Bsp\AmbientCubes.cs:строка 53
   в System.Linq.Enumerable.WhereSelectEnumerableIterator`2.MoveNext()
   в Newtonsoft.Json.Serialization.JsonSerializerInternalWriter.SerializeList(JsonWriter writer, IEnumerable values, JsonArrayContract contract, JsonProperty member, JsonContainerContract collectionContract, JsonProperty containerProperty)
   в Newtonsoft.Json.Serialization.JsonSerializerInternalWriter.SerializeValue(JsonWriter writer, Object value, JsonContract valueContract, JsonProperty member, JsonContainerContract containerContract, JsonProperty containerProperty)
   в Newtonsoft.Json.Serialization.JsonSerializerInternalWriter.SerializeObject(JsonWriter writer, Object value, JsonObjectContract contract, JsonProperty member, JsonContainerContract collectionContract, JsonProperty containerProperty)
   в Newtonsoft.Json.Serialization.JsonSerializerInternalWriter.SerializeValue(JsonWriter writer, Object value, JsonContract valueContract, JsonProperty member, JsonContainerContract containerContract, JsonProperty containerProperty)
   в Newtonsoft.Json.Serialization.JsonSerializerInternalWriter.Serialize(JsonWriter jsonWriter, Object value, Type objectType)
   в Newtonsoft.Json.JsonSerializer.SerializeInternal(JsonWriter jsonWriter, Object value, Type objectType)
   в Newtonsoft.Json.Linq.JToken.FromObjectInternal(Object o, JsonSerializer jsonSerializer)
   в Newtonsoft.Json.Linq.JObject.FromObject(Object o, JsonSerializer jsonSerializer)
   в SourceUtils.WebExport.ResourceController.OnWriteObject(Object obj) в D:\a\SourceUtils\SourceUtils\SourceUtils.WebExport\ResourceController.cs:строка 378
   в lambda_method(Closure , Controller )
   в Ziks.WebServer.ControllerActionMap.TryInvokeAction(Controller controller, HttpListenerRequest request)
   в Ziks.WebServer.Controller.Service(HttpListenerContext context, Session session)
   --- Конец трассировки внутреннего стека исключений ---
    </code>
  </body>
</html>


<!DOCTYPE html>
<html>
  <head>
    <title>500: InternalServerError</title>
  </head>
  <body>
    <h2>500: InternalServerError</h2>
    Request:&nbsp;<code>
      http://localhost:39281/maps/surf_frequency_njv/geom/ambientpage1.json</code>
    <br />
    Message:&nbsp;<code>4096 is not &gt;= 0 and &lt; 0.</code>
    <br />
    <code style="padding:8px;white-space:pre-wrap;display:block;">
Ziks.WebServer.ControllerActionException: 4096 is not &gt;= 0 and &lt; 0. ---&gt; System.IndexOutOfRangeException: 4096 is not &gt;= 0 and &lt; 0.
   в SourceUtils.ValveBspFile.StructArrayLump`1.get_Item(Int32 index) в D:\a\SourceUtils\SourceUtils\SourceUtils\ValveBsp\ArrayLump.cs:строка 149
   в SourceUtils.WebExport.Bsp.AmbientController.&lt;&gt;c__DisplayClass0_0.&lt;Get&gt;b__0(Int32 x) в D:\a\SourceUtils\SourceUtils\SourceUtils.WebExport\Bsp\AmbientCubes.cs:строка 53
   в System.Linq.Enumerable.WhereSelectEnumerableIterator`2.MoveNext()
   в Newtonsoft.Json.Serialization.JsonSerializerInternalWriter.SerializeList(JsonWriter writer, IEnumerable values, JsonArrayContract contract, JsonProperty member, JsonContainerContract collectionContract, JsonProperty containerProperty)
   в Newtonsoft.Json.Serialization.JsonSerializerInternalWriter.SerializeValue(JsonWriter writer, Object value, JsonContract valueContract, JsonProperty member, JsonContainerContract containerContract, JsonProperty containerProperty)
   в Newtonsoft.Json.Serialization.JsonSerializerInternalWriter.SerializeObject(JsonWriter writer, Object value, JsonObjectContract contract, JsonProperty member, JsonContainerContract collectionContract, JsonProperty containerProperty)
   в Newtonsoft.Json.Serialization.JsonSerializerInternalWriter.SerializeValue(JsonWriter writer, Object value, JsonContract valueContract, JsonProperty member, JsonContainerContract containerContract, JsonProperty containerProperty)
   в Newtonsoft.Json.Serialization.JsonSerializerInternalWriter.Serialize(JsonWriter jsonWriter, Object value, Type objectType)
   в Newtonsoft.Json.JsonSerializer.SerializeInternal(JsonWriter jsonWriter, Object value, Type objectType)
   в Newtonsoft.Json.Linq.JToken.FromObjectInternal(Object o, JsonSerializer jsonSerializer)
   в Newtonsoft.Json.Linq.JObject.FromObject(Object o, JsonSerializer jsonSerializer)
   в SourceUtils.WebExport.ResourceController.OnWriteObject(Object obj) в D:\a\SourceUtils\SourceUtils\SourceUtils.WebExport\ResourceController.cs:строка 378
   в lambda_method(Closure , Controller )
   в Ziks.WebServer.ControllerActionMap.TryInvokeAction(Controller controller, HttpListenerRequest request)
   в Ziks.WebServer.Controller.Service(HttpListenerContext context, Session session)
   --- Конец трассировки внутреннего стека исключений ---
    </code>
  </body>
</html>


<!DOCTYPE html>
<html>
  <head>
    <title>500: InternalServerError</title>
  </head>
  <body>
    <h2>500: InternalServerError</h2>
    Request:&nbsp;<code>
      http://localhost:39281/maps/surf_frequency_njv/geom/ambientpage2.json</code>
    <br />
    Message:&nbsp;<code>8192 is not &gt;= 0 and &lt; 0.</code>
    <br />
    <code style="padding:8px;white-space:pre-wrap;display:block;">
Ziks.WebServer.ControllerActionException: 8192 is not &gt;= 0 and &lt; 0. ---&gt; System.IndexOutOfRangeException: 8192 is not &gt;= 0 and &lt; 0.
   в SourceUtils.ValveBspFile.StructArrayLump`1.get_Item(Int32 index) в D:\a\SourceUtils\SourceUtils\SourceUtils\ValveBsp\ArrayLump.cs:строка 149
   в SourceUtils.WebExport.Bsp.AmbientController.&lt;&gt;c__DisplayClass0_0.&lt;Get&gt;b__0(Int32 x) в D:\a\SourceUtils\SourceUtils\SourceUtils.WebExport\Bsp\AmbientCubes.cs:строка 53
   в System.Linq.Enumerable.WhereSelectEnumerableIterator`2.MoveNext()
   в Newtonsoft.Json.Serialization.JsonSerializerInternalWriter.SerializeList(JsonWriter writer, IEnumerable values, JsonArrayContract contract, JsonProperty member, JsonContainerContract collectionContract, JsonProperty containerProperty)
   в Newtonsoft.Json.Serialization.JsonSerializerInternalWriter.SerializeValue(JsonWriter writer, Object value, JsonContract valueContract, JsonProperty member, JsonContainerContract containerContract, JsonProperty containerProperty)
   в Newtonsoft.Json.Serialization.JsonSerializerInternalWriter.SerializeObject(JsonWriter writer, Object value, JsonObjectContract contract, JsonProperty member, JsonContainerContract collectionContract, JsonProperty containerProperty)
   в Newtonsoft.Json.Serialization.JsonSerializerInternalWriter.SerializeValue(JsonWriter writer, Object value, JsonContract valueContract, JsonProperty member, JsonContainerContract containerContract, JsonProperty containerProperty)
   в Newtonsoft.Json.Serialization.JsonSerializerInternalWriter.Serialize(JsonWriter jsonWriter, Object value, Type objectType)
   в Newtonsoft.Json.JsonSerializer.SerializeInternal(JsonWriter jsonWriter, Object value, Type objectType)
   в Newtonsoft.Json.Linq.JToken.FromObjectInternal(Object o, JsonSerializer jsonSerializer)
   в Newtonsoft.Json.Linq.JObject.FromObject(Object o, JsonSerializer jsonSerializer)
   в SourceUtils.WebExport.ResourceController.OnWriteObject(Object obj) в D:\a\SourceUtils\SourceUtils\SourceUtils.WebExport\ResourceController.cs:строка 378
   в lambda_method(Closure , Controller )
   в Ziks.WebServer.ControllerActionMap.TryInvokeAction(Controller controller, HttpListenerRequest request)
   в Ziks.WebServer.Controller.Service(HttpListenerContext context, Session session)
   --- Конец трассировки внутреннего стека исключений ---
    </code>
  </body>
</html>


<!DOCTYPE html>
<html>
  <head>
    <title>500: InternalServerError</title>
  </head>
  <body>
    <h2>500: InternalServerError</h2>
    Request:&nbsp;<code>
      http://localhost:39281/maps/surf_funhouse_v1/geom/ambientpage0.json</code>
    <br />
    Message:&nbsp;<code>1 is not &gt;= 0 and &lt; 0.</code>
    <br />
    <code style="padding:8px;white-space:pre-wrap;display:block;">
Ziks.WebServer.ControllerActionException: 1 is not &gt;= 0 and &lt; 0. ---&gt; System.IndexOutOfRangeException: 1 is not &gt;= 0 and &lt; 0.
   в SourceUtils.ValveBspFile.StructArrayLump`1.get_Item(Int32 index) в D:\a\SourceUtils\SourceUtils\SourceUtils\ValveBsp\ArrayLump.cs:строка 149
   в SourceUtils.WebExport.Bsp.AmbientController.&lt;&gt;c__DisplayClass0_0.&lt;Get&gt;b__0(Int32 x) в D:\a\SourceUtils\SourceUtils\SourceUtils.WebExport\Bsp\AmbientCubes.cs:строка 53
   в System.Linq.Enumerable.WhereSelectEnumerableIterator`2.MoveNext()
   в Newtonsoft.Json.Serialization.JsonSerializerInternalWriter.SerializeList(JsonWriter writer, IEnumerable values, JsonArrayContract contract, JsonProperty member, JsonContainerContract collectionContract, JsonProperty containerProperty)
   в Newtonsoft.Json.Serialization.JsonSerializerInternalWriter.SerializeValue(JsonWriter writer, Object value, JsonContract valueContract, JsonProperty member, JsonContainerContract containerContract, JsonProperty containerProperty)
   в Newtonsoft.Json.Serialization.JsonSerializerInternalWriter.SerializeObject(JsonWriter writer, Object value, JsonObjectContract contract, JsonProperty member, JsonContainerContract collectionContract, JsonProperty containerProperty)
   в Newtonsoft.Json.Serialization.JsonSerializerInternalWriter.SerializeValue(JsonWriter writer, Object value, JsonContract valueContract, JsonProperty member, JsonContainerContract containerContract, JsonProperty containerProperty)
   в Newtonsoft.Json.Serialization.JsonSerializerInternalWriter.Serialize(JsonWriter jsonWriter, Object value, Type objectType)
   в Newtonsoft.Json.JsonSerializer.SerializeInternal(JsonWriter jsonWriter, Object value, Type objectType)
   в Newtonsoft.Json.Linq.JToken.FromObjectInternal(Object o, JsonSerializer jsonSerializer)
   в Newtonsoft.Json.Linq.JObject.FromObject(Object o, JsonSerializer jsonSerializer)
   в SourceUtils.WebExport.ResourceController.OnWriteObject(Object obj) в D:\a\SourceUtils\SourceUtils\SourceUtils.WebExport\ResourceController.cs:строка 378
   в lambda_method(Closure , Controller )
   в Ziks.WebServer.ControllerActionMap.TryInvokeAction(Controller controller, HttpListenerRequest request)
   в Ziks.WebServer.Controller.Service(HttpListenerContext context, Session session)
   --- Конец трассировки внутреннего стека исключений ---
    </code>
  </body>
</html>


<!DOCTYPE html>
<html>
  <head>
    <title>500: InternalServerError</title>
  </head>
  <body>
    <h2>500: InternalServerError</h2>
    Request:&nbsp;<code>
      http://localhost:39281/maps/surf_funhouse_v1/geom/ambientpage1.json</code>
    <br />
    Message:&nbsp;<code>4096 is not &gt;= 0 and &lt; 0.</code>
    <br />
    <code style="padding:8px;white-space:pre-wrap;display:block;">
Ziks.WebServer.ControllerActionException: 4096 is not &gt;= 0 and &lt; 0. ---&gt; System.IndexOutOfRangeException: 4096 is not &gt;= 0 and &lt; 0.
   в SourceUtils.ValveBspFile.StructArrayLump`1.get_Item(Int32 index) в D:\a\SourceUtils\SourceUtils\SourceUtils\ValveBsp\ArrayLump.cs:строка 149
   в SourceUtils.WebExport.Bsp.AmbientController.&lt;&gt;c__DisplayClass0_0.&lt;Get&gt;b__0(Int32 x) в D:\a\SourceUtils\SourceUtils\SourceUtils.WebExport\Bsp\AmbientCubes.cs:строка 53
   в System.Linq.Enumerable.WhereSelectEnumerableIterator`2.MoveNext()
   в Newtonsoft.Json.Serialization.JsonSerializerInternalWriter.SerializeList(JsonWriter writer, IEnumerable values, JsonArrayContract contract, JsonProperty member, JsonContainerContract collectionContract, JsonProperty containerProperty)
   в Newtonsoft.Json.Serialization.JsonSerializerInternalWriter.SerializeValue(JsonWriter writer, Object value, JsonContract valueContract, JsonProperty member, JsonContainerContract containerContract, JsonProperty containerProperty)
   в Newtonsoft.Json.Serialization.JsonSerializerInternalWriter.SerializeObject(JsonWriter writer, Object value, JsonObjectContract contract, JsonProperty member, JsonContainerContract collectionContract, JsonProperty containerProperty)
   в Newtonsoft.Json.Serialization.JsonSerializerInternalWriter.SerializeValue(JsonWriter writer, Object value, JsonContract valueContract, JsonProperty member, JsonContainerContract containerContract, JsonProperty containerProperty)
   в Newtonsoft.Json.Serialization.JsonSerializerInternalWriter.Serialize(JsonWriter jsonWriter, Object value, Type objectType)
   в Newtonsoft.Json.JsonSerializer.SerializeInternal(JsonWriter jsonWriter, Object value, Type objectType)
   в Newtonsoft.Json.Linq.JToken.FromObjectInternal(Object o, JsonSerializer jsonSerializer)
   в Newtonsoft.Json.Linq.JObject.FromObject(Object o, JsonSerializer jsonSerializer)
   в SourceUtils.WebExport.ResourceController.OnWriteObject(Object obj) в D:\a\SourceUtils\SourceUtils\SourceUtils.WebExport\ResourceController.cs:строка 378
   в lambda_method(Closure , Controller )
   в Ziks.WebServer.ControllerActionMap.TryInvokeAction(Controller controller, HttpListenerRequest request)
   в Ziks.WebServer.Controller.Service(HttpListenerContext context, Session session)
   --- Конец трассировки внутреннего стека исключений ---
    </code>
  </body>
</html>


<!DOCTYPE html>
<html>
  <head>
    <title>500: InternalServerError</title>
  </head>
  <body>
    <h2>500: InternalServerError</h2>
    Request:&nbsp;<code>
      http://localhost:39281/maps/surf_funhouse_v1/geom/ambientpage2.json</code>
    <br />
    Message:&nbsp;<code>8192 is not &gt;= 0 and &lt; 0.</code>
    <br />
    <code style="padding:8px;white-space:pre-wrap;display:block;">
Ziks.WebServer.ControllerActionException: 8192 is not &gt;= 0 and &lt; 0. ---&gt; System.IndexOutOfRangeException: 8192 is not &gt;= 0 and &lt; 0.
   в SourceUtils.ValveBspFile.StructArrayLump`1.get_Item(Int32 index) в D:\a\SourceUtils\SourceUtils\SourceUtils\ValveBsp\ArrayLump.cs:строка 149
   в SourceUtils.WebExport.Bsp.AmbientController.&lt;&gt;c__DisplayClass0_0.&lt;Get&gt;b__0(Int32 x) в D:\a\SourceUtils\SourceUtils\SourceUtils.WebExport\Bsp\AmbientCubes.cs:строка 53
   в System.Linq.Enumerable.WhereSelectEnumerableIterator`2.MoveNext()
   в Newtonsoft.Json.Serialization.JsonSerializerInternalWriter.SerializeList(JsonWriter writer, IEnumerable values, JsonArrayContract contract, JsonProperty member, JsonContainerContract collectionContract, JsonProperty containerProperty)
   в Newtonsoft.Json.Serialization.JsonSerializerInternalWriter.SerializeValue(JsonWriter writer, Object value, JsonContract valueContract, JsonProperty member, JsonContainerContract containerContract, JsonProperty containerProperty)
   в Newtonsoft.Json.Serialization.JsonSerializerInternalWriter.SerializeObject(JsonWriter writer, Object value, JsonObjectContract contract, JsonProperty member, JsonContainerContract collectionContract, JsonProperty containerProperty)
   в Newtonsoft.Json.Serialization.JsonSerializerInternalWriter.SerializeValue(JsonWriter writer, Object value, JsonContract valueContract, JsonProperty member, JsonContainerContract containerContract, JsonProperty containerProperty)
   в Newtonsoft.Json.Serialization.JsonSerializerInternalWriter.Serialize(JsonWriter jsonWriter, Object value, Type objectType)
   в Newtonsoft.Json.JsonSerializer.SerializeInternal(JsonWriter jsonWriter, Object value, Type objectType)
   в Newtonsoft.Json.Linq.JToken.FromObjectInternal(Object o, JsonSerializer jsonSerializer)
   в Newtonsoft.Json.Linq.JObject.FromObject(Object o, JsonSerializer jsonSerializer)
   в SourceUtils.WebExport.ResourceController.OnWriteObject(Object obj) в D:\a\SourceUtils\SourceUtils\SourceUtils.WebExport\ResourceController.cs:строка 378
   в lambda_method(Closure , Controller )
   в Ziks.WebServer.ControllerActionMap.TryInvokeAction(Controller controller, HttpListenerRequest request)
   в Ziks.WebServer.Controller.Service(HttpListenerContext context, Session session)
   --- Конец трассировки внутреннего стека исключений ---
    </code>
  </body>
</html>


<!DOCTYPE html>
<html>
  <head>
    <title>500: InternalServerError</title>
  </head>
  <body>
    <h2>500: InternalServerError</h2>
    Request:&nbsp;<code>
      http://localhost:39281/maps/surf_furios/geom/ambientpage0.json</code>
    <br />
    Message:&nbsp;<code>1 is not &gt;= 0 and &lt; 0.</code>
    <br />
    <code style="padding:8px;white-space:pre-wrap;display:block;">
Ziks.WebServer.ControllerActionException: 1 is not &gt;= 0 and &lt; 0. ---&gt; System.IndexOutOfRangeException: 1 is not &gt;= 0 and &lt; 0.
   в SourceUtils.ValveBspFile.StructArrayLump`1.get_Item(Int32 index) в D:\a\SourceUtils\SourceUtils\SourceUtils\ValveBsp\ArrayLump.cs:строка 149
   в SourceUtils.WebExport.Bsp.AmbientController.&lt;&gt;c__DisplayClass0_0.&lt;Get&gt;b__0(Int32 x) в D:\a\SourceUtils\SourceUtils\SourceUtils.WebExport\Bsp\AmbientCubes.cs:строка 53
   в System.Linq.Enumerable.WhereSelectEnumerableIterator`2.MoveNext()
   в Newtonsoft.Json.Serialization.JsonSerializerInternalWriter.SerializeList(JsonWriter writer, IEnumerable values, JsonArrayContract contract, JsonProperty member, JsonContainerContract collectionContract, JsonProperty containerProperty)
   в Newtonsoft.Json.Serialization.JsonSerializerInternalWriter.SerializeValue(JsonWriter writer, Object value, JsonContract valueContract, JsonProperty member, JsonContainerContract containerContract, JsonProperty containerProperty)
   в Newtonsoft.Json.Serialization.JsonSerializerInternalWriter.SerializeObject(JsonWriter writer, Object value, JsonObjectContract contract, JsonProperty member, JsonContainerContract collectionContract, JsonProperty containerProperty)
   в Newtonsoft.Json.Serialization.JsonSerializerInternalWriter.SerializeValue(JsonWriter writer, Object value, JsonContract valueContract, JsonProperty member, JsonContainerContract containerContract, JsonProperty containerProperty)
   в Newtonsoft.Json.Serialization.JsonSerializerInternalWriter.Serialize(JsonWriter jsonWriter, Object value, Type objectType)
   в Newtonsoft.Json.JsonSerializer.SerializeInternal(JsonWriter jsonWriter, Object value, Type objectType)
   в Newtonsoft.Json.Linq.JToken.FromObjectInternal(Object o, JsonSerializer jsonSerializer)
   в Newtonsoft.Json.Linq.JObject.FromObject(Object o, JsonSerializer jsonSerializer)
   в SourceUtils.WebExport.ResourceController.OnWriteObject(Object obj) в D:\a\SourceUtils\SourceUtils\SourceUtils.WebExport\ResourceController.cs:строка 378
   в lambda_method(Closure , Controller )
   в Ziks.WebServer.ControllerActionMap.TryInvokeAction(Controller controller, HttpListenerRequest request)
   в Ziks.WebServer.Controller.Service(HttpListenerContext context, Session session)
   --- Конец трассировки внутреннего стека исключений ---
    </code>
  </body>
</html>


<!DOCTYPE html>
<html>
  <head>
    <title>500: InternalServerError</title>
  </head>
  <body>
    <h2>500: InternalServerError</h2>
    Request:&nbsp;<code>
      http://localhost:39281/maps/surf_furios/geom/ambientpage1.json</code>
    <br />
    Message:&nbsp;<code>4096 is not &gt;= 0 and &lt; 0.</code>
    <br />
    <code style="padding:8px;white-space:pre-wrap;display:block;">
Ziks.WebServer.ControllerActionException: 4096 is not &gt;= 0 and &lt; 0. ---&gt; System.IndexOutOfRangeException: 4096 is not &gt;= 0 and &lt; 0.
   в SourceUtils.ValveBspFile.StructArrayLump`1.get_Item(Int32 index) в D:\a\SourceUtils\SourceUtils\SourceUtils\ValveBsp\ArrayLump.cs:строка 149
   в SourceUtils.WebExport.Bsp.AmbientController.&lt;&gt;c__DisplayClass0_0.&lt;Get&gt;b__0(Int32 x) в D:\a\SourceUtils\SourceUtils\SourceUtils.WebExport\Bsp\AmbientCubes.cs:строка 53
   в System.Linq.Enumerable.WhereSelectEnumerableIterator`2.MoveNext()
   в Newtonsoft.Json.Serialization.JsonSerializerInternalWriter.SerializeList(JsonWriter writer, IEnumerable values, JsonArrayContract contract, JsonProperty member, JsonContainerContract collectionContract, JsonProperty containerProperty)
   в Newtonsoft.Json.Serialization.JsonSerializerInternalWriter.SerializeValue(JsonWriter writer, Object value, JsonContract valueContract, JsonProperty member, JsonContainerContract containerContract, JsonProperty containerProperty)
   в Newtonsoft.Json.Serialization.JsonSerializerInternalWriter.SerializeObject(JsonWriter writer, Object value, JsonObjectContract contract, JsonProperty member, JsonContainerContract collectionContract, JsonProperty containerProperty)
   в Newtonsoft.Json.Serialization.JsonSerializerInternalWriter.SerializeValue(JsonWriter writer, Object value, JsonContract valueContract, JsonProperty member, JsonContainerContract containerContract, JsonProperty containerProperty)
   в Newtonsoft.Json.Serialization.JsonSerializerInternalWriter.Serialize(JsonWriter jsonWriter, Object value, Type objectType)
   в Newtonsoft.Json.JsonSerializer.SerializeInternal(JsonWriter jsonWriter, Object value, Type objectType)
   в Newtonsoft.Json.Linq.JToken.FromObjectInternal(Object o, JsonSerializer jsonSerializer)
   в Newtonsoft.Json.Linq.JObject.FromObject(Object o, JsonSerializer jsonSerializer)
   в SourceUtils.WebExport.ResourceController.OnWriteObject(Object obj) в D:\a\SourceUtils\SourceUtils\SourceUtils.WebExport\ResourceController.cs:строка 378
   в lambda_method(Closure , Controller )
   в Ziks.WebServer.ControllerActionMap.TryInvokeAction(Controller controller, HttpListenerRequest request)
   в Ziks.WebServer.Controller.Service(HttpListenerContext context, Session session)
   --- Конец трассировки внутреннего стека исключений ---
    </code>
  </body>
</html>


<!DOCTYPE html>
<html>
  <head>
    <title>500: InternalServerError</title>
  </head>
  <body>
    <h2>500: InternalServerError</h2>
    Request:&nbsp;<code>
      http://localhost:39281/maps/surf_furios/geom/ambientpage2.json</code>
    <br />
    Message:&nbsp;<code>8192 is not &gt;= 0 and &lt; 0.</code>
    <br />
    <code style="padding:8px;white-space:pre-wrap;display:block;">
Ziks.WebServer.ControllerActionException: 8192 is not &gt;= 0 and &lt; 0. ---&gt; System.IndexOutOfRangeException: 8192 is not &gt;= 0 and &lt; 0.
   в SourceUtils.ValveBspFile.StructArrayLump`1.get_Item(Int32 index) в D:\a\SourceUtils\SourceUtils\SourceUtils\ValveBsp\ArrayLump.cs:строка 149
   в SourceUtils.WebExport.Bsp.AmbientController.&lt;&gt;c__DisplayClass0_0.&lt;Get&gt;b__0(Int32 x) в D:\a\SourceUtils\SourceUtils\SourceUtils.WebExport\Bsp\AmbientCubes.cs:строка 53
   в System.Linq.Enumerable.WhereSelectEnumerableIterator`2.MoveNext()
   в Newtonsoft.Json.Serialization.JsonSerializerInternalWriter.SerializeList(JsonWriter writer, IEnumerable values, JsonArrayContract contract, JsonProperty member, JsonContainerContract collectionContract, JsonProperty containerProperty)
   в Newtonsoft.Json.Serialization.JsonSerializerInternalWriter.SerializeValue(JsonWriter writer, Object value, JsonContract valueContract, JsonProperty member, JsonContainerContract containerContract, JsonProperty containerProperty)
   в Newtonsoft.Json.Serialization.JsonSerializerInternalWriter.SerializeObject(JsonWriter writer, Object value, JsonObjectContract contract, JsonProperty member, JsonContainerContract collectionContract, JsonProperty containerProperty)
   в Newtonsoft.Json.Serialization.JsonSerializerInternalWriter.SerializeValue(JsonWriter writer, Object value, JsonContract valueContract, JsonProperty member, JsonContainerContract containerContract, JsonProperty containerProperty)
   в Newtonsoft.Json.Serialization.JsonSerializerInternalWriter.Serialize(JsonWriter jsonWriter, Object value, Type objectType)
   в Newtonsoft.Json.JsonSerializer.SerializeInternal(JsonWriter jsonWriter, Object value, Type objectType)
   в Newtonsoft.Json.Linq.JToken.FromObjectInternal(Object o, JsonSerializer jsonSerializer)
   в Newtonsoft.Json.Linq.JObject.FromObject(Object o, JsonSerializer jsonSerializer)
   в SourceUtils.WebExport.ResourceController.OnWriteObject(Object obj) в D:\a\SourceUtils\SourceUtils\SourceUtils.WebExport\ResourceController.cs:строка 378
   в lambda_method(Closure , Controller )
   в Ziks.WebServer.ControllerActionMap.TryInvokeAction(Controller controller, HttpListenerRequest request)
   в Ziks.WebServer.Controller.Service(HttpListenerContext context, Session session)
   --- Конец трассировки внутреннего стека исключений ---
    </code>
  </body>
</html>


<!DOCTYPE html>
<html>
  <head>
    <title>500: InternalServerError</title>
  </head>
  <body>
    <h2>500: InternalServerError</h2>
    Request:&nbsp;<code>
      http://localhost:39281/maps/surf_globalchaos/geom/ambientpage0.json</code>
    <br />
    Message:&nbsp;<code>1 is not &gt;= 0 and &lt; 0.</code>
    <br />
    <code style="padding:8px;white-space:pre-wrap;display:block;">
Ziks.WebServer.ControllerActionException: 1 is not &gt;= 0 and &lt; 0. ---&gt; System.IndexOutOfRangeException: 1 is not &gt;= 0 and &lt; 0.
   в SourceUtils.ValveBspFile.StructArrayLump`1.get_Item(Int32 index) в D:\a\SourceUtils\SourceUtils\SourceUtils\ValveBsp\ArrayLump.cs:строка 149
   в SourceUtils.WebExport.Bsp.AmbientController.&lt;&gt;c__DisplayClass0_0.&lt;Get&gt;b__0(Int32 x) в D:\a\SourceUtils\SourceUtils\SourceUtils.WebExport\Bsp\AmbientCubes.cs:строка 53
   в System.Linq.Enumerable.WhereSelectEnumerableIterator`2.MoveNext()
   в Newtonsoft.Json.Serialization.JsonSerializerInternalWriter.SerializeList(JsonWriter writer, IEnumerable values, JsonArrayContract contract, JsonProperty member, JsonContainerContract collectionContract, JsonProperty containerProperty)
   в Newtonsoft.Json.Serialization.JsonSerializerInternalWriter.SerializeValue(JsonWriter writer, Object value, JsonContract valueContract, JsonProperty member, JsonContainerContract containerContract, JsonProperty containerProperty)
   в Newtonsoft.Json.Serialization.JsonSerializerInternalWriter.SerializeObject(JsonWriter writer, Object value, JsonObjectContract contract, JsonProperty member, JsonContainerContract collectionContract, JsonProperty containerProperty)
   в Newtonsoft.Json.Serialization.JsonSerializerInternalWriter.SerializeValue(JsonWriter writer, Object value, JsonContract valueContract, JsonProperty member, JsonContainerContract containerContract, JsonProperty containerProperty)
   в Newtonsoft.Json.Serialization.JsonSerializerInternalWriter.Serialize(JsonWriter jsonWriter, Object value, Type objectType)
   в Newtonsoft.Json.JsonSerializer.SerializeInternal(JsonWriter jsonWriter, Object value, Type objectType)
   в Newtonsoft.Json.Linq.JToken.FromObjectInternal(Object o, JsonSerializer jsonSerializer)
   в Newtonsoft.Json.Linq.JObject.FromObject(Object o, JsonSerializer jsonSerializer)
   в SourceUtils.WebExport.ResourceController.OnWriteObject(Object obj) в D:\a\SourceUtils\SourceUtils\SourceUtils.WebExport\ResourceController.cs:строка 378
   в lambda_method(Closure , Controller )
   в Ziks.WebServer.ControllerActionMap.TryInvokeAction(Controller controller, HttpListenerRequest request)
   в Ziks.WebServer.Controller.Service(HttpListenerContext context, Session session)
   --- Конец трассировки внутреннего стека исключений ---
    </code>
  </body>
</html>


<!DOCTYPE html>
<html>
  <head>
    <title>500: InternalServerError</title>
  </head>
  <body>
    <h2>500: InternalServerError</h2>
    Request:&nbsp;<code>
      http://localhost:39281/maps/surf_globalchaos/geom/ambientpage1.json</code>
    <br />
    Message:&nbsp;<code>4096 is not &gt;= 0 and &lt; 0.</code>
    <br />
    <code style="padding:8px;white-space:pre-wrap;display:block;">
Ziks.WebServer.ControllerActionException: 4096 is not &gt;= 0 and &lt; 0. ---&gt; System.IndexOutOfRangeException: 4096 is not &gt;= 0 and &lt; 0.
   в SourceUtils.ValveBspFile.StructArrayLump`1.get_Item(Int32 index) в D:\a\SourceUtils\SourceUtils\SourceUtils\ValveBsp\ArrayLump.cs:строка 149
   в SourceUtils.WebExport.Bsp.AmbientController.&lt;&gt;c__DisplayClass0_0.&lt;Get&gt;b__0(Int32 x) в D:\a\SourceUtils\SourceUtils\SourceUtils.WebExport\Bsp\AmbientCubes.cs:строка 53
   в System.Linq.Enumerable.WhereSelectEnumerableIterator`2.MoveNext()
   в Newtonsoft.Json.Serialization.JsonSerializerInternalWriter.SerializeList(JsonWriter writer, IEnumerable values, JsonArrayContract contract, JsonProperty member, JsonContainerContract collectionContract, JsonProperty containerProperty)
   в Newtonsoft.Json.Serialization.JsonSerializerInternalWriter.SerializeValue(JsonWriter writer, Object value, JsonContract valueContract, JsonProperty member, JsonContainerContract containerContract, JsonProperty containerProperty)
   в Newtonsoft.Json.Serialization.JsonSerializerInternalWriter.SerializeObject(JsonWriter writer, Object value, JsonObjectContract contract, JsonProperty member, JsonContainerContract collectionContract, JsonProperty containerProperty)
   в Newtonsoft.Json.Serialization.JsonSerializerInternalWriter.SerializeValue(JsonWriter writer, Object value, JsonContract valueContract, JsonProperty member, JsonContainerContract containerContract, JsonProperty containerProperty)
   в Newtonsoft.Json.Serialization.JsonSerializerInternalWriter.Serialize(JsonWriter jsonWriter, Object value, Type objectType)
   в Newtonsoft.Json.JsonSerializer.SerializeInternal(JsonWriter jsonWriter, Object value, Type objectType)
   в Newtonsoft.Json.Linq.JToken.FromObjectInternal(Object o, JsonSerializer jsonSerializer)
   в Newtonsoft.Json.Linq.JObject.FromObject(Object o, JsonSerializer jsonSerializer)
   в SourceUtils.WebExport.ResourceController.OnWriteObject(Object obj) в D:\a\SourceUtils\SourceUtils\SourceUtils.WebExport\ResourceController.cs:строка 378
   в lambda_method(Closure , Controller )
   в Ziks.WebServer.ControllerActionMap.TryInvokeAction(Controller controller, HttpListenerRequest request)
   в Ziks.WebServer.Controller.Service(HttpListenerContext context, Session session)
   --- Конец трассировки внутреннего стека исключений ---
    </code>
  </body>
</html>


<!DOCTYPE html>
<html>
  <head>
    <title>500: InternalServerError</title>
  </head>
  <body>
    <h2>500: InternalServerError</h2>
    Request:&nbsp;<code>
      http://localhost:39281/maps/surf_globalchaos/geom/ambientpage2.json</code>
    <br />
    Message:&nbsp;<code>8192 is not &gt;= 0 and &lt; 0.</code>
    <br />
    <code style="padding:8px;white-space:pre-wrap;display:block;">
Ziks.WebServer.ControllerActionException: 8192 is not &gt;= 0 and &lt; 0. ---&gt; System.IndexOutOfRangeException: 8192 is not &gt;= 0 and &lt; 0.
   в SourceUtils.ValveBspFile.StructArrayLump`1.get_Item(Int32 index) в D:\a\SourceUtils\SourceUtils\SourceUtils\ValveBsp\ArrayLump.cs:строка 149
   в SourceUtils.WebExport.Bsp.AmbientController.&lt;&gt;c__DisplayClass0_0.&lt;Get&gt;b__0(Int32 x) в D:\a\SourceUtils\SourceUtils\SourceUtils.WebExport\Bsp\AmbientCubes.cs:строка 53
   в System.Linq.Enumerable.WhereSelectEnumerableIterator`2.MoveNext()
   в Newtonsoft.Json.Serialization.JsonSerializerInternalWriter.SerializeList(JsonWriter writer, IEnumerable values, JsonArrayContract contract, JsonProperty member, JsonContainerContract collectionContract, JsonProperty containerProperty)
   в Newtonsoft.Json.Serialization.JsonSerializerInternalWriter.SerializeValue(JsonWriter writer, Object value, JsonContract valueContract, JsonProperty member, JsonContainerContract containerContract, JsonProperty containerProperty)
   в Newtonsoft.Json.Serialization.JsonSerializerInternalWriter.SerializeObject(JsonWriter writer, Object value, JsonObjectContract contract, JsonProperty member, JsonContainerContract collectionContract, JsonProperty containerProperty)
   в Newtonsoft.Json.Serialization.JsonSerializerInternalWriter.SerializeValue(JsonWriter writer, Object value, JsonContract valueContract, JsonProperty member, JsonContainerContract containerContract, JsonProperty containerProperty)
   в Newtonsoft.Json.Serialization.JsonSerializerInternalWriter.Serialize(JsonWriter jsonWriter, Object value, Type objectType)
   в Newtonsoft.Json.JsonSerializer.SerializeInternal(JsonWriter jsonWriter, Object value, Type objectType)
   в Newtonsoft.Json.Linq.JToken.FromObjectInternal(Object o, JsonSerializer jsonSerializer)
   в Newtonsoft.Json.Linq.JObject.FromObject(Object o, JsonSerializer jsonSerializer)
   в SourceUtils.WebExport.ResourceController.OnWriteObject(Object obj) в D:\a\SourceUtils\SourceUtils\SourceUtils.WebExport\ResourceController.cs:строка 378
   в lambda_method(Closure , Controller )
   в Ziks.WebServer.ControllerActionMap.TryInvokeAction(Controller controller, HttpListenerRequest request)
   в Ziks.WebServer.Controller.Service(HttpListenerContext context, Session session)
   --- Конец трассировки внутреннего стека исключений ---
    </code>
  </body>
</html>


<!DOCTYPE html>
<html>
  <head>
    <title>500: InternalServerError</title>
  </head>
  <body>
    <h2>500: InternalServerError</h2>
    Request:&nbsp;<code>
      http://localhost:39281/maps/surf_graphia/geom/ambientpage0.json</code>
    <br />
    Message:&nbsp;<code>1 is not &gt;= 0 and &lt; 0.</code>
    <br />
    <code style="padding:8px;white-space:pre-wrap;display:block;">
Ziks.WebServer.ControllerActionException: 1 is not &gt;= 0 and &lt; 0. ---&gt; System.IndexOutOfRangeException: 1 is not &gt;= 0 and &lt; 0.
   в SourceUtils.ValveBspFile.StructArrayLump`1.get_Item(Int32 index) в D:\a\SourceUtils\SourceUtils\SourceUtils\ValveBsp\ArrayLump.cs:строка 149
   в SourceUtils.WebExport.Bsp.AmbientController.&lt;&gt;c__DisplayClass0_0.&lt;Get&gt;b__0(Int32 x) в D:\a\SourceUtils\SourceUtils\SourceUtils.WebExport\Bsp\AmbientCubes.cs:строка 53
   в System.Linq.Enumerable.WhereSelectEnumerableIterator`2.MoveNext()
   в Newtonsoft.Json.Serialization.JsonSerializerInternalWriter.SerializeList(JsonWriter writer, IEnumerable values, JsonArrayContract contract, JsonProperty member, JsonContainerContract collectionContract, JsonProperty containerProperty)
   в Newtonsoft.Json.Serialization.JsonSerializerInternalWriter.SerializeValue(JsonWriter writer, Object value, JsonContract valueContract, JsonProperty member, JsonContainerContract containerContract, JsonProperty containerProperty)
   в Newtonsoft.Json.Serialization.JsonSerializerInternalWriter.SerializeObject(JsonWriter writer, Object value, JsonObjectContract contract, JsonProperty member, JsonContainerContract collectionContract, JsonProperty containerProperty)
   в Newtonsoft.Json.Serialization.JsonSerializerInternalWriter.SerializeValue(JsonWriter writer, Object value, JsonContract valueContract, JsonProperty member, JsonContainerContract containerContract, JsonProperty containerProperty)
   в Newtonsoft.Json.Serialization.JsonSerializerInternalWriter.Serialize(JsonWriter jsonWriter, Object value, Type objectType)
   в Newtonsoft.Json.JsonSerializer.SerializeInternal(JsonWriter jsonWriter, Object value, Type objectType)
   в Newtonsoft.Json.Linq.JToken.FromObjectInternal(Object o, JsonSerializer jsonSerializer)
   в Newtonsoft.Json.Linq.JObject.FromObject(Object o, JsonSerializer jsonSerializer)
   в SourceUtils.WebExport.ResourceController.OnWriteObject(Object obj) в D:\a\SourceUtils\SourceUtils\SourceUtils.WebExport\ResourceController.cs:строка 378
   в lambda_method(Closure , Controller )
   в Ziks.WebServer.ControllerActionMap.TryInvokeAction(Controller controller, HttpListenerRequest request)
   в Ziks.WebServer.Controller.Service(HttpListenerContext context, Session session)
   --- Конец трассировки внутреннего стека исключений ---
    </code>
  </body>
</html>


<!DOCTYPE html>
<html>
  <head>
    <title>500: InternalServerError</title>
  </head>
  <body>
    <h2>500: InternalServerError</h2>
    Request:&nbsp;<code>
      http://localhost:39281/maps/surf_graphia/geom/ambientpage1.json</code>
    <br />
    Message:&nbsp;<code>4096 is not &gt;= 0 and &lt; 0.</code>
    <br />
    <code style="padding:8px;white-space:pre-wrap;display:block;">
Ziks.WebServer.ControllerActionException: 4096 is not &gt;= 0 and &lt; 0. ---&gt; System.IndexOutOfRangeException: 4096 is not &gt;= 0 and &lt; 0.
   в SourceUtils.ValveBspFile.StructArrayLump`1.get_Item(Int32 index) в D:\a\SourceUtils\SourceUtils\SourceUtils\ValveBsp\ArrayLump.cs:строка 149
   в SourceUtils.WebExport.Bsp.AmbientController.&lt;&gt;c__DisplayClass0_0.&lt;Get&gt;b__0(Int32 x) в D:\a\SourceUtils\SourceUtils\SourceUtils.WebExport\Bsp\AmbientCubes.cs:строка 53
   в System.Linq.Enumerable.WhereSelectEnumerableIterator`2.MoveNext()
   в Newtonsoft.Json.Serialization.JsonSerializerInternalWriter.SerializeList(JsonWriter writer, IEnumerable values, JsonArrayContract contract, JsonProperty member, JsonContainerContract collectionContract, JsonProperty containerProperty)
   в Newtonsoft.Json.Serialization.JsonSerializerInternalWriter.SerializeValue(JsonWriter writer, Object value, JsonContract valueContract, JsonProperty member, JsonContainerContract containerContract, JsonProperty containerProperty)
   в Newtonsoft.Json.Serialization.JsonSerializerInternalWriter.SerializeObject(JsonWriter writer, Object value, JsonObjectContract contract, JsonProperty member, JsonContainerContract collectionContract, JsonProperty containerProperty)
   в Newtonsoft.Json.Serialization.JsonSerializerInternalWriter.SerializeValue(JsonWriter writer, Object value, JsonContract valueContract, JsonProperty member, JsonContainerContract containerContract, JsonProperty containerProperty)
   в Newtonsoft.Json.Serialization.JsonSerializerInternalWriter.Serialize(JsonWriter jsonWriter, Object value, Type objectType)
   в Newtonsoft.Json.JsonSerializer.SerializeInternal(JsonWriter jsonWriter, Object value, Type objectType)
   в Newtonsoft.Json.Linq.JToken.FromObjectInternal(Object o, JsonSerializer jsonSerializer)
   в Newtonsoft.Json.Linq.JObject.FromObject(Object o, JsonSerializer jsonSerializer)
   в SourceUtils.WebExport.ResourceController.OnWriteObject(Object obj) в D:\a\SourceUtils\SourceUtils\SourceUtils.WebExport\ResourceController.cs:строка 378
   в lambda_method(Closure , Controller )
   в Ziks.WebServer.ControllerActionMap.TryInvokeAction(Controller controller, HttpListenerRequest request)
   в Ziks.WebServer.Controller.Service(HttpListenerContext context, Session session)
   --- Конец трассировки внутреннего стека исключений ---
    </code>
  </body>
</html>


<!DOCTYPE html>
<html>
  <head>
    <title>500: InternalServerError</title>
  </head>
  <body>
    <h2>500: InternalServerError</h2>
    Request:&nbsp;<code>
      http://localhost:39281/maps/surf_gurus/geom/ambientpage0.json</code>
    <br />
    Message:&nbsp;<code>1 is not &gt;= 0 and &lt; 0.</code>
    <br />
    <code style="padding:8px;white-space:pre-wrap;display:block;">
Ziks.WebServer.ControllerActionException: 1 is not &gt;= 0 and &lt; 0. ---&gt; System.IndexOutOfRangeException: 1 is not &gt;= 0 and &lt; 0.
   в SourceUtils.ValveBspFile.StructArrayLump`1.get_Item(Int32 index) в D:\a\SourceUtils\SourceUtils\SourceUtils\ValveBsp\ArrayLump.cs:строка 149
   в SourceUtils.WebExport.Bsp.AmbientController.&lt;&gt;c__DisplayClass0_0.&lt;Get&gt;b__0(Int32 x) в D:\a\SourceUtils\SourceUtils\SourceUtils.WebExport\Bsp\AmbientCubes.cs:строка 53
   в System.Linq.Enumerable.WhereSelectEnumerableIterator`2.MoveNext()
   в Newtonsoft.Json.Serialization.JsonSerializerInternalWriter.SerializeList(JsonWriter writer, IEnumerable values, JsonArrayContract contract, JsonProperty member, JsonContainerContract collectionContract, JsonProperty containerProperty)
   в Newtonsoft.Json.Serialization.JsonSerializerInternalWriter.SerializeValue(JsonWriter writer, Object value, JsonContract valueContract, JsonProperty member, JsonContainerContract containerContract, JsonProperty containerProperty)
   в Newtonsoft.Json.Serialization.JsonSerializerInternalWriter.SerializeObject(JsonWriter writer, Object value, JsonObjectContract contract, JsonProperty member, JsonContainerContract collectionContract, JsonProperty containerProperty)
   в Newtonsoft.Json.Serialization.JsonSerializerInternalWriter.SerializeValue(JsonWriter writer, Object value, JsonContract valueContract, JsonProperty member, JsonContainerContract containerContract, JsonProperty containerProperty)
   в Newtonsoft.Json.Serialization.JsonSerializerInternalWriter.Serialize(JsonWriter jsonWriter, Object value, Type objectType)
   в Newtonsoft.Json.JsonSerializer.SerializeInternal(JsonWriter jsonWriter, Object value, Type objectType)
   в Newtonsoft.Json.Linq.JToken.FromObjectInternal(Object o, JsonSerializer jsonSerializer)
   в Newtonsoft.Json.Linq.JObject.FromObject(Object o, JsonSerializer jsonSerializer)
   в SourceUtils.WebExport.ResourceController.OnWriteObject(Object obj) в D:\a\SourceUtils\SourceUtils\SourceUtils.WebExport\ResourceController.cs:строка 378
   в lambda_method(Closure , Controller )
   в Ziks.WebServer.ControllerActionMap.TryInvokeAction(Controller controller, HttpListenerRequest request)
   в Ziks.WebServer.Controller.Service(HttpListenerContext context, Session session)
   --- Конец трассировки внутреннего стека исключений ---
    </code>
  </body>
</html>


<!DOCTYPE html>
<html>
  <head>
    <title>500: InternalServerError</title>
  </head>
  <body>
    <h2>500: InternalServerError</h2>
    Request:&nbsp;<code>
      http://localhost:39281/maps/surf_gurus/geom/ambientpage1.json</code>
    <br />
    Message:&nbsp;<code>4096 is not &gt;= 0 and &lt; 0.</code>
    <br />
    <code style="padding:8px;white-space:pre-wrap;display:block;">
Ziks.WebServer.ControllerActionException: 4096 is not &gt;= 0 and &lt; 0. ---&gt; System.IndexOutOfRangeException: 4096 is not &gt;= 0 and &lt; 0.
   в SourceUtils.ValveBspFile.StructArrayLump`1.get_Item(Int32 index) в D:\a\SourceUtils\SourceUtils\SourceUtils\ValveBsp\ArrayLump.cs:строка 149
   в SourceUtils.WebExport.Bsp.AmbientController.&lt;&gt;c__DisplayClass0_0.&lt;Get&gt;b__0(Int32 x) в D:\a\SourceUtils\SourceUtils\SourceUtils.WebExport\Bsp\AmbientCubes.cs:строка 53
   в System.Linq.Enumerable.WhereSelectEnumerableIterator`2.MoveNext()
   в Newtonsoft.Json.Serialization.JsonSerializerInternalWriter.SerializeList(JsonWriter writer, IEnumerable values, JsonArrayContract contract, JsonProperty member, JsonContainerContract collectionContract, JsonProperty containerProperty)
   в Newtonsoft.Json.Serialization.JsonSerializerInternalWriter.SerializeValue(JsonWriter writer, Object value, JsonContract valueContract, JsonProperty member, JsonContainerContract containerContract, JsonProperty containerProperty)
   в Newtonsoft.Json.Serialization.JsonSerializerInternalWriter.SerializeObject(JsonWriter writer, Object value, JsonObjectContract contract, JsonProperty member, JsonContainerContract collectionContract, JsonProperty containerProperty)
   в Newtonsoft.Json.Serialization.JsonSerializerInternalWriter.SerializeValue(JsonWriter writer, Object value, JsonContract valueContract, JsonProperty member, JsonContainerContract containerContract, JsonProperty containerProperty)
   в Newtonsoft.Json.Serialization.JsonSerializerInternalWriter.Serialize(JsonWriter jsonWriter, Object value, Type objectType)
   в Newtonsoft.Json.JsonSerializer.SerializeInternal(JsonWriter jsonWriter, Object value, Type objectType)
   в Newtonsoft.Json.Linq.JToken.FromObjectInternal(Object o, JsonSerializer jsonSerializer)
   в Newtonsoft.Json.Linq.JObject.FromObject(Object o, JsonSerializer jsonSerializer)
   в SourceUtils.WebExport.ResourceController.OnWriteObject(Object obj) в D:\a\SourceUtils\SourceUtils\SourceUtils.WebExport\ResourceController.cs:строка 378
   в lambda_method(Closure , Controller )
   в Ziks.WebServer.ControllerActionMap.TryInvokeAction(Controller controller, HttpListenerRequest request)
   в Ziks.WebServer.Controller.Service(HttpListenerContext context, Session session)
   --- Конец трассировки внутреннего стека исключений ---
    </code>
  </body>
</html>


<!DOCTYPE html>
<html>
  <head>
    <title>500: InternalServerError</title>
  </head>
  <body>
    <h2>500: InternalServerError</h2>
    Request:&nbsp;<code>
      http://localhost:39281/maps/surf_gurus/geom/ambientpage2.json</code>
    <br />
    Message:&nbsp;<code>8192 is not &gt;= 0 and &lt; 0.</code>
    <br />
    <code style="padding:8px;white-space:pre-wrap;display:block;">
Ziks.WebServer.ControllerActionException: 8192 is not &gt;= 0 and &lt; 0. ---&gt; System.IndexOutOfRangeException: 8192 is not &gt;= 0 and &lt; 0.
   в SourceUtils.ValveBspFile.StructArrayLump`1.get_Item(Int32 index) в D:\a\SourceUtils\SourceUtils\SourceUtils\ValveBsp\ArrayLump.cs:строка 149
   в SourceUtils.WebExport.Bsp.AmbientController.&lt;&gt;c__DisplayClass0_0.&lt;Get&gt;b__0(Int32 x) в D:\a\SourceUtils\SourceUtils\SourceUtils.WebExport\Bsp\AmbientCubes.cs:строка 53
   в System.Linq.Enumerable.WhereSelectEnumerableIterator`2.MoveNext()
   в Newtonsoft.Json.Serialization.JsonSerializerInternalWriter.SerializeList(JsonWriter writer, IEnumerable values, JsonArrayContract contract, JsonProperty member, JsonContainerContract collectionContract, JsonProperty containerProperty)
   в Newtonsoft.Json.Serialization.JsonSerializerInternalWriter.SerializeValue(JsonWriter writer, Object value, JsonContract valueContract, JsonProperty member, JsonContainerContract containerContract, JsonProperty containerProperty)
   в Newtonsoft.Json.Serialization.JsonSerializerInternalWriter.SerializeObject(JsonWriter writer, Object value, JsonObjectContract contract, JsonProperty member, JsonContainerContract collectionContract, JsonProperty containerProperty)
   в Newtonsoft.Json.Serialization.JsonSerializerInternalWriter.SerializeValue(JsonWriter writer, Object value, JsonContract valueContract, JsonProperty member, JsonContainerContract containerContract, JsonProperty containerProperty)
   в Newtonsoft.Json.Serialization.JsonSerializerInternalWriter.Serialize(JsonWriter jsonWriter, Object value, Type objectType)
   в Newtonsoft.Json.JsonSerializer.SerializeInternal(JsonWriter jsonWriter, Object value, Type objectType)
   в Newtonsoft.Json.Linq.JToken.FromObjectInternal(Object o, JsonSerializer jsonSerializer)
   в Newtonsoft.Json.Linq.JObject.FromObject(Object o, JsonSerializer jsonSerializer)
   в SourceUtils.WebExport.ResourceController.OnWriteObject(Object obj) в D:\a\SourceUtils\SourceUtils\SourceUtils.WebExport\ResourceController.cs:строка 378
   в lambda_method(Closure , Controller )
   в Ziks.WebServer.ControllerActionMap.TryInvokeAction(Controller controller, HttpListenerRequest request)
   в Ziks.WebServer.Controller.Service(HttpListenerContext context, Session session)
   --- Конец трассировки внутреннего стека исключений ---
    </code>
  </body>
</html>


<!DOCTYPE html>
<html>
  <head>
    <title>500: InternalServerError</title>
  </head>
  <body>
    <h2>500: InternalServerError</h2>
    Request:&nbsp;<code>
      http://localhost:39281/maps/surf_gurus/geom/ambientpage3.json</code>
    <br />
    Message:&nbsp;<code>12288 is not &gt;= 0 and &lt; 0.</code>
    <br />
    <code style="padding:8px;white-space:pre-wrap;display:block;">
Ziks.WebServer.ControllerActionException: 12288 is not &gt;= 0 and &lt; 0. ---&gt; System.IndexOutOfRangeException: 12288 is not &gt;= 0 and &lt; 0.
   в SourceUtils.ValveBspFile.StructArrayLump`1.get_Item(Int32 index) в D:\a\SourceUtils\SourceUtils\SourceUtils\ValveBsp\ArrayLump.cs:строка 149
   в SourceUtils.WebExport.Bsp.AmbientController.&lt;&gt;c__DisplayClass0_0.&lt;Get&gt;b__0(Int32 x) в D:\a\SourceUtils\SourceUtils\SourceUtils.WebExport\Bsp\AmbientCubes.cs:строка 53
   в System.Linq.Enumerable.WhereSelectEnumerableIterator`2.MoveNext()
   в Newtonsoft.Json.Serialization.JsonSerializerInternalWriter.SerializeList(JsonWriter writer, IEnumerable values, JsonArrayContract contract, JsonProperty member, JsonContainerContract collectionContract, JsonProperty containerProperty)
   в Newtonsoft.Json.Serialization.JsonSerializerInternalWriter.SerializeValue(JsonWriter writer, Object value, JsonContract valueContract, JsonProperty member, JsonContainerContract containerContract, JsonProperty containerProperty)
   в Newtonsoft.Json.Serialization.JsonSerializerInternalWriter.SerializeObject(JsonWriter writer, Object value, JsonObjectContract contract, JsonProperty member, JsonContainerContract collectionContract, JsonProperty containerProperty)
   в Newtonsoft.Json.Serialization.JsonSerializerInternalWriter.SerializeValue(JsonWriter writer, Object value, JsonContract valueContract, JsonProperty member, JsonContainerContract containerContract, JsonProperty containerProperty)
   в Newtonsoft.Json.Serialization.JsonSerializerInternalWriter.Serialize(JsonWriter jsonWriter, Object value, Type objectType)
   в Newtonsoft.Json.JsonSerializer.SerializeInternal(JsonWriter jsonWriter, Object value, Type objectType)
   в Newtonsoft.Json.Linq.JToken.FromObjectInternal(Object o, JsonSerializer jsonSerializer)
   в Newtonsoft.Json.Linq.JObject.FromObject(Object o, JsonSerializer jsonSerializer)
   в SourceUtils.WebExport.ResourceController.OnWriteObject(Object obj) в D:\a\SourceUtils\SourceUtils\SourceUtils.WebExport\ResourceController.cs:строка 378
   в lambda_method(Closure , Controller )
   в Ziks.WebServer.ControllerActionMap.TryInvokeAction(Controller controller, HttpListenerRequest request)
   в Ziks.WebServer.Controller.Service(HttpListenerContext context, Session session)
   --- Конец трассировки внутреннего стека исключений ---
    </code>
  </body>
</html>


<!DOCTYPE html>
<html>
  <head>
    <title>500: InternalServerError</title>
  </head>
  <body>
    <h2>500: InternalServerError</h2>
    Request:&nbsp;<code>
      http://localhost:39281/maps/surf_gurus/geom/ambientpage4.json</code>
    <br />
    Message:&nbsp;<code>16384 is not &gt;= 0 and &lt; 0.</code>
    <br />
    <code style="padding:8px;white-space:pre-wrap;display:block;">
Ziks.WebServer.ControllerActionException: 16384 is not &gt;= 0 and &lt; 0. ---&gt; System.IndexOutOfRangeException: 16384 is not &gt;= 0 and &lt; 0.
   в SourceUtils.ValveBspFile.StructArrayLump`1.get_Item(Int32 index) в D:\a\SourceUtils\SourceUtils\SourceUtils\ValveBsp\ArrayLump.cs:строка 149
   в SourceUtils.WebExport.Bsp.AmbientController.&lt;&gt;c__DisplayClass0_0.&lt;Get&gt;b__0(Int32 x) в D:\a\SourceUtils\SourceUtils\SourceUtils.WebExport\Bsp\AmbientCubes.cs:строка 53
   в System.Linq.Enumerable.WhereSelectEnumerableIterator`2.MoveNext()
   в Newtonsoft.Json.Serialization.JsonSerializerInternalWriter.SerializeList(JsonWriter writer, IEnumerable values, JsonArrayContract contract, JsonProperty member, JsonContainerContract collectionContract, JsonProperty containerProperty)
   в Newtonsoft.Json.Serialization.JsonSerializerInternalWriter.SerializeValue(JsonWriter writer, Object value, JsonContract valueContract, JsonProperty member, JsonContainerContract containerContract, JsonProperty containerProperty)
   в Newtonsoft.Json.Serialization.JsonSerializerInternalWriter.SerializeObject(JsonWriter writer, Object value, JsonObjectContract contract, JsonProperty member, JsonContainerContract collectionContract, JsonProperty containerProperty)
   в Newtonsoft.Json.Serialization.JsonSerializerInternalWriter.SerializeValue(JsonWriter writer, Object value, JsonContract valueContract, JsonProperty member, JsonContainerContract containerContract, JsonProperty containerProperty)
   в Newtonsoft.Json.Serialization.JsonSerializerInternalWriter.Serialize(JsonWriter jsonWriter, Object value, Type objectType)
   в Newtonsoft.Json.JsonSerializer.SerializeInternal(JsonWriter jsonWriter, Object value, Type objectType)
   в Newtonsoft.Json.Linq.JToken.FromObjectInternal(Object o, JsonSerializer jsonSerializer)
   в Newtonsoft.Json.Linq.JObject.FromObject(Object o, JsonSerializer jsonSerializer)
   в SourceUtils.WebExport.ResourceController.OnWriteObject(Object obj) в D:\a\SourceUtils\SourceUtils\SourceUtils.WebExport\ResourceController.cs:строка 378
   в lambda_method(Closure , Controller )
   в Ziks.WebServer.ControllerActionMap.TryInvokeAction(Controller controller, HttpListenerRequest request)
   в Ziks.WebServer.Controller.Service(HttpListenerContext context, Session session)
   --- Конец трассировки внутреннего стека исключений ---
    </code>
  </body>
</html>


<!DOCTYPE html>
<html>
  <head>
    <title>500: InternalServerError</title>
  </head>
  <body>
    <h2>500: InternalServerError</h2>
    Request:&nbsp;<code>http://localhost:39281/maps/surf_happyhands_test/index.json
      </code>
    <br />
    Message:&nbsp;<code>Not a MDL file.</code>
    <br />
    <code style="padding:8px;white-space:pre-wrap;display:block;">
Ziks.WebServer.ControllerActionException: Not a MDL file. ---&gt; System.Exception: Not a MDL file.
   в SourceUtils.StudioModelFile..ctor(Stream stream) в D:\a\SourceUtils\SourceUtils\SourceUtils\StudioModelFile.cs:строка 346
   в SourceUtils.StudioModelFile.FromProvider(String path, IResourceProvider[] providers) в D:\a\SourceUtils\SourceUtils\SourceUtils\StudioModelFile.cs:строка 20
   в SourceUtils.WebExport.MaterialDictionary.&lt;OnFindResourcePaths&gt;d__0.MoveNext() в D:\a\SourceUtils\SourceUtils\SourceUtils.WebExport\Material.cs:строка 25
   в SourceUtils.WebExport.ResourceDictionary`1.FindResourcePaths(ValveBspFile bsp) в D:\a\SourceUtils\SourceUtils\SourceUtils.WebExport\ResourceDictionary.cs:строка 52
   в SourceUtils.WebExport.ResourceDictionary`1.GetDictionary(ValveBspFile bsp) в D:\a\SourceUtils\SourceUtils\SourceUtils.WebExport\ResourceDictionary.cs:строка 19
   в SourceUtils.WebExport.ResourceDictionary`1.GetResourceIndex(ValveBspFile bsp, String path) в D:\a\SourceUtils\SourceUtils\SourceUtils.WebExport\ResourceDictionary.cs:строка 35
   в SourceUtils.WebExport.Bsp.IndexController.InitKeyframeRope(KeyframeRope ent, Entity value, MapParams mapParams) в D:\a\SourceUtils\SourceUtils\SourceUtils.WebExport\Bsp\Entities.cs:строка 307
   в lambda_method(Closure , Entity , MapParams )
   в SourceUtils.WebExport.Bsp.IndexController.InitEntity(Entity value, MapParams mapParams) в D:\a\SourceUtils\SourceUtils\SourceUtils.WebExport\Bsp\Entities.cs:строка 383
   в SourceUtils.WebExport.Bsp.IndexController.GetIndexJson(String map) в D:\a\SourceUtils\SourceUtils\SourceUtils.WebExport\Bsp\Index.cs:строка 161
   в lambda_method(Closure , Controller )
   в Ziks.WebServer.ControllerActionMap.TryInvokeAction(Controller controller, HttpListenerRequest request)
   в Ziks.WebServer.Controller.Service(HttpListenerContext context, Session session)
   --- Конец трассировки внутреннего стека исключений ---
    </code>
  </body>
</html>


<!DOCTYPE html>
<html>
  <head>
    <title>500: InternalServerError</title>
  </head>
  <body>
    <h2>500: InternalServerError</h2>
    Request:&nbsp;<code>
      http://localhost:39281/maps/surf_heaven_njv/geom/leafpage0.json</code>
    <br />
    Message:&nbsp;<code>Expected &#39;}&#39;</code>
    <br />
    <code style="padding:8px;white-space:pre-wrap;display:block;">
Ziks.WebServer.ControllerActionException: Expected &#39;}&#39; ---&gt; SourceUtils.KeyValuesParserException: Expected &#39;}&#39;
   в SourceUtils.KeyValues.Parse(String value, KeyValuesFlags flags) в D:\a\SourceUtils\SourceUtils\SourceUtils\KeyValues.cs:строка 331
   в SourceUtils.KeyValues.FromStream(Stream stream, KeyValuesFlags flags) в D:\a\SourceUtils\SourceUtils\SourceUtils\KeyValues.cs:строка 357
   в SourceUtils.ValveMaterialFile.FromProvider(String path, IResourceProvider[] providers) в D:\a\SourceUtils\SourceUtils\SourceUtils\ValveMaterialFile.cs:строка 33
   в SourceUtils.WebExport.Bsp.GeometryController.GetOrCreateMeshData(ValveBspFile bsp, GeometryPage page, String matPath, Boolean cacheVertices) в D:\a\SourceUtils\SourceUtils\SourceUtils.WebExport\Bsp\Geometry.cs:строка 471
   в SourceUtils.WebExport.Bsp.GeometryController.WriteFace(ValveBspFile bsp, Int32 faceIndex, GeometryPage page, List`1 outFaces) в D:\a\SourceUtils\SourceUtils\SourceUtils.WebExport\Bsp\Geometry.cs:строка 506
   в SourceUtils.WebExport.Bsp.GeometryController.GetLeafPage(String map, Int32 index) в D:\a\SourceUtils\SourceUtils\SourceUtils.WebExport\Bsp\Geometry.cs:строка 728
   в lambda_method(Closure , Controller )
   в Ziks.WebServer.ControllerActionMap.TryInvokeAction(Controller controller, HttpListenerRequest request)
   в Ziks.WebServer.Controller.Service(HttpListenerContext context, Session session)
   --- Конец трассировки внутреннего стека исключений ---
    </code>
  </body>
</html>


<!DOCTYPE html>
<html>
  <head>
    <title>500: InternalServerError</title>
  </head>
  <body>
    <h2>500: InternalServerError</h2>
    Request:&nbsp;<code>
      http://localhost:39281/maps/surf_heaven_njv/materials/matpage0.json</code>
    <br />
    Message:&nbsp;<code>Expected &#39;}&#39;</code>
    <br />
    <code style="padding:8px;white-space:pre-wrap;display:block;">
Ziks.WebServer.ControllerActionException: Expected &#39;}&#39; ---&gt; SourceUtils.KeyValuesParserException: Expected &#39;}&#39;
   в SourceUtils.KeyValues.Parse(String value, KeyValuesFlags flags) в D:\a\SourceUtils\SourceUtils\SourceUtils\KeyValues.cs:строка 331
   в SourceUtils.KeyValues.FromStream(Stream stream, KeyValuesFlags flags) в D:\a\SourceUtils\SourceUtils\SourceUtils\KeyValues.cs:строка 357
   в SourceUtils.ValveMaterialFile.FromProvider(String path, IResourceProvider[] providers) в D:\a\SourceUtils\SourceUtils\SourceUtils\ValveMaterialFile.cs:строка 33
   в SourceUtils.WebExport.Material.Get(ValveBspFile bsp, String path) в D:\a\SourceUtils\SourceUtils\SourceUtils.WebExport\Material.cs:строка 284
   в SourceUtils.WebExport.Bsp.MaterialController.GetPage(String map, Int32 index) в D:\a\SourceUtils\SourceUtils\SourceUtils.WebExport\Bsp\Materials.cs:строка 43
   в lambda_method(Closure , Controller )
   в Ziks.WebServer.ControllerActionMap.TryInvokeAction(Controller controller, HttpListenerRequest request)
   в Ziks.WebServer.Controller.Service(HttpListenerContext context, Session session)
   --- Конец трассировки внутреннего стека исключений ---
    </code>
  </body>
</html>


<!DOCTYPE html>
<html>
  <head>
    <title>500: InternalServerError</title>
  </head>
  <body>
    <h2>500: InternalServerError</h2>
    Request:&nbsp;<code>http://localhost:39281/maps/surf_imex/geom/ambientpage0.json
      </code>
    <br />
    Message:&nbsp;<code>1 is not &gt;= 0 and &lt; 0.</code>
    <br />
    <code style="padding:8px;white-space:pre-wrap;display:block;">
Ziks.WebServer.ControllerActionException: 1 is not &gt;= 0 and &lt; 0. ---&gt; System.IndexOutOfRangeException: 1 is not &gt;= 0 and &lt; 0.
   в SourceUtils.ValveBspFile.StructArrayLump`1.get_Item(Int32 index) в D:\a\SourceUtils\SourceUtils\SourceUtils\ValveBsp\ArrayLump.cs:строка 149
   в SourceUtils.WebExport.Bsp.AmbientController.&lt;&gt;c__DisplayClass0_0.&lt;Get&gt;b__0(Int32 x) в D:\a\SourceUtils\SourceUtils\SourceUtils.WebExport\Bsp\AmbientCubes.cs:строка 53
   в System.Linq.Enumerable.WhereSelectEnumerableIterator`2.MoveNext()
   в Newtonsoft.Json.Serialization.JsonSerializerInternalWriter.SerializeList(JsonWriter writer, IEnumerable values, JsonArrayContract contract, JsonProperty member, JsonContainerContract collectionContract, JsonProperty containerProperty)
   в Newtonsoft.Json.Serialization.JsonSerializerInternalWriter.SerializeValue(JsonWriter writer, Object value, JsonContract valueContract, JsonProperty member, JsonContainerContract containerContract, JsonProperty containerProperty)
   в Newtonsoft.Json.Serialization.JsonSerializerInternalWriter.SerializeObject(JsonWriter writer, Object value, JsonObjectContract contract, JsonProperty member, JsonContainerContract collectionContract, JsonProperty containerProperty)
   в Newtonsoft.Json.Serialization.JsonSerializerInternalWriter.SerializeValue(JsonWriter writer, Object value, JsonContract valueContract, JsonProperty member, JsonContainerContract containerContract, JsonProperty containerProperty)
   в Newtonsoft.Json.Serialization.JsonSerializerInternalWriter.Serialize(JsonWriter jsonWriter, Object value, Type objectType)
   в Newtonsoft.Json.JsonSerializer.SerializeInternal(JsonWriter jsonWriter, Object value, Type objectType)
   в Newtonsoft.Json.Linq.JToken.FromObjectInternal(Object o, JsonSerializer jsonSerializer)
   в Newtonsoft.Json.Linq.JObject.FromObject(Object o, JsonSerializer jsonSerializer)
   в SourceUtils.WebExport.ResourceController.OnWriteObject(Object obj) в D:\a\SourceUtils\SourceUtils\SourceUtils.WebExport\ResourceController.cs:строка 378
   в lambda_method(Closure , Controller )
   в Ziks.WebServer.ControllerActionMap.TryInvokeAction(Controller controller, HttpListenerRequest request)
   в Ziks.WebServer.Controller.Service(HttpListenerContext context, Session session)
   --- Конец трассировки внутреннего стека исключений ---
    </code>
  </body>
</html>


<!DOCTYPE html>
<html>
  <head>
    <title>500: InternalServerError</title>
  </head>
  <body>
    <h2>500: InternalServerError</h2>
    Request:&nbsp;<code>http://localhost:39281/maps/surf_imex/geom/ambientpage1.json
      </code>
    <br />
    Message:&nbsp;<code>4096 is not &gt;= 0 and &lt; 0.</code>
    <br />
    <code style="padding:8px;white-space:pre-wrap;display:block;">
Ziks.WebServer.ControllerActionException: 4096 is not &gt;= 0 and &lt; 0. ---&gt; System.IndexOutOfRangeException: 4096 is not &gt;= 0 and &lt; 0.
   в SourceUtils.ValveBspFile.StructArrayLump`1.get_Item(Int32 index) в D:\a\SourceUtils\SourceUtils\SourceUtils\ValveBsp\ArrayLump.cs:строка 149
   в SourceUtils.WebExport.Bsp.AmbientController.&lt;&gt;c__DisplayClass0_0.&lt;Get&gt;b__0(Int32 x) в D:\a\SourceUtils\SourceUtils\SourceUtils.WebExport\Bsp\AmbientCubes.cs:строка 53
   в System.Linq.Enumerable.WhereSelectEnumerableIterator`2.MoveNext()
   в Newtonsoft.Json.Serialization.JsonSerializerInternalWriter.SerializeList(JsonWriter writer, IEnumerable values, JsonArrayContract contract, JsonProperty member, JsonContainerContract collectionContract, JsonProperty containerProperty)
   в Newtonsoft.Json.Serialization.JsonSerializerInternalWriter.SerializeValue(JsonWriter writer, Object value, JsonContract valueContract, JsonProperty member, JsonContainerContract containerContract, JsonProperty containerProperty)
   в Newtonsoft.Json.Serialization.JsonSerializerInternalWriter.SerializeObject(JsonWriter writer, Object value, JsonObjectContract contract, JsonProperty member, JsonContainerContract collectionContract, JsonProperty containerProperty)
   в Newtonsoft.Json.Serialization.JsonSerializerInternalWriter.SerializeValue(JsonWriter writer, Object value, JsonContract valueContract, JsonProperty member, JsonContainerContract containerContract, JsonProperty containerProperty)
   в Newtonsoft.Json.Serialization.JsonSerializerInternalWriter.Serialize(JsonWriter jsonWriter, Object value, Type objectType)
   в Newtonsoft.Json.JsonSerializer.SerializeInternal(JsonWriter jsonWriter, Object value, Type objectType)
   в Newtonsoft.Json.Linq.JToken.FromObjectInternal(Object o, JsonSerializer jsonSerializer)
   в Newtonsoft.Json.Linq.JObject.FromObject(Object o, JsonSerializer jsonSerializer)
   в SourceUtils.WebExport.ResourceController.OnWriteObject(Object obj) в D:\a\SourceUtils\SourceUtils\SourceUtils.WebExport\ResourceController.cs:строка 378
   в lambda_method(Closure , Controller )
   в Ziks.WebServer.ControllerActionMap.TryInvokeAction(Controller controller, HttpListenerRequest request)
   в Ziks.WebServer.Controller.Service(HttpListenerContext context, Session session)
   --- Конец трассировки внутреннего стека исключений ---
    </code>
  </body>
</html>


<!DOCTYPE html>
<html>
  <head>
    <title>500: InternalServerError</title>
  </head>
  <body>
    <h2>500: InternalServerError</h2>
    Request:&nbsp;<code>
      http://localhost:39281/maps/surf_impact_njv/geom/ambientpage0.json</code>
    <br />
    Message:&nbsp;<code>1 is not &gt;= 0 and &lt; 0.</code>
    <br />
    <code style="padding:8px;white-space:pre-wrap;display:block;">
Ziks.WebServer.ControllerActionException: 1 is not &gt;= 0 and &lt; 0. ---&gt; System.IndexOutOfRangeException: 1 is not &gt;= 0 and &lt; 0.
   в SourceUtils.ValveBspFile.StructArrayLump`1.get_Item(Int32 index) в D:\a\SourceUtils\SourceUtils\SourceUtils\ValveBsp\ArrayLump.cs:строка 149
   в SourceUtils.WebExport.Bsp.AmbientController.&lt;&gt;c__DisplayClass0_0.&lt;Get&gt;b__0(Int32 x) в D:\a\SourceUtils\SourceUtils\SourceUtils.WebExport\Bsp\AmbientCubes.cs:строка 53
   в System.Linq.Enumerable.WhereSelectEnumerableIterator`2.MoveNext()
   в Newtonsoft.Json.Serialization.JsonSerializerInternalWriter.SerializeList(JsonWriter writer, IEnumerable values, JsonArrayContract contract, JsonProperty member, JsonContainerContract collectionContract, JsonProperty containerProperty)
   в Newtonsoft.Json.Serialization.JsonSerializerInternalWriter.SerializeValue(JsonWriter writer, Object value, JsonContract valueContract, JsonProperty member, JsonContainerContract containerContract, JsonProperty containerProperty)
   в Newtonsoft.Json.Serialization.JsonSerializerInternalWriter.SerializeObject(JsonWriter writer, Object value, JsonObjectContract contract, JsonProperty member, JsonContainerContract collectionContract, JsonProperty containerProperty)
   в Newtonsoft.Json.Serialization.JsonSerializerInternalWriter.SerializeValue(JsonWriter writer, Object value, JsonContract valueContract, JsonProperty member, JsonContainerContract containerContract, JsonProperty containerProperty)
   в Newtonsoft.Json.Serialization.JsonSerializerInternalWriter.Serialize(JsonWriter jsonWriter, Object value, Type objectType)
   в Newtonsoft.Json.JsonSerializer.SerializeInternal(JsonWriter jsonWriter, Object value, Type objectType)
   в Newtonsoft.Json.Linq.JToken.FromObjectInternal(Object o, JsonSerializer jsonSerializer)
   в Newtonsoft.Json.Linq.JObject.FromObject(Object o, JsonSerializer jsonSerializer)
   в SourceUtils.WebExport.ResourceController.OnWriteObject(Object obj) в D:\a\SourceUtils\SourceUtils\SourceUtils.WebExport\ResourceController.cs:строка 378
   в lambda_method(Closure , Controller )
   в Ziks.WebServer.ControllerActionMap.TryInvokeAction(Controller controller, HttpListenerRequest request)
   в Ziks.WebServer.Controller.Service(HttpListenerContext context, Session session)
   --- Конец трассировки внутреннего стека исключений ---
    </code>
  </body>
</html>


<!DOCTYPE html>
<html>
  <head>
    <title>500: InternalServerError</title>
  </head>
  <body>
    <h2>500: InternalServerError</h2>
    Request:&nbsp;<code>
      http://localhost:39281/maps/surf_impact_njv/geom/ambientpage1.json</code>
    <br />
    Message:&nbsp;<code>4096 is not &gt;= 0 and &lt; 0.</code>
    <br />
    <code style="padding:8px;white-space:pre-wrap;display:block;">
Ziks.WebServer.ControllerActionException: 4096 is not &gt;= 0 and &lt; 0. ---&gt; System.IndexOutOfRangeException: 4096 is not &gt;= 0 and &lt; 0.
   в SourceUtils.ValveBspFile.StructArrayLump`1.get_Item(Int32 index) в D:\a\SourceUtils\SourceUtils\SourceUtils\ValveBsp\ArrayLump.cs:строка 149
   в SourceUtils.WebExport.Bsp.AmbientController.&lt;&gt;c__DisplayClass0_0.&lt;Get&gt;b__0(Int32 x) в D:\a\SourceUtils\SourceUtils\SourceUtils.WebExport\Bsp\AmbientCubes.cs:строка 53
   в System.Linq.Enumerable.WhereSelectEnumerableIterator`2.MoveNext()
   в Newtonsoft.Json.Serialization.JsonSerializerInternalWriter.SerializeList(JsonWriter writer, IEnumerable values, JsonArrayContract contract, JsonProperty member, JsonContainerContract collectionContract, JsonProperty containerProperty)
   в Newtonsoft.Json.Serialization.JsonSerializerInternalWriter.SerializeValue(JsonWriter writer, Object value, JsonContract valueContract, JsonProperty member, JsonContainerContract containerContract, JsonProperty containerProperty)
   в Newtonsoft.Json.Serialization.JsonSerializerInternalWriter.SerializeObject(JsonWriter writer, Object value, JsonObjectContract contract, JsonProperty member, JsonContainerContract collectionContract, JsonProperty containerProperty)
   в Newtonsoft.Json.Serialization.JsonSerializerInternalWriter.SerializeValue(JsonWriter writer, Object value, JsonContract valueContract, JsonProperty member, JsonContainerContract containerContract, JsonProperty containerProperty)
   в Newtonsoft.Json.Serialization.JsonSerializerInternalWriter.Serialize(JsonWriter jsonWriter, Object value, Type objectType)
   в Newtonsoft.Json.JsonSerializer.SerializeInternal(JsonWriter jsonWriter, Object value, Type objectType)
   в Newtonsoft.Json.Linq.JToken.FromObjectInternal(Object o, JsonSerializer jsonSerializer)
   в Newtonsoft.Json.Linq.JObject.FromObject(Object o, JsonSerializer jsonSerializer)
   в SourceUtils.WebExport.ResourceController.OnWriteObject(Object obj) в D:\a\SourceUtils\SourceUtils\SourceUtils.WebExport\ResourceController.cs:строка 378
   в lambda_method(Closure , Controller )
   в Ziks.WebServer.ControllerActionMap.TryInvokeAction(Controller controller, HttpListenerRequest request)
   в Ziks.WebServer.Controller.Service(HttpListenerContext context, Session session)
   --- Конец трассировки внутреннего стека исключений ---
    </code>
  </body>
</html>


<!DOCTYPE html>
<html>
  <head>
    <title>500: InternalServerError</title>
  </head>
  <body>
    <h2>500: InternalServerError</h2>
    Request:&nbsp;<code>
      http://localhost:39281/maps/surf_infamous_ksf/geom/leafpage0.json</code>
    <br />
    Message:&nbsp;<code>Expected &#39;}&#39;</code>
    <br />
    <code style="padding:8px;white-space:pre-wrap;display:block;">
Ziks.WebServer.ControllerActionException: Expected &#39;}&#39; ---&gt; SourceUtils.KeyValuesParserException: Expected &#39;}&#39;
   в SourceUtils.KeyValues.Parse(String value, KeyValuesFlags flags) в D:\a\SourceUtils\SourceUtils\SourceUtils\KeyValues.cs:строка 331
   в SourceUtils.KeyValues.FromStream(Stream stream, KeyValuesFlags flags) в D:\a\SourceUtils\SourceUtils\SourceUtils\KeyValues.cs:строка 357
   в SourceUtils.ValveMaterialFile.FromProvider(String path, IResourceProvider[] providers) в D:\a\SourceUtils\SourceUtils\SourceUtils\ValveMaterialFile.cs:строка 33
   в SourceUtils.WebExport.Bsp.GeometryController.GetOrCreateMeshData(ValveBspFile bsp, GeometryPage page, String matPath, Boolean cacheVertices) в D:\a\SourceUtils\SourceUtils\SourceUtils.WebExport\Bsp\Geometry.cs:строка 471
   в SourceUtils.WebExport.Bsp.GeometryController.WriteFace(ValveBspFile bsp, Int32 faceIndex, GeometryPage page, List`1 outFaces) в D:\a\SourceUtils\SourceUtils\SourceUtils.WebExport\Bsp\Geometry.cs:строка 506
   в SourceUtils.WebExport.Bsp.GeometryController.GetLeafPage(String map, Int32 index) в D:\a\SourceUtils\SourceUtils\SourceUtils.WebExport\Bsp\Geometry.cs:строка 728
   в lambda_method(Closure , Controller )
   в Ziks.WebServer.ControllerActionMap.TryInvokeAction(Controller controller, HttpListenerRequest request)
   в Ziks.WebServer.Controller.Service(HttpListenerContext context, Session session)
   --- Конец трассировки внутреннего стека исключений ---
    </code>
  </body>
</html>


<!DOCTYPE html>
<html>
  <head>
    <title>500: InternalServerError</title>
  </head>
  <body>
    <h2>500: InternalServerError</h2>
    Request:&nbsp;<code>
      http://localhost:39281/maps/surf_infamous_ksf/materials/matpage0.json</code>
    <br />
    Message:&nbsp;<code>Expected &#39;}&#39;</code>
    <br />
    <code style="padding:8px;white-space:pre-wrap;display:block;">
Ziks.WebServer.ControllerActionException: Expected &#39;}&#39; ---&gt; SourceUtils.KeyValuesParserException: Expected &#39;}&#39;
   в SourceUtils.KeyValues.Parse(String value, KeyValuesFlags flags) в D:\a\SourceUtils\SourceUtils\SourceUtils\KeyValues.cs:строка 331
   в SourceUtils.KeyValues.FromStream(Stream stream, KeyValuesFlags flags) в D:\a\SourceUtils\SourceUtils\SourceUtils\KeyValues.cs:строка 357
   в SourceUtils.ValveMaterialFile.FromProvider(String path, IResourceProvider[] providers) в D:\a\SourceUtils\SourceUtils\SourceUtils\ValveMaterialFile.cs:строка 33
   в SourceUtils.WebExport.Material.Get(ValveBspFile bsp, String path) в D:\a\SourceUtils\SourceUtils\SourceUtils.WebExport\Material.cs:строка 284
   в SourceUtils.WebExport.Bsp.MaterialController.GetPage(String map, Int32 index) в D:\a\SourceUtils\SourceUtils\SourceUtils.WebExport\Bsp\Materials.cs:строка 43
   в lambda_method(Closure , Controller )
   в Ziks.WebServer.ControllerActionMap.TryInvokeAction(Controller controller, HttpListenerRequest request)
   в Ziks.WebServer.Controller.Service(HttpListenerContext context, Session session)
   --- Конец трассировки внутреннего стека исключений ---
    </code>
  </body>
</html>


<!DOCTYPE html>
<html>
  <head>
    <title>500: InternalServerError</title>
  </head>
  <body>
    <h2>500: InternalServerError</h2>
    Request:&nbsp;<code>http://localhost:39281/maps/surf_injection_njv/index.json
      </code>
    <br />
    Message:&nbsp;<code>Cannot seek past end</code>
    <br />
    <code style="padding:8px;white-space:pre-wrap;display:block;">
Ziks.WebServer.ControllerActionException: Cannot seek past end ---&gt; System.IO.IOException: Cannot seek past end
   в ICSharpCode.SharpZipLib.Zip.ZipFile.PartialInputStream.Seek(Int64 offset, SeekOrigin origin)
   в SourceUtils.ValveTextureFile.Skip(Stream stream, Int64 count) в D:\a\SourceUtils\SourceUtils\SourceUtils\ValveTextureFile.cs:строка 217
   в SourceUtils.ValveTextureFile..ctor(Stream stream, Boolean onlyHeader) в D:\a\SourceUtils\SourceUtils\SourceUtils\ValveTextureFile.cs:строка 278
   в SourceUtils.WebExport.Texture.Get(ValveBspFile bsp, String path) в D:\a\SourceUtils\SourceUtils\SourceUtils.WebExport\Texture.cs:строка 59
   в SourceUtils.WebExport.Material.CreateSkyMaterial(ValveBspFile bsp, String skyName) в D:\a\SourceUtils\SourceUtils\SourceUtils.WebExport\Material.cs:строка 326
   в SourceUtils.WebExport.Bsp.IndexController.InitWorldspawn(Worldspawn ent, Entity value, MapParams mapParams) в D:\a\SourceUtils\SourceUtils\SourceUtils.WebExport\Bsp\Entities.cs:строка 171
   в lambda_method(Closure , Entity , MapParams )
   в SourceUtils.WebExport.Bsp.IndexController.InitEntity(Entity value, MapParams mapParams) в D:\a\SourceUtils\SourceUtils\SourceUtils.WebExport\Bsp\Entities.cs:строка 383
   в SourceUtils.WebExport.Bsp.IndexController.GetIndexJson(String map) в D:\a\SourceUtils\SourceUtils\SourceUtils.WebExport\Bsp\Index.cs:строка 161
   в lambda_method(Closure , Controller )
   в Ziks.WebServer.ControllerActionMap.TryInvokeAction(Controller controller, HttpListenerRequest request)
   в Ziks.WebServer.Controller.Service(HttpListenerContext context, Session session)
   --- Конец трассировки внутреннего стека исключений ---
    </code>
  </body>
</html>


<!DOCTYPE html>
<html>
  <head>
    <title>500: InternalServerError</title>
  </head>
  <body>
    <h2>500: InternalServerError</h2>
    Request:&nbsp;<code>http://localhost:39281/maps/surf_inrage2/index.json</code>
    <br />
    Message:&nbsp;<code>Cannot seek past end</code>
    <br />
    <code style="padding:8px;white-space:pre-wrap;display:block;">
Ziks.WebServer.ControllerActionException: Cannot seek past end ---&gt; System.IO.IOException: Cannot seek past end
   в ICSharpCode.SharpZipLib.Zip.ZipFile.PartialInputStream.Seek(Int64 offset, SeekOrigin origin)
   в SourceUtils.ValveTextureFile.Skip(Stream stream, Int64 count) в D:\a\SourceUtils\SourceUtils\SourceUtils\ValveTextureFile.cs:строка 217
   в SourceUtils.ValveTextureFile..ctor(Stream stream, Boolean onlyHeader) в D:\a\SourceUtils\SourceUtils\SourceUtils\ValveTextureFile.cs:строка 278
   в SourceUtils.WebExport.Texture.Get(ValveBspFile bsp, String path) в D:\a\SourceUtils\SourceUtils\SourceUtils.WebExport\Texture.cs:строка 59
   в SourceUtils.WebExport.Material.CreateSkyMaterial(ValveBspFile bsp, String skyName) в D:\a\SourceUtils\SourceUtils\SourceUtils.WebExport\Material.cs:строка 326
   в SourceUtils.WebExport.Bsp.IndexController.InitWorldspawn(Worldspawn ent, Entity value, MapParams mapParams) в D:\a\SourceUtils\SourceUtils\SourceUtils.WebExport\Bsp\Entities.cs:строка 171
   в lambda_method(Closure , Entity , MapParams )
   в SourceUtils.WebExport.Bsp.IndexController.InitEntity(Entity value, MapParams mapParams) в D:\a\SourceUtils\SourceUtils\SourceUtils.WebExport\Bsp\Entities.cs:строка 383
   в SourceUtils.WebExport.Bsp.IndexController.GetIndexJson(String map) в D:\a\SourceUtils\SourceUtils\SourceUtils.WebExport\Bsp\Index.cs:строка 161
   в lambda_method(Closure , Controller )
   в Ziks.WebServer.ControllerActionMap.TryInvokeAction(Controller controller, HttpListenerRequest request)
   в Ziks.WebServer.Controller.Service(HttpListenerContext context, Session session)
   --- Конец трассировки внутреннего стека исключений ---
    </code>
  </body>
</html>


<!DOCTYPE html>
<html>
  <head>
    <title>500: InternalServerError</title>
  </head>
  <body>
    <h2>500: InternalServerError</h2>
    Request:&nbsp;<code>
      http://localhost:39281/maps/surf_insignia_b1/geom/ambientpage0.json</code>
    <br />
    Message:&nbsp;<code>1 is not &gt;= 0 and &lt; 0.</code>
    <br />
    <code style="padding:8px;white-space:pre-wrap;display:block;">
Ziks.WebServer.ControllerActionException: 1 is not &gt;= 0 and &lt; 0. ---&gt; System.IndexOutOfRangeException: 1 is not &gt;= 0 and &lt; 0.
   в SourceUtils.ValveBspFile.StructArrayLump`1.get_Item(Int32 index) в D:\a\SourceUtils\SourceUtils\SourceUtils\ValveBsp\ArrayLump.cs:строка 149
   в SourceUtils.WebExport.Bsp.AmbientController.&lt;&gt;c__DisplayClass0_0.&lt;Get&gt;b__0(Int32 x) в D:\a\SourceUtils\SourceUtils\SourceUtils.WebExport\Bsp\AmbientCubes.cs:строка 53
   в System.Linq.Enumerable.WhereSelectEnumerableIterator`2.MoveNext()
   в Newtonsoft.Json.Serialization.JsonSerializerInternalWriter.SerializeList(JsonWriter writer, IEnumerable values, JsonArrayContract contract, JsonProperty member, JsonContainerContract collectionContract, JsonProperty containerProperty)
   в Newtonsoft.Json.Serialization.JsonSerializerInternalWriter.SerializeValue(JsonWriter writer, Object value, JsonContract valueContract, JsonProperty member, JsonContainerContract containerContract, JsonProperty containerProperty)
   в Newtonsoft.Json.Serialization.JsonSerializerInternalWriter.SerializeObject(JsonWriter writer, Object value, JsonObjectContract contract, JsonProperty member, JsonContainerContract collectionContract, JsonProperty containerProperty)
   в Newtonsoft.Json.Serialization.JsonSerializerInternalWriter.SerializeValue(JsonWriter writer, Object value, JsonContract valueContract, JsonProperty member, JsonContainerContract containerContract, JsonProperty containerProperty)
   в Newtonsoft.Json.Serialization.JsonSerializerInternalWriter.Serialize(JsonWriter jsonWriter, Object value, Type objectType)
   в Newtonsoft.Json.JsonSerializer.SerializeInternal(JsonWriter jsonWriter, Object value, Type objectType)
   в Newtonsoft.Json.Linq.JToken.FromObjectInternal(Object o, JsonSerializer jsonSerializer)
   в Newtonsoft.Json.Linq.JObject.FromObject(Object o, JsonSerializer jsonSerializer)
   в SourceUtils.WebExport.ResourceController.OnWriteObject(Object obj) в D:\a\SourceUtils\SourceUtils\SourceUtils.WebExport\ResourceController.cs:строка 378
   в lambda_method(Closure , Controller )
   в Ziks.WebServer.ControllerActionMap.TryInvokeAction(Controller controller, HttpListenerRequest request)
   в Ziks.WebServer.Controller.Service(HttpListenerContext context, Session session)
   --- Конец трассировки внутреннего стека исключений ---
    </code>
  </body>
</html>


<!DOCTYPE html>
<html>
  <head>
    <title>500: InternalServerError</title>
  </head>
  <body>
    <h2>500: InternalServerError</h2>
    Request:&nbsp;<code>
      http://localhost:39281/maps/surf_insignia_b1/geom/ambientpage1.json</code>
    <br />
    Message:&nbsp;<code>4096 is not &gt;= 0 and &lt; 0.</code>
    <br />
    <code style="padding:8px;white-space:pre-wrap;display:block;">
Ziks.WebServer.ControllerActionException: 4096 is not &gt;= 0 and &lt; 0. ---&gt; System.IndexOutOfRangeException: 4096 is not &gt;= 0 and &lt; 0.
   в SourceUtils.ValveBspFile.StructArrayLump`1.get_Item(Int32 index) в D:\a\SourceUtils\SourceUtils\SourceUtils\ValveBsp\ArrayLump.cs:строка 149
   в SourceUtils.WebExport.Bsp.AmbientController.&lt;&gt;c__DisplayClass0_0.&lt;Get&gt;b__0(Int32 x) в D:\a\SourceUtils\SourceUtils\SourceUtils.WebExport\Bsp\AmbientCubes.cs:строка 53
   в System.Linq.Enumerable.WhereSelectEnumerableIterator`2.MoveNext()
   в Newtonsoft.Json.Serialization.JsonSerializerInternalWriter.SerializeList(JsonWriter writer, IEnumerable values, JsonArrayContract contract, JsonProperty member, JsonContainerContract collectionContract, JsonProperty containerProperty)
   в Newtonsoft.Json.Serialization.JsonSerializerInternalWriter.SerializeValue(JsonWriter writer, Object value, JsonContract valueContract, JsonProperty member, JsonContainerContract containerContract, JsonProperty containerProperty)
   в Newtonsoft.Json.Serialization.JsonSerializerInternalWriter.SerializeObject(JsonWriter writer, Object value, JsonObjectContract contract, JsonProperty member, JsonContainerContract collectionContract, JsonProperty containerProperty)
   в Newtonsoft.Json.Serialization.JsonSerializerInternalWriter.SerializeValue(JsonWriter writer, Object value, JsonContract valueContract, JsonProperty member, JsonContainerContract containerContract, JsonProperty containerProperty)
   в Newtonsoft.Json.Serialization.JsonSerializerInternalWriter.Serialize(JsonWriter jsonWriter, Object value, Type objectType)
   в Newtonsoft.Json.JsonSerializer.SerializeInternal(JsonWriter jsonWriter, Object value, Type objectType)
   в Newtonsoft.Json.Linq.JToken.FromObjectInternal(Object o, JsonSerializer jsonSerializer)
   в Newtonsoft.Json.Linq.JObject.FromObject(Object o, JsonSerializer jsonSerializer)
   в SourceUtils.WebExport.ResourceController.OnWriteObject(Object obj) в D:\a\SourceUtils\SourceUtils\SourceUtils.WebExport\ResourceController.cs:строка 378
   в lambda_method(Closure , Controller )
   в Ziks.WebServer.ControllerActionMap.TryInvokeAction(Controller controller, HttpListenerRequest request)
   в Ziks.WebServer.Controller.Service(HttpListenerContext context, Session session)
   --- Конец трассировки внутреннего стека исключений ---
    </code>
  </body>
</html>


<!DOCTYPE html>
<html>
  <head>
    <title>500: InternalServerError</title>
  </head>
  <body>
    <h2>500: InternalServerError</h2>
    Request:&nbsp;<code>
      http://localhost:39281/maps/surf_insignia_b1/geom/ambientpage2.json</code>
    <br />
    Message:&nbsp;<code>8192 is not &gt;= 0 and &lt; 0.</code>
    <br />
    <code style="padding:8px;white-space:pre-wrap;display:block;">
Ziks.WebServer.ControllerActionException: 8192 is not &gt;= 0 and &lt; 0. ---&gt; System.IndexOutOfRangeException: 8192 is not &gt;= 0 and &lt; 0.
   в SourceUtils.ValveBspFile.StructArrayLump`1.get_Item(Int32 index) в D:\a\SourceUtils\SourceUtils\SourceUtils\ValveBsp\ArrayLump.cs:строка 149
   в SourceUtils.WebExport.Bsp.AmbientController.&lt;&gt;c__DisplayClass0_0.&lt;Get&gt;b__0(Int32 x) в D:\a\SourceUtils\SourceUtils\SourceUtils.WebExport\Bsp\AmbientCubes.cs:строка 53
   в System.Linq.Enumerable.WhereSelectEnumerableIterator`2.MoveNext()
   в Newtonsoft.Json.Serialization.JsonSerializerInternalWriter.SerializeList(JsonWriter writer, IEnumerable values, JsonArrayContract contract, JsonProperty member, JsonContainerContract collectionContract, JsonProperty containerProperty)
   в Newtonsoft.Json.Serialization.JsonSerializerInternalWriter.SerializeValue(JsonWriter writer, Object value, JsonContract valueContract, JsonProperty member, JsonContainerContract containerContract, JsonProperty containerProperty)
   в Newtonsoft.Json.Serialization.JsonSerializerInternalWriter.SerializeObject(JsonWriter writer, Object value, JsonObjectContract contract, JsonProperty member, JsonContainerContract collectionContract, JsonProperty containerProperty)
   в Newtonsoft.Json.Serialization.JsonSerializerInternalWriter.SerializeValue(JsonWriter writer, Object value, JsonContract valueContract, JsonProperty member, JsonContainerContract containerContract, JsonProperty containerProperty)
   в Newtonsoft.Json.Serialization.JsonSerializerInternalWriter.Serialize(JsonWriter jsonWriter, Object value, Type objectType)
   в Newtonsoft.Json.JsonSerializer.SerializeInternal(JsonWriter jsonWriter, Object value, Type objectType)
   в Newtonsoft.Json.Linq.JToken.FromObjectInternal(Object o, JsonSerializer jsonSerializer)
   в Newtonsoft.Json.Linq.JObject.FromObject(Object o, JsonSerializer jsonSerializer)
   в SourceUtils.WebExport.ResourceController.OnWriteObject(Object obj) в D:\a\SourceUtils\SourceUtils\SourceUtils.WebExport\ResourceController.cs:строка 378
   в lambda_method(Closure , Controller )
   в Ziks.WebServer.ControllerActionMap.TryInvokeAction(Controller controller, HttpListenerRequest request)
   в Ziks.WebServer.Controller.Service(HttpListenerContext context, Session session)
   --- Конец трассировки внутреннего стека исключений ---
    </code>
  </body>
</html>


<!DOCTYPE html>
<html>
  <head>
    <title>500: InternalServerError</title>
  </head>
  <body>
    <h2>500: InternalServerError</h2>
    Request:&nbsp;<code>
      http://localhost:39281/maps/surf_insignia_b1/geom/ambientpage3.json</code>
    <br />
    Message:&nbsp;<code>12288 is not &gt;= 0 and &lt; 0.</code>
    <br />
    <code style="padding:8px;white-space:pre-wrap;display:block;">
Ziks.WebServer.ControllerActionException: 12288 is not &gt;= 0 and &lt; 0. ---&gt; System.IndexOutOfRangeException: 12288 is not &gt;= 0 and &lt; 0.
   в SourceUtils.ValveBspFile.StructArrayLump`1.get_Item(Int32 index) в D:\a\SourceUtils\SourceUtils\SourceUtils\ValveBsp\ArrayLump.cs:строка 149
   в SourceUtils.WebExport.Bsp.AmbientController.&lt;&gt;c__DisplayClass0_0.&lt;Get&gt;b__0(Int32 x) в D:\a\SourceUtils\SourceUtils\SourceUtils.WebExport\Bsp\AmbientCubes.cs:строка 53
   в System.Linq.Enumerable.WhereSelectEnumerableIterator`2.MoveNext()
   в Newtonsoft.Json.Serialization.JsonSerializerInternalWriter.SerializeList(JsonWriter writer, IEnumerable values, JsonArrayContract contract, JsonProperty member, JsonContainerContract collectionContract, JsonProperty containerProperty)
   в Newtonsoft.Json.Serialization.JsonSerializerInternalWriter.SerializeValue(JsonWriter writer, Object value, JsonContract valueContract, JsonProperty member, JsonContainerContract containerContract, JsonProperty containerProperty)
   в Newtonsoft.Json.Serialization.JsonSerializerInternalWriter.SerializeObject(JsonWriter writer, Object value, JsonObjectContract contract, JsonProperty member, JsonContainerContract collectionContract, JsonProperty containerProperty)
   в Newtonsoft.Json.Serialization.JsonSerializerInternalWriter.SerializeValue(JsonWriter writer, Object value, JsonContract valueContract, JsonProperty member, JsonContainerContract containerContract, JsonProperty containerProperty)
   в Newtonsoft.Json.Serialization.JsonSerializerInternalWriter.Serialize(JsonWriter jsonWriter, Object value, Type objectType)
   в Newtonsoft.Json.JsonSerializer.SerializeInternal(JsonWriter jsonWriter, Object value, Type objectType)
   в Newtonsoft.Json.Linq.JToken.FromObjectInternal(Object o, JsonSerializer jsonSerializer)
   в Newtonsoft.Json.Linq.JObject.FromObject(Object o, JsonSerializer jsonSerializer)
   в SourceUtils.WebExport.ResourceController.OnWriteObject(Object obj) в D:\a\SourceUtils\SourceUtils\SourceUtils.WebExport\ResourceController.cs:строка 378
   в lambda_method(Closure , Controller )
   в Ziks.WebServer.ControllerActionMap.TryInvokeAction(Controller controller, HttpListenerRequest request)
   в Ziks.WebServer.Controller.Service(HttpListenerContext context, Session session)
   --- Конец трассировки внутреннего стека исключений ---
    </code>
  </body>
</html>


<!DOCTYPE html>
<html>
  <head>
    <title>500: InternalServerError</title>
  </head>
  <body>
    <h2>500: InternalServerError</h2>
    Request:&nbsp;<code>
      http://localhost:39281/maps/surf_interference_csgo/index.json</code>
    <br />
    Message:&nbsp;<code>Индекс находился вне границ массива.</code>
    <br />
    <code style="padding:8px;white-space:pre-wrap;display:block;">
Ziks.WebServer.ControllerActionException: Индекс находился вне границ массива. ---&gt; System.IndexOutOfRangeException: Индекс находился вне границ массива.
   в SourceUtils.ValveBsp.StaticProps.GetModelName(Int32 modelIndex) в D:\a\SourceUtils\SourceUtils\SourceUtils\ValveBsp\StaticProps.cs:строка 280
   в SourceUtils.WebExport.Bsp.IndexController.GetIndexJson(String map) в D:\a\SourceUtils\SourceUtils\SourceUtils.WebExport\Bsp\Index.cs:строка 178
   в lambda_method(Closure , Controller )
   в Ziks.WebServer.ControllerActionMap.TryInvokeAction(Controller controller, HttpListenerRequest request)
   в Ziks.WebServer.Controller.Service(HttpListenerContext context, Session session)
   --- Конец трассировки внутреннего стека исключений ---
    </code>
  </body>
</html>


<!DOCTYPE html>
<html>
  <head>
    <title>500: InternalServerError</title>
  </head>
  <body>
    <h2>500: InternalServerError</h2>
    Request:&nbsp;<code>
      http://localhost:39281/maps/surf_ixtab/geom/ambientpage0.json</code>
    <br />
    Message:&nbsp;<code>1 is not &gt;= 0 and &lt; 0.</code>
    <br />
    <code style="padding:8px;white-space:pre-wrap;display:block;">
Ziks.WebServer.ControllerActionException: 1 is not &gt;= 0 and &lt; 0. ---&gt; System.IndexOutOfRangeException: 1 is not &gt;= 0 and &lt; 0.
   в SourceUtils.ValveBspFile.StructArrayLump`1.get_Item(Int32 index) в D:\a\SourceUtils\SourceUtils\SourceUtils\ValveBsp\ArrayLump.cs:строка 149
   в SourceUtils.WebExport.Bsp.AmbientController.&lt;&gt;c__DisplayClass0_0.&lt;Get&gt;b__0(Int32 x) в D:\a\SourceUtils\SourceUtils\SourceUtils.WebExport\Bsp\AmbientCubes.cs:строка 53
   в System.Linq.Enumerable.WhereSelectEnumerableIterator`2.MoveNext()
   в Newtonsoft.Json.Serialization.JsonSerializerInternalWriter.SerializeList(JsonWriter writer, IEnumerable values, JsonArrayContract contract, JsonProperty member, JsonContainerContract collectionContract, JsonProperty containerProperty)
   в Newtonsoft.Json.Serialization.JsonSerializerInternalWriter.SerializeValue(JsonWriter writer, Object value, JsonContract valueContract, JsonProperty member, JsonContainerContract containerContract, JsonProperty containerProperty)
   в Newtonsoft.Json.Serialization.JsonSerializerInternalWriter.SerializeObject(JsonWriter writer, Object value, JsonObjectContract contract, JsonProperty member, JsonContainerContract collectionContract, JsonProperty containerProperty)
   в Newtonsoft.Json.Serialization.JsonSerializerInternalWriter.SerializeValue(JsonWriter writer, Object value, JsonContract valueContract, JsonProperty member, JsonContainerContract containerContract, JsonProperty containerProperty)
   в Newtonsoft.Json.Serialization.JsonSerializerInternalWriter.Serialize(JsonWriter jsonWriter, Object value, Type objectType)
   в Newtonsoft.Json.JsonSerializer.SerializeInternal(JsonWriter jsonWriter, Object value, Type objectType)
   в Newtonsoft.Json.Linq.JToken.FromObjectInternal(Object o, JsonSerializer jsonSerializer)
   в Newtonsoft.Json.Linq.JObject.FromObject(Object o, JsonSerializer jsonSerializer)
   в SourceUtils.WebExport.ResourceController.OnWriteObject(Object obj) в D:\a\SourceUtils\SourceUtils\SourceUtils.WebExport\ResourceController.cs:строка 378
   в lambda_method(Closure , Controller )
   в Ziks.WebServer.ControllerActionMap.TryInvokeAction(Controller controller, HttpListenerRequest request)
   в Ziks.WebServer.Controller.Service(HttpListenerContext context, Session session)
   --- Конец трассировки внутреннего стека исключений ---
    </code>
  </body>
</html>


<!DOCTYPE html>
<html>
  <head>
    <title>500: InternalServerError</title>
  </head>
  <body>
    <h2>500: InternalServerError</h2>
    Request:&nbsp;<code>
      http://localhost:39281/maps/surf_ixtab/geom/ambientpage1.json</code>
    <br />
    Message:&nbsp;<code>4096 is not &gt;= 0 and &lt; 0.</code>
    <br />
    <code style="padding:8px;white-space:pre-wrap;display:block;">
Ziks.WebServer.ControllerActionException: 4096 is not &gt;= 0 and &lt; 0. ---&gt; System.IndexOutOfRangeException: 4096 is not &gt;= 0 and &lt; 0.
   в SourceUtils.ValveBspFile.StructArrayLump`1.get_Item(Int32 index) в D:\a\SourceUtils\SourceUtils\SourceUtils\ValveBsp\ArrayLump.cs:строка 149
   в SourceUtils.WebExport.Bsp.AmbientController.&lt;&gt;c__DisplayClass0_0.&lt;Get&gt;b__0(Int32 x) в D:\a\SourceUtils\SourceUtils\SourceUtils.WebExport\Bsp\AmbientCubes.cs:строка 53
   в System.Linq.Enumerable.WhereSelectEnumerableIterator`2.MoveNext()
   в Newtonsoft.Json.Serialization.JsonSerializerInternalWriter.SerializeList(JsonWriter writer, IEnumerable values, JsonArrayContract contract, JsonProperty member, JsonContainerContract collectionContract, JsonProperty containerProperty)
   в Newtonsoft.Json.Serialization.JsonSerializerInternalWriter.SerializeValue(JsonWriter writer, Object value, JsonContract valueContract, JsonProperty member, JsonContainerContract containerContract, JsonProperty containerProperty)
   в Newtonsoft.Json.Serialization.JsonSerializerInternalWriter.SerializeObject(JsonWriter writer, Object value, JsonObjectContract contract, JsonProperty member, JsonContainerContract collectionContract, JsonProperty containerProperty)
   в Newtonsoft.Json.Serialization.JsonSerializerInternalWriter.SerializeValue(JsonWriter writer, Object value, JsonContract valueContract, JsonProperty member, JsonContainerContract containerContract, JsonProperty containerProperty)
   в Newtonsoft.Json.Serialization.JsonSerializerInternalWriter.Serialize(JsonWriter jsonWriter, Object value, Type objectType)
   в Newtonsoft.Json.JsonSerializer.SerializeInternal(JsonWriter jsonWriter, Object value, Type objectType)
   в Newtonsoft.Json.Linq.JToken.FromObjectInternal(Object o, JsonSerializer jsonSerializer)
   в Newtonsoft.Json.Linq.JObject.FromObject(Object o, JsonSerializer jsonSerializer)
   в SourceUtils.WebExport.ResourceController.OnWriteObject(Object obj) в D:\a\SourceUtils\SourceUtils\SourceUtils.WebExport\ResourceController.cs:строка 378
   в lambda_method(Closure , Controller )
   в Ziks.WebServer.ControllerActionMap.TryInvokeAction(Controller controller, HttpListenerRequest request)
   в Ziks.WebServer.Controller.Service(HttpListenerContext context, Session session)
   --- Конец трассировки внутреннего стека исключений ---
    </code>
  </body>
</html>


<!DOCTYPE html>
<html>
  <head>
    <title>500: InternalServerError</title>
  </head>
  <body>
    <h2>500: InternalServerError</h2>
    Request:&nbsp;<code>
      http://localhost:39281/maps/surf_ixtab/geom/ambientpage2.json</code>
    <br />
    Message:&nbsp;<code>8192 is not &gt;= 0 and &lt; 0.</code>
    <br />
    <code style="padding:8px;white-space:pre-wrap;display:block;">
Ziks.WebServer.ControllerActionException: 8192 is not &gt;= 0 and &lt; 0. ---&gt; System.IndexOutOfRangeException: 8192 is not &gt;= 0 and &lt; 0.
   в SourceUtils.ValveBspFile.StructArrayLump`1.get_Item(Int32 index) в D:\a\SourceUtils\SourceUtils\SourceUtils\ValveBsp\ArrayLump.cs:строка 149
   в SourceUtils.WebExport.Bsp.AmbientController.&lt;&gt;c__DisplayClass0_0.&lt;Get&gt;b__0(Int32 x) в D:\a\SourceUtils\SourceUtils\SourceUtils.WebExport\Bsp\AmbientCubes.cs:строка 53
   в System.Linq.Enumerable.WhereSelectEnumerableIterator`2.MoveNext()
   в Newtonsoft.Json.Serialization.JsonSerializerInternalWriter.SerializeList(JsonWriter writer, IEnumerable values, JsonArrayContract contract, JsonProperty member, JsonContainerContract collectionContract, JsonProperty containerProperty)
   в Newtonsoft.Json.Serialization.JsonSerializerInternalWriter.SerializeValue(JsonWriter writer, Object value, JsonContract valueContract, JsonProperty member, JsonContainerContract containerContract, JsonProperty containerProperty)
   в Newtonsoft.Json.Serialization.JsonSerializerInternalWriter.SerializeObject(JsonWriter writer, Object value, JsonObjectContract contract, JsonProperty member, JsonContainerContract collectionContract, JsonProperty containerProperty)
   в Newtonsoft.Json.Serialization.JsonSerializerInternalWriter.SerializeValue(JsonWriter writer, Object value, JsonContract valueContract, JsonProperty member, JsonContainerContract containerContract, JsonProperty containerProperty)
   в Newtonsoft.Json.Serialization.JsonSerializerInternalWriter.Serialize(JsonWriter jsonWriter, Object value, Type objectType)
   в Newtonsoft.Json.JsonSerializer.SerializeInternal(JsonWriter jsonWriter, Object value, Type objectType)
   в Newtonsoft.Json.Linq.JToken.FromObjectInternal(Object o, JsonSerializer jsonSerializer)
   в Newtonsoft.Json.Linq.JObject.FromObject(Object o, JsonSerializer jsonSerializer)
   в SourceUtils.WebExport.ResourceController.OnWriteObject(Object obj) в D:\a\SourceUtils\SourceUtils\SourceUtils.WebExport\ResourceController.cs:строка 378
   в lambda_method(Closure , Controller )
   в Ziks.WebServer.ControllerActionMap.TryInvokeAction(Controller controller, HttpListenerRequest request)
   в Ziks.WebServer.Controller.Service(HttpListenerContext context, Session session)
   --- Конец трассировки внутреннего стека исключений ---
    </code>
  </body>
</html>


<!DOCTYPE html>
<html>
  <head>
    <title>500: InternalServerError</title>
  </head>
  <body>
    <h2>500: InternalServerError</h2>
    Request:&nbsp;<code>
      http://localhost:39281/maps/surf_ixtab/geom/ambientpage3.json</code>
    <br />
    Message:&nbsp;<code>12288 is not &gt;= 0 and &lt; 0.</code>
    <br />
    <code style="padding:8px;white-space:pre-wrap;display:block;">
Ziks.WebServer.ControllerActionException: 12288 is not &gt;= 0 and &lt; 0. ---&gt; System.IndexOutOfRangeException: 12288 is not &gt;= 0 and &lt; 0.
   в SourceUtils.ValveBspFile.StructArrayLump`1.get_Item(Int32 index) в D:\a\SourceUtils\SourceUtils\SourceUtils\ValveBsp\ArrayLump.cs:строка 149
   в SourceUtils.WebExport.Bsp.AmbientController.&lt;&gt;c__DisplayClass0_0.&lt;Get&gt;b__0(Int32 x) в D:\a\SourceUtils\SourceUtils\SourceUtils.WebExport\Bsp\AmbientCubes.cs:строка 53
   в System.Linq.Enumerable.WhereSelectEnumerableIterator`2.MoveNext()
   в Newtonsoft.Json.Serialization.JsonSerializerInternalWriter.SerializeList(JsonWriter writer, IEnumerable values, JsonArrayContract contract, JsonProperty member, JsonContainerContract collectionContract, JsonProperty containerProperty)
   в Newtonsoft.Json.Serialization.JsonSerializerInternalWriter.SerializeValue(JsonWriter writer, Object value, JsonContract valueContract, JsonProperty member, JsonContainerContract containerContract, JsonProperty containerProperty)
   в Newtonsoft.Json.Serialization.JsonSerializerInternalWriter.SerializeObject(JsonWriter writer, Object value, JsonObjectContract contract, JsonProperty member, JsonContainerContract collectionContract, JsonProperty containerProperty)
   в Newtonsoft.Json.Serialization.JsonSerializerInternalWriter.SerializeValue(JsonWriter writer, Object value, JsonContract valueContract, JsonProperty member, JsonContainerContract containerContract, JsonProperty containerProperty)
   в Newtonsoft.Json.Serialization.JsonSerializerInternalWriter.Serialize(JsonWriter jsonWriter, Object value, Type objectType)
   в Newtonsoft.Json.JsonSerializer.SerializeInternal(JsonWriter jsonWriter, Object value, Type objectType)
   в Newtonsoft.Json.Linq.JToken.FromObjectInternal(Object o, JsonSerializer jsonSerializer)
   в Newtonsoft.Json.Linq.JObject.FromObject(Object o, JsonSerializer jsonSerializer)
   в SourceUtils.WebExport.ResourceController.OnWriteObject(Object obj) в D:\a\SourceUtils\SourceUtils\SourceUtils.WebExport\ResourceController.cs:строка 378
   в lambda_method(Closure , Controller )
   в Ziks.WebServer.ControllerActionMap.TryInvokeAction(Controller controller, HttpListenerRequest request)
   в Ziks.WebServer.Controller.Service(HttpListenerContext context, Session session)
   --- Конец трассировки внутреннего стека исключений ---
    </code>
  </body>
</html>


<!DOCTYPE html>
<html>
  <head>
    <title>500: InternalServerError</title>
  </head>
  <body>
    <h2>500: InternalServerError</h2>
    Request:&nbsp;<code>
      http://localhost:39281/maps/surf_kawaii/geom/ambientpage0.json</code>
    <br />
    Message:&nbsp;<code>1 is not &gt;= 0 and &lt; 0.</code>
    <br />
    <code style="padding:8px;white-space:pre-wrap;display:block;">
Ziks.WebServer.ControllerActionException: 1 is not &gt;= 0 and &lt; 0. ---&gt; System.IndexOutOfRangeException: 1 is not &gt;= 0 and &lt; 0.
   в SourceUtils.ValveBspFile.StructArrayLump`1.get_Item(Int32 index) в D:\a\SourceUtils\SourceUtils\SourceUtils\ValveBsp\ArrayLump.cs:строка 149
   в SourceUtils.WebExport.Bsp.AmbientController.&lt;&gt;c__DisplayClass0_0.&lt;Get&gt;b__0(Int32 x) в D:\a\SourceUtils\SourceUtils\SourceUtils.WebExport\Bsp\AmbientCubes.cs:строка 53
   в System.Linq.Enumerable.WhereSelectEnumerableIterator`2.MoveNext()
   в Newtonsoft.Json.Serialization.JsonSerializerInternalWriter.SerializeList(JsonWriter writer, IEnumerable values, JsonArrayContract contract, JsonProperty member, JsonContainerContract collectionContract, JsonProperty containerProperty)
   в Newtonsoft.Json.Serialization.JsonSerializerInternalWriter.SerializeValue(JsonWriter writer, Object value, JsonContract valueContract, JsonProperty member, JsonContainerContract containerContract, JsonProperty containerProperty)
   в Newtonsoft.Json.Serialization.JsonSerializerInternalWriter.SerializeObject(JsonWriter writer, Object value, JsonObjectContract contract, JsonProperty member, JsonContainerContract collectionContract, JsonProperty containerProperty)
   в Newtonsoft.Json.Serialization.JsonSerializerInternalWriter.SerializeValue(JsonWriter writer, Object value, JsonContract valueContract, JsonProperty member, JsonContainerContract containerContract, JsonProperty containerProperty)
   в Newtonsoft.Json.Serialization.JsonSerializerInternalWriter.Serialize(JsonWriter jsonWriter, Object value, Type objectType)
   в Newtonsoft.Json.JsonSerializer.SerializeInternal(JsonWriter jsonWriter, Object value, Type objectType)
   в Newtonsoft.Json.Linq.JToken.FromObjectInternal(Object o, JsonSerializer jsonSerializer)
   в Newtonsoft.Json.Linq.JObject.FromObject(Object o, JsonSerializer jsonSerializer)
   в SourceUtils.WebExport.ResourceController.OnWriteObject(Object obj) в D:\a\SourceUtils\SourceUtils\SourceUtils.WebExport\ResourceController.cs:строка 378
   в lambda_method(Closure , Controller )
   в Ziks.WebServer.ControllerActionMap.TryInvokeAction(Controller controller, HttpListenerRequest request)
   в Ziks.WebServer.Controller.Service(HttpListenerContext context, Session session)
   --- Конец трассировки внутреннего стека исключений ---
    </code>
  </body>
</html>


<!DOCTYPE html>
<html>
  <head>
    <title>500: InternalServerError</title>
  </head>
  <body>
    <h2>500: InternalServerError</h2>
    Request:&nbsp;<code>
      http://localhost:39281/maps/surf_kawaii/geom/ambientpage1.json</code>
    <br />
    Message:&nbsp;<code>4096 is not &gt;= 0 and &lt; 0.</code>
    <br />
    <code style="padding:8px;white-space:pre-wrap;display:block;">
Ziks.WebServer.ControllerActionException: 4096 is not &gt;= 0 and &lt; 0. ---&gt; System.IndexOutOfRangeException: 4096 is not &gt;= 0 and &lt; 0.
   в SourceUtils.ValveBspFile.StructArrayLump`1.get_Item(Int32 index) в D:\a\SourceUtils\SourceUtils\SourceUtils\ValveBsp\ArrayLump.cs:строка 149
   в SourceUtils.WebExport.Bsp.AmbientController.&lt;&gt;c__DisplayClass0_0.&lt;Get&gt;b__0(Int32 x) в D:\a\SourceUtils\SourceUtils\SourceUtils.WebExport\Bsp\AmbientCubes.cs:строка 53
   в System.Linq.Enumerable.WhereSelectEnumerableIterator`2.MoveNext()
   в Newtonsoft.Json.Serialization.JsonSerializerInternalWriter.SerializeList(JsonWriter writer, IEnumerable values, JsonArrayContract contract, JsonProperty member, JsonContainerContract collectionContract, JsonProperty containerProperty)
   в Newtonsoft.Json.Serialization.JsonSerializerInternalWriter.SerializeValue(JsonWriter writer, Object value, JsonContract valueContract, JsonProperty member, JsonContainerContract containerContract, JsonProperty containerProperty)
   в Newtonsoft.Json.Serialization.JsonSerializerInternalWriter.SerializeObject(JsonWriter writer, Object value, JsonObjectContract contract, JsonProperty member, JsonContainerContract collectionContract, JsonProperty containerProperty)
   в Newtonsoft.Json.Serialization.JsonSerializerInternalWriter.SerializeValue(JsonWriter writer, Object value, JsonContract valueContract, JsonProperty member, JsonContainerContract containerContract, JsonProperty containerProperty)
   в Newtonsoft.Json.Serialization.JsonSerializerInternalWriter.Serialize(JsonWriter jsonWriter, Object value, Type objectType)
   в Newtonsoft.Json.JsonSerializer.SerializeInternal(JsonWriter jsonWriter, Object value, Type objectType)
   в Newtonsoft.Json.Linq.JToken.FromObjectInternal(Object o, JsonSerializer jsonSerializer)
   в Newtonsoft.Json.Linq.JObject.FromObject(Object o, JsonSerializer jsonSerializer)
   в SourceUtils.WebExport.ResourceController.OnWriteObject(Object obj) в D:\a\SourceUtils\SourceUtils\SourceUtils.WebExport\ResourceController.cs:строка 378
   в lambda_method(Closure , Controller )
   в Ziks.WebServer.ControllerActionMap.TryInvokeAction(Controller controller, HttpListenerRequest request)
   в Ziks.WebServer.Controller.Service(HttpListenerContext context, Session session)
   --- Конец трассировки внутреннего стека исключений ---
    </code>
  </body>
</html>


<!DOCTYPE html>
<html>
  <head>
    <title>500: InternalServerError</title>
  </head>
  <body>
    <h2>500: InternalServerError</h2>
    Request:&nbsp;<code>
      http://localhost:39281/maps/surf_krow10/geom/ambientpage0.json</code>
    <br />
    Message:&nbsp;<code>1 is not &gt;= 0 and &lt; 0.</code>
    <br />
    <code style="padding:8px;white-space:pre-wrap;display:block;">
Ziks.WebServer.ControllerActionException: 1 is not &gt;= 0 and &lt; 0. ---&gt; System.IndexOutOfRangeException: 1 is not &gt;= 0 and &lt; 0.
   в SourceUtils.ValveBspFile.StructArrayLump`1.get_Item(Int32 index) в D:\a\SourceUtils\SourceUtils\SourceUtils\ValveBsp\ArrayLump.cs:строка 149
   в SourceUtils.WebExport.Bsp.AmbientController.&lt;&gt;c__DisplayClass0_0.&lt;Get&gt;b__0(Int32 x) в D:\a\SourceUtils\SourceUtils\SourceUtils.WebExport\Bsp\AmbientCubes.cs:строка 53
   в System.Linq.Enumerable.WhereSelectEnumerableIterator`2.MoveNext()
   в Newtonsoft.Json.Serialization.JsonSerializerInternalWriter.SerializeList(JsonWriter writer, IEnumerable values, JsonArrayContract contract, JsonProperty member, JsonContainerContract collectionContract, JsonProperty containerProperty)
   в Newtonsoft.Json.Serialization.JsonSerializerInternalWriter.SerializeValue(JsonWriter writer, Object value, JsonContract valueContract, JsonProperty member, JsonContainerContract containerContract, JsonProperty containerProperty)
   в Newtonsoft.Json.Serialization.JsonSerializerInternalWriter.SerializeObject(JsonWriter writer, Object value, JsonObjectContract contract, JsonProperty member, JsonContainerContract collectionContract, JsonProperty containerProperty)
   в Newtonsoft.Json.Serialization.JsonSerializerInternalWriter.SerializeValue(JsonWriter writer, Object value, JsonContract valueContract, JsonProperty member, JsonContainerContract containerContract, JsonProperty containerProperty)
   в Newtonsoft.Json.Serialization.JsonSerializerInternalWriter.Serialize(JsonWriter jsonWriter, Object value, Type objectType)
   в Newtonsoft.Json.JsonSerializer.SerializeInternal(JsonWriter jsonWriter, Object value, Type objectType)
   в Newtonsoft.Json.Linq.JToken.FromObjectInternal(Object o, JsonSerializer jsonSerializer)
   в Newtonsoft.Json.Linq.JObject.FromObject(Object o, JsonSerializer jsonSerializer)
   в SourceUtils.WebExport.ResourceController.OnWriteObject(Object obj) в D:\a\SourceUtils\SourceUtils\SourceUtils.WebExport\ResourceController.cs:строка 378
   в lambda_method(Closure , Controller )
   в Ziks.WebServer.ControllerActionMap.TryInvokeAction(Controller controller, HttpListenerRequest request)
   в Ziks.WebServer.Controller.Service(HttpListenerContext context, Session session)
   --- Конец трассировки внутреннего стека исключений ---
    </code>
  </body>
</html>


<!DOCTYPE html>
<html>
  <head>
    <title>500: InternalServerError</title>
  </head>
  <body>
    <h2>500: InternalServerError</h2>
    Request:&nbsp;<code>
      http://localhost:39281/maps/surf_krow10/geom/ambientpage1.json</code>
    <br />
    Message:&nbsp;<code>4096 is not &gt;= 0 and &lt; 0.</code>
    <br />
    <code style="padding:8px;white-space:pre-wrap;display:block;">
Ziks.WebServer.ControllerActionException: 4096 is not &gt;= 0 and &lt; 0. ---&gt; System.IndexOutOfRangeException: 4096 is not &gt;= 0 and &lt; 0.
   в SourceUtils.ValveBspFile.StructArrayLump`1.get_Item(Int32 index) в D:\a\SourceUtils\SourceUtils\SourceUtils\ValveBsp\ArrayLump.cs:строка 149
   в SourceUtils.WebExport.Bsp.AmbientController.&lt;&gt;c__DisplayClass0_0.&lt;Get&gt;b__0(Int32 x) в D:\a\SourceUtils\SourceUtils\SourceUtils.WebExport\Bsp\AmbientCubes.cs:строка 53
   в System.Linq.Enumerable.WhereSelectEnumerableIterator`2.MoveNext()
   в Newtonsoft.Json.Serialization.JsonSerializerInternalWriter.SerializeList(JsonWriter writer, IEnumerable values, JsonArrayContract contract, JsonProperty member, JsonContainerContract collectionContract, JsonProperty containerProperty)
   в Newtonsoft.Json.Serialization.JsonSerializerInternalWriter.SerializeValue(JsonWriter writer, Object value, JsonContract valueContract, JsonProperty member, JsonContainerContract containerContract, JsonProperty containerProperty)
   в Newtonsoft.Json.Serialization.JsonSerializerInternalWriter.SerializeObject(JsonWriter writer, Object value, JsonObjectContract contract, JsonProperty member, JsonContainerContract collectionContract, JsonProperty containerProperty)
   в Newtonsoft.Json.Serialization.JsonSerializerInternalWriter.SerializeValue(JsonWriter writer, Object value, JsonContract valueContract, JsonProperty member, JsonContainerContract containerContract, JsonProperty containerProperty)
   в Newtonsoft.Json.Serialization.JsonSerializerInternalWriter.Serialize(JsonWriter jsonWriter, Object value, Type objectType)
   в Newtonsoft.Json.JsonSerializer.SerializeInternal(JsonWriter jsonWriter, Object value, Type objectType)
   в Newtonsoft.Json.Linq.JToken.FromObjectInternal(Object o, JsonSerializer jsonSerializer)
   в Newtonsoft.Json.Linq.JObject.FromObject(Object o, JsonSerializer jsonSerializer)
   в SourceUtils.WebExport.ResourceController.OnWriteObject(Object obj) в D:\a\SourceUtils\SourceUtils\SourceUtils.WebExport\ResourceController.cs:строка 378
   в lambda_method(Closure , Controller )
   в Ziks.WebServer.ControllerActionMap.TryInvokeAction(Controller controller, HttpListenerRequest request)
   в Ziks.WebServer.Controller.Service(HttpListenerContext context, Session session)
   --- Конец трассировки внутреннего стека исключений ---
    </code>
  </body>
</html>


<!DOCTYPE html>
<html>
  <head>
    <title>500: InternalServerError</title>
  </head>
  <body>
    <h2>500: InternalServerError</h2>
    Request:&nbsp;<code>
      http://localhost:39281/maps/surf_legendary/geom/ambientpage0.json</code>
    <br />
    Message:&nbsp;<code>1 is not &gt;= 0 and &lt; 0.</code>
    <br />
    <code style="padding:8px;white-space:pre-wrap;display:block;">
Ziks.WebServer.ControllerActionException: 1 is not &gt;= 0 and &lt; 0. ---&gt; System.IndexOutOfRangeException: 1 is not &gt;= 0 and &lt; 0.
   в SourceUtils.ValveBspFile.StructArrayLump`1.get_Item(Int32 index) в D:\a\SourceUtils\SourceUtils\SourceUtils\ValveBsp\ArrayLump.cs:строка 149
   в SourceUtils.WebExport.Bsp.AmbientController.&lt;&gt;c__DisplayClass0_0.&lt;Get&gt;b__0(Int32 x) в D:\a\SourceUtils\SourceUtils\SourceUtils.WebExport\Bsp\AmbientCubes.cs:строка 53
   в System.Linq.Enumerable.WhereSelectEnumerableIterator`2.MoveNext()
   в Newtonsoft.Json.Serialization.JsonSerializerInternalWriter.SerializeList(JsonWriter writer, IEnumerable values, JsonArrayContract contract, JsonProperty member, JsonContainerContract collectionContract, JsonProperty containerProperty)
   в Newtonsoft.Json.Serialization.JsonSerializerInternalWriter.SerializeValue(JsonWriter writer, Object value, JsonContract valueContract, JsonProperty member, JsonContainerContract containerContract, JsonProperty containerProperty)
   в Newtonsoft.Json.Serialization.JsonSerializerInternalWriter.SerializeObject(JsonWriter writer, Object value, JsonObjectContract contract, JsonProperty member, JsonContainerContract collectionContract, JsonProperty containerProperty)
   в Newtonsoft.Json.Serialization.JsonSerializerInternalWriter.SerializeValue(JsonWriter writer, Object value, JsonContract valueContract, JsonProperty member, JsonContainerContract containerContract, JsonProperty containerProperty)
   в Newtonsoft.Json.Serialization.JsonSerializerInternalWriter.Serialize(JsonWriter jsonWriter, Object value, Type objectType)
   в Newtonsoft.Json.JsonSerializer.SerializeInternal(JsonWriter jsonWriter, Object value, Type objectType)
   в Newtonsoft.Json.Linq.JToken.FromObjectInternal(Object o, JsonSerializer jsonSerializer)
   в Newtonsoft.Json.Linq.JObject.FromObject(Object o, JsonSerializer jsonSerializer)
   в SourceUtils.WebExport.ResourceController.OnWriteObject(Object obj) в D:\a\SourceUtils\SourceUtils\SourceUtils.WebExport\ResourceController.cs:строка 378
   в lambda_method(Closure , Controller )
   в Ziks.WebServer.ControllerActionMap.TryInvokeAction(Controller controller, HttpListenerRequest request)
   в Ziks.WebServer.Controller.Service(HttpListenerContext context, Session session)
   --- Конец трассировки внутреннего стека исключений ---
    </code>
  </body>
</html>


<!DOCTYPE html>
<html>
  <head>
    <title>500: InternalServerError</title>
  </head>
  <body>
    <h2>500: InternalServerError</h2>
    Request:&nbsp;<code>
      http://localhost:39281/maps/surf_legendary/geom/ambientpage1.json</code>
    <br />
    Message:&nbsp;<code>4096 is not &gt;= 0 and &lt; 0.</code>
    <br />
    <code style="padding:8px;white-space:pre-wrap;display:block;">
Ziks.WebServer.ControllerActionException: 4096 is not &gt;= 0 and &lt; 0. ---&gt; System.IndexOutOfRangeException: 4096 is not &gt;= 0 and &lt; 0.
   в SourceUtils.ValveBspFile.StructArrayLump`1.get_Item(Int32 index) в D:\a\SourceUtils\SourceUtils\SourceUtils\ValveBsp\ArrayLump.cs:строка 149
   в SourceUtils.WebExport.Bsp.AmbientController.&lt;&gt;c__DisplayClass0_0.&lt;Get&gt;b__0(Int32 x) в D:\a\SourceUtils\SourceUtils\SourceUtils.WebExport\Bsp\AmbientCubes.cs:строка 53
   в System.Linq.Enumerable.WhereSelectEnumerableIterator`2.MoveNext()
   в Newtonsoft.Json.Serialization.JsonSerializerInternalWriter.SerializeList(JsonWriter writer, IEnumerable values, JsonArrayContract contract, JsonProperty member, JsonContainerContract collectionContract, JsonProperty containerProperty)
   в Newtonsoft.Json.Serialization.JsonSerializerInternalWriter.SerializeValue(JsonWriter writer, Object value, JsonContract valueContract, JsonProperty member, JsonContainerContract containerContract, JsonProperty containerProperty)
   в Newtonsoft.Json.Serialization.JsonSerializerInternalWriter.SerializeObject(JsonWriter writer, Object value, JsonObjectContract contract, JsonProperty member, JsonContainerContract collectionContract, JsonProperty containerProperty)
   в Newtonsoft.Json.Serialization.JsonSerializerInternalWriter.SerializeValue(JsonWriter writer, Object value, JsonContract valueContract, JsonProperty member, JsonContainerContract containerContract, JsonProperty containerProperty)
   в Newtonsoft.Json.Serialization.JsonSerializerInternalWriter.Serialize(JsonWriter jsonWriter, Object value, Type objectType)
   в Newtonsoft.Json.JsonSerializer.SerializeInternal(JsonWriter jsonWriter, Object value, Type objectType)
   в Newtonsoft.Json.Linq.JToken.FromObjectInternal(Object o, JsonSerializer jsonSerializer)
   в Newtonsoft.Json.Linq.JObject.FromObject(Object o, JsonSerializer jsonSerializer)
   в SourceUtils.WebExport.ResourceController.OnWriteObject(Object obj) в D:\a\SourceUtils\SourceUtils\SourceUtils.WebExport\ResourceController.cs:строка 378
   в lambda_method(Closure , Controller )
   в Ziks.WebServer.ControllerActionMap.TryInvokeAction(Controller controller, HttpListenerRequest request)
   в Ziks.WebServer.Controller.Service(HttpListenerContext context, Session session)
   --- Конец трассировки внутреннего стека исключений ---
    </code>
  </body>
</html>


<!DOCTYPE html>
<html>
  <head>
    <title>500: InternalServerError</title>
  </head>
  <body>
    <h2>500: InternalServerError</h2>
    Request:&nbsp;<code>
      http://localhost:39281/maps/surf_legendary/geom/ambientpage2.json</code>
    <br />
    Message:&nbsp;<code>8192 is not &gt;= 0 and &lt; 0.</code>
    <br />
    <code style="padding:8px;white-space:pre-wrap;display:block;">
Ziks.WebServer.ControllerActionException: 8192 is not &gt;= 0 and &lt; 0. ---&gt; System.IndexOutOfRangeException: 8192 is not &gt;= 0 and &lt; 0.
   в SourceUtils.ValveBspFile.StructArrayLump`1.get_Item(Int32 index) в D:\a\SourceUtils\SourceUtils\SourceUtils\ValveBsp\ArrayLump.cs:строка 149
   в SourceUtils.WebExport.Bsp.AmbientController.&lt;&gt;c__DisplayClass0_0.&lt;Get&gt;b__0(Int32 x) в D:\a\SourceUtils\SourceUtils\SourceUtils.WebExport\Bsp\AmbientCubes.cs:строка 53
   в System.Linq.Enumerable.WhereSelectEnumerableIterator`2.MoveNext()
   в Newtonsoft.Json.Serialization.JsonSerializerInternalWriter.SerializeList(JsonWriter writer, IEnumerable values, JsonArrayContract contract, JsonProperty member, JsonContainerContract collectionContract, JsonProperty containerProperty)
   в Newtonsoft.Json.Serialization.JsonSerializerInternalWriter.SerializeValue(JsonWriter writer, Object value, JsonContract valueContract, JsonProperty member, JsonContainerContract containerContract, JsonProperty containerProperty)
   в Newtonsoft.Json.Serialization.JsonSerializerInternalWriter.SerializeObject(JsonWriter writer, Object value, JsonObjectContract contract, JsonProperty member, JsonContainerContract collectionContract, JsonProperty containerProperty)
   в Newtonsoft.Json.Serialization.JsonSerializerInternalWriter.SerializeValue(JsonWriter writer, Object value, JsonContract valueContract, JsonProperty member, JsonContainerContract containerContract, JsonProperty containerProperty)
   в Newtonsoft.Json.Serialization.JsonSerializerInternalWriter.Serialize(JsonWriter jsonWriter, Object value, Type objectType)
   в Newtonsoft.Json.JsonSerializer.SerializeInternal(JsonWriter jsonWriter, Object value, Type objectType)
   в Newtonsoft.Json.Linq.JToken.FromObjectInternal(Object o, JsonSerializer jsonSerializer)
   в Newtonsoft.Json.Linq.JObject.FromObject(Object o, JsonSerializer jsonSerializer)
   в SourceUtils.WebExport.ResourceController.OnWriteObject(Object obj) в D:\a\SourceUtils\SourceUtils\SourceUtils.WebExport\ResourceController.cs:строка 378
   в lambda_method(Closure , Controller )
   в Ziks.WebServer.ControllerActionMap.TryInvokeAction(Controller controller, HttpListenerRequest request)
   в Ziks.WebServer.Controller.Service(HttpListenerContext context, Session session)
   --- Конец трассировки внутреннего стека исключений ---
    </code>
  </body>
</html>


<!DOCTYPE html>
<html>
  <head>
    <title>500: InternalServerError</title>
  </head>
  <body>
    <h2>500: InternalServerError</h2>
    Request:&nbsp;<code>
      http://localhost:39281/maps/surf_legendary/geom/ambientpage3.json</code>
    <br />
    Message:&nbsp;<code>12288 is not &gt;= 0 and &lt; 0.</code>
    <br />
    <code style="padding:8px;white-space:pre-wrap;display:block;">
Ziks.WebServer.ControllerActionException: 12288 is not &gt;= 0 and &lt; 0. ---&gt; System.IndexOutOfRangeException: 12288 is not &gt;= 0 and &lt; 0.
   в SourceUtils.ValveBspFile.StructArrayLump`1.get_Item(Int32 index) в D:\a\SourceUtils\SourceUtils\SourceUtils\ValveBsp\ArrayLump.cs:строка 149
   в SourceUtils.WebExport.Bsp.AmbientController.&lt;&gt;c__DisplayClass0_0.&lt;Get&gt;b__0(Int32 x) в D:\a\SourceUtils\SourceUtils\SourceUtils.WebExport\Bsp\AmbientCubes.cs:строка 53
   в System.Linq.Enumerable.WhereSelectEnumerableIterator`2.MoveNext()
   в Newtonsoft.Json.Serialization.JsonSerializerInternalWriter.SerializeList(JsonWriter writer, IEnumerable values, JsonArrayContract contract, JsonProperty member, JsonContainerContract collectionContract, JsonProperty containerProperty)
   в Newtonsoft.Json.Serialization.JsonSerializerInternalWriter.SerializeValue(JsonWriter writer, Object value, JsonContract valueContract, JsonProperty member, JsonContainerContract containerContract, JsonProperty containerProperty)
   в Newtonsoft.Json.Serialization.JsonSerializerInternalWriter.SerializeObject(JsonWriter writer, Object value, JsonObjectContract contract, JsonProperty member, JsonContainerContract collectionContract, JsonProperty containerProperty)
   в Newtonsoft.Json.Serialization.JsonSerializerInternalWriter.SerializeValue(JsonWriter writer, Object value, JsonContract valueContract, JsonProperty member, JsonContainerContract containerContract, JsonProperty containerProperty)
   в Newtonsoft.Json.Serialization.JsonSerializerInternalWriter.Serialize(JsonWriter jsonWriter, Object value, Type objectType)
   в Newtonsoft.Json.JsonSerializer.SerializeInternal(JsonWriter jsonWriter, Object value, Type objectType)
   в Newtonsoft.Json.Linq.JToken.FromObjectInternal(Object o, JsonSerializer jsonSerializer)
   в Newtonsoft.Json.Linq.JObject.FromObject(Object o, JsonSerializer jsonSerializer)
   в SourceUtils.WebExport.ResourceController.OnWriteObject(Object obj) в D:\a\SourceUtils\SourceUtils\SourceUtils.WebExport\ResourceController.cs:строка 378
   в lambda_method(Closure , Controller )
   в Ziks.WebServer.ControllerActionMap.TryInvokeAction(Controller controller, HttpListenerRequest request)
   в Ziks.WebServer.Controller.Service(HttpListenerContext context, Session session)
   --- Конец трассировки внутреннего стека исключений ---
    </code>
  </body>
</html>


<!DOCTYPE html>
<html>
  <head>
    <title>500: InternalServerError</title>
  </head>
  <body>
    <h2>500: InternalServerError</h2>
    Request:&nbsp;<code>http://localhost:39281/maps/surf_legends/index.json</code>
    <br />
    Message:&nbsp;<code>Cannot seek past end</code>
    <br />
    <code style="padding:8px;white-space:pre-wrap;display:block;">
Ziks.WebServer.ControllerActionException: Cannot seek past end ---&gt; System.IO.IOException: Cannot seek past end
   в ICSharpCode.SharpZipLib.Zip.ZipFile.PartialInputStream.Seek(Int64 offset, SeekOrigin origin)
   в SourceUtils.ValveTextureFile.Skip(Stream stream, Int64 count) в D:\a\SourceUtils\SourceUtils\SourceUtils\ValveTextureFile.cs:строка 217
   в SourceUtils.ValveTextureFile..ctor(Stream stream, Boolean onlyHeader) в D:\a\SourceUtils\SourceUtils\SourceUtils\ValveTextureFile.cs:строка 278
   в SourceUtils.WebExport.Texture.Get(ValveBspFile bsp, String path) в D:\a\SourceUtils\SourceUtils\SourceUtils.WebExport\Texture.cs:строка 59
   в SourceUtils.WebExport.Material.CreateSkyMaterial(ValveBspFile bsp, String skyName) в D:\a\SourceUtils\SourceUtils\SourceUtils.WebExport\Material.cs:строка 326
   в SourceUtils.WebExport.Bsp.IndexController.InitWorldspawn(Worldspawn ent, Entity value, MapParams mapParams) в D:\a\SourceUtils\SourceUtils\SourceUtils.WebExport\Bsp\Entities.cs:строка 171
   в lambda_method(Closure , Entity , MapParams )
   в SourceUtils.WebExport.Bsp.IndexController.InitEntity(Entity value, MapParams mapParams) в D:\a\SourceUtils\SourceUtils\SourceUtils.WebExport\Bsp\Entities.cs:строка 383
   в SourceUtils.WebExport.Bsp.IndexController.GetIndexJson(String map) в D:\a\SourceUtils\SourceUtils\SourceUtils.WebExport\Bsp\Index.cs:строка 161
   в lambda_method(Closure , Controller )
   в Ziks.WebServer.ControllerActionMap.TryInvokeAction(Controller controller, HttpListenerRequest request)
   в Ziks.WebServer.Controller.Service(HttpListenerContext context, Session session)
   --- Конец трассировки внутреннего стека исключений ---
    </code>
  </body>
</html>


<!DOCTYPE html>
<html>
  <head>
    <title>500: InternalServerError</title>
  </head>
  <body>
    <h2>500: InternalServerError</h2>
    Request:&nbsp;<code>
      http://localhost:39281/maps/surf_lessons/geom/ambientpage0.json</code>
    <br />
    Message:&nbsp;<code>1 is not &gt;= 0 and &lt; 0.</code>
    <br />
    <code style="padding:8px;white-space:pre-wrap;display:block;">
Ziks.WebServer.ControllerActionException: 1 is not &gt;= 0 and &lt; 0. ---&gt; System.IndexOutOfRangeException: 1 is not &gt;= 0 and &lt; 0.
   в SourceUtils.ValveBspFile.StructArrayLump`1.get_Item(Int32 index) в D:\a\SourceUtils\SourceUtils\SourceUtils\ValveBsp\ArrayLump.cs:строка 149
   в SourceUtils.WebExport.Bsp.AmbientController.&lt;&gt;c__DisplayClass0_0.&lt;Get&gt;b__0(Int32 x) в D:\a\SourceUtils\SourceUtils\SourceUtils.WebExport\Bsp\AmbientCubes.cs:строка 53
   в System.Linq.Enumerable.WhereSelectEnumerableIterator`2.MoveNext()
   в Newtonsoft.Json.Serialization.JsonSerializerInternalWriter.SerializeList(JsonWriter writer, IEnumerable values, JsonArrayContract contract, JsonProperty member, JsonContainerContract collectionContract, JsonProperty containerProperty)
   в Newtonsoft.Json.Serialization.JsonSerializerInternalWriter.SerializeValue(JsonWriter writer, Object value, JsonContract valueContract, JsonProperty member, JsonContainerContract containerContract, JsonProperty containerProperty)
   в Newtonsoft.Json.Serialization.JsonSerializerInternalWriter.SerializeObject(JsonWriter writer, Object value, JsonObjectContract contract, JsonProperty member, JsonContainerContract collectionContract, JsonProperty containerProperty)
   в Newtonsoft.Json.Serialization.JsonSerializerInternalWriter.SerializeValue(JsonWriter writer, Object value, JsonContract valueContract, JsonProperty member, JsonContainerContract containerContract, JsonProperty containerProperty)
   в Newtonsoft.Json.Serialization.JsonSerializerInternalWriter.Serialize(JsonWriter jsonWriter, Object value, Type objectType)
   в Newtonsoft.Json.JsonSerializer.SerializeInternal(JsonWriter jsonWriter, Object value, Type objectType)
   в Newtonsoft.Json.Linq.JToken.FromObjectInternal(Object o, JsonSerializer jsonSerializer)
   в Newtonsoft.Json.Linq.JObject.FromObject(Object o, JsonSerializer jsonSerializer)
   в SourceUtils.WebExport.ResourceController.OnWriteObject(Object obj) в D:\a\SourceUtils\SourceUtils\SourceUtils.WebExport\ResourceController.cs:строка 378
   в lambda_method(Closure , Controller )
   в Ziks.WebServer.ControllerActionMap.TryInvokeAction(Controller controller, HttpListenerRequest request)
   в Ziks.WebServer.Controller.Service(HttpListenerContext context, Session session)
   --- Конец трассировки внутреннего стека исключений ---
    </code>
  </body>
</html>


<!DOCTYPE html>
<html>
  <head>
    <title>500: InternalServerError</title>
  </head>
  <body>
    <h2>500: InternalServerError</h2>
    Request:&nbsp;<code>
      http://localhost:39281/maps/surf_liberation/geom/ambientpage0.json</code>
    <br />
    Message:&nbsp;<code>1 is not &gt;= 0 and &lt; 0.</code>
    <br />
    <code style="padding:8px;white-space:pre-wrap;display:block;">
Ziks.WebServer.ControllerActionException: 1 is not &gt;= 0 and &lt; 0. ---&gt; System.IndexOutOfRangeException: 1 is not &gt;= 0 and &lt; 0.
   в SourceUtils.ValveBspFile.StructArrayLump`1.get_Item(Int32 index) в D:\a\SourceUtils\SourceUtils\SourceUtils\ValveBsp\ArrayLump.cs:строка 149
   в SourceUtils.WebExport.Bsp.AmbientController.&lt;&gt;c__DisplayClass0_0.&lt;Get&gt;b__0(Int32 x) в D:\a\SourceUtils\SourceUtils\SourceUtils.WebExport\Bsp\AmbientCubes.cs:строка 53
   в System.Linq.Enumerable.WhereSelectEnumerableIterator`2.MoveNext()
   в Newtonsoft.Json.Serialization.JsonSerializerInternalWriter.SerializeList(JsonWriter writer, IEnumerable values, JsonArrayContract contract, JsonProperty member, JsonContainerContract collectionContract, JsonProperty containerProperty)
   в Newtonsoft.Json.Serialization.JsonSerializerInternalWriter.SerializeValue(JsonWriter writer, Object value, JsonContract valueContract, JsonProperty member, JsonContainerContract containerContract, JsonProperty containerProperty)
   в Newtonsoft.Json.Serialization.JsonSerializerInternalWriter.SerializeObject(JsonWriter writer, Object value, JsonObjectContract contract, JsonProperty member, JsonContainerContract collectionContract, JsonProperty containerProperty)
   в Newtonsoft.Json.Serialization.JsonSerializerInternalWriter.SerializeValue(JsonWriter writer, Object value, JsonContract valueContract, JsonProperty member, JsonContainerContract containerContract, JsonProperty containerProperty)
   в Newtonsoft.Json.Serialization.JsonSerializerInternalWriter.Serialize(JsonWriter jsonWriter, Object value, Type objectType)
   в Newtonsoft.Json.JsonSerializer.SerializeInternal(JsonWriter jsonWriter, Object value, Type objectType)
   в Newtonsoft.Json.Linq.JToken.FromObjectInternal(Object o, JsonSerializer jsonSerializer)
   в Newtonsoft.Json.Linq.JObject.FromObject(Object o, JsonSerializer jsonSerializer)
   в SourceUtils.WebExport.ResourceController.OnWriteObject(Object obj) в D:\a\SourceUtils\SourceUtils\SourceUtils.WebExport\ResourceController.cs:строка 378
   в lambda_method(Closure , Controller )
   в Ziks.WebServer.ControllerActionMap.TryInvokeAction(Controller controller, HttpListenerRequest request)
   в Ziks.WebServer.Controller.Service(HttpListenerContext context, Session session)
   --- Конец трассировки внутреннего стека исключений ---
    </code>
  </body>
</html>


<!DOCTYPE html>
<html>
  <head>
    <title>500: InternalServerError</title>
  </head>
  <body>
    <h2>500: InternalServerError</h2>
    Request:&nbsp;<code>
      http://localhost:39281/maps/surf_liberation/geom/ambientpage1.json</code>
    <br />
    Message:&nbsp;<code>4096 is not &gt;= 0 and &lt; 0.</code>
    <br />
    <code style="padding:8px;white-space:pre-wrap;display:block;">
Ziks.WebServer.ControllerActionException: 4096 is not &gt;= 0 and &lt; 0. ---&gt; System.IndexOutOfRangeException: 4096 is not &gt;= 0 and &lt; 0.
   в SourceUtils.ValveBspFile.StructArrayLump`1.get_Item(Int32 index) в D:\a\SourceUtils\SourceUtils\SourceUtils\ValveBsp\ArrayLump.cs:строка 149
   в SourceUtils.WebExport.Bsp.AmbientController.&lt;&gt;c__DisplayClass0_0.&lt;Get&gt;b__0(Int32 x) в D:\a\SourceUtils\SourceUtils\SourceUtils.WebExport\Bsp\AmbientCubes.cs:строка 53
   в System.Linq.Enumerable.WhereSelectEnumerableIterator`2.MoveNext()
   в Newtonsoft.Json.Serialization.JsonSerializerInternalWriter.SerializeList(JsonWriter writer, IEnumerable values, JsonArrayContract contract, JsonProperty member, JsonContainerContract collectionContract, JsonProperty containerProperty)
   в Newtonsoft.Json.Serialization.JsonSerializerInternalWriter.SerializeValue(JsonWriter writer, Object value, JsonContract valueContract, JsonProperty member, JsonContainerContract containerContract, JsonProperty containerProperty)
   в Newtonsoft.Json.Serialization.JsonSerializerInternalWriter.SerializeObject(JsonWriter writer, Object value, JsonObjectContract contract, JsonProperty member, JsonContainerContract collectionContract, JsonProperty containerProperty)
   в Newtonsoft.Json.Serialization.JsonSerializerInternalWriter.SerializeValue(JsonWriter writer, Object value, JsonContract valueContract, JsonProperty member, JsonContainerContract containerContract, JsonProperty containerProperty)
   в Newtonsoft.Json.Serialization.JsonSerializerInternalWriter.Serialize(JsonWriter jsonWriter, Object value, Type objectType)
   в Newtonsoft.Json.JsonSerializer.SerializeInternal(JsonWriter jsonWriter, Object value, Type objectType)
   в Newtonsoft.Json.Linq.JToken.FromObjectInternal(Object o, JsonSerializer jsonSerializer)
   в Newtonsoft.Json.Linq.JObject.FromObject(Object o, JsonSerializer jsonSerializer)
   в SourceUtils.WebExport.ResourceController.OnWriteObject(Object obj) в D:\a\SourceUtils\SourceUtils\SourceUtils.WebExport\ResourceController.cs:строка 378
   в lambda_method(Closure , Controller )
   в Ziks.WebServer.ControllerActionMap.TryInvokeAction(Controller controller, HttpListenerRequest request)
   в Ziks.WebServer.Controller.Service(HttpListenerContext context, Session session)
   --- Конец трассировки внутреннего стека исключений ---
    </code>
  </body>
</html>


<!DOCTYPE html>
<html>
  <head>
    <title>500: InternalServerError</title>
  </head>
  <body>
    <h2>500: InternalServerError</h2>
    Request:&nbsp;<code>
      http://localhost:39281/maps/surf_liberation2/geom/ambientpage0.json</code>
    <br />
    Message:&nbsp;<code>1 is not &gt;= 0 and &lt; 0.</code>
    <br />
    <code style="padding:8px;white-space:pre-wrap;display:block;">
Ziks.WebServer.ControllerActionException: 1 is not &gt;= 0 and &lt; 0. ---&gt; System.IndexOutOfRangeException: 1 is not &gt;= 0 and &lt; 0.
   в SourceUtils.ValveBspFile.StructArrayLump`1.get_Item(Int32 index) в D:\a\SourceUtils\SourceUtils\SourceUtils\ValveBsp\ArrayLump.cs:строка 149
   в SourceUtils.WebExport.Bsp.AmbientController.&lt;&gt;c__DisplayClass0_0.&lt;Get&gt;b__0(Int32 x) в D:\a\SourceUtils\SourceUtils\SourceUtils.WebExport\Bsp\AmbientCubes.cs:строка 53
   в System.Linq.Enumerable.WhereSelectEnumerableIterator`2.MoveNext()
   в Newtonsoft.Json.Serialization.JsonSerializerInternalWriter.SerializeList(JsonWriter writer, IEnumerable values, JsonArrayContract contract, JsonProperty member, JsonContainerContract collectionContract, JsonProperty containerProperty)
   в Newtonsoft.Json.Serialization.JsonSerializerInternalWriter.SerializeValue(JsonWriter writer, Object value, JsonContract valueContract, JsonProperty member, JsonContainerContract containerContract, JsonProperty containerProperty)
   в Newtonsoft.Json.Serialization.JsonSerializerInternalWriter.SerializeObject(JsonWriter writer, Object value, JsonObjectContract contract, JsonProperty member, JsonContainerContract collectionContract, JsonProperty containerProperty)
   в Newtonsoft.Json.Serialization.JsonSerializerInternalWriter.SerializeValue(JsonWriter writer, Object value, JsonContract valueContract, JsonProperty member, JsonContainerContract containerContract, JsonProperty containerProperty)
   в Newtonsoft.Json.Serialization.JsonSerializerInternalWriter.Serialize(JsonWriter jsonWriter, Object value, Type objectType)
   в Newtonsoft.Json.JsonSerializer.SerializeInternal(JsonWriter jsonWriter, Object value, Type objectType)
   в Newtonsoft.Json.Linq.JToken.FromObjectInternal(Object o, JsonSerializer jsonSerializer)
   в Newtonsoft.Json.Linq.JObject.FromObject(Object o, JsonSerializer jsonSerializer)
   в SourceUtils.WebExport.ResourceController.OnWriteObject(Object obj) в D:\a\SourceUtils\SourceUtils\SourceUtils.WebExport\ResourceController.cs:строка 378
   в lambda_method(Closure , Controller )
   в Ziks.WebServer.ControllerActionMap.TryInvokeAction(Controller controller, HttpListenerRequest request)
   в Ziks.WebServer.Controller.Service(HttpListenerContext context, Session session)
   --- Конец трассировки внутреннего стека исключений ---
    </code>
  </body>
</html>


<!DOCTYPE html>
<html>
  <head>
    <title>500: InternalServerError</title>
  </head>
  <body>
    <h2>500: InternalServerError</h2>
    Request:&nbsp;<code>
      http://localhost:39281/maps/surf_liberation2/geom/ambientpage1.json</code>
    <br />
    Message:&nbsp;<code>4096 is not &gt;= 0 and &lt; 0.</code>
    <br />
    <code style="padding:8px;white-space:pre-wrap;display:block;">
Ziks.WebServer.ControllerActionException: 4096 is not &gt;= 0 and &lt; 0. ---&gt; System.IndexOutOfRangeException: 4096 is not &gt;= 0 and &lt; 0.
   в SourceUtils.ValveBspFile.StructArrayLump`1.get_Item(Int32 index) в D:\a\SourceUtils\SourceUtils\SourceUtils\ValveBsp\ArrayLump.cs:строка 149
   в SourceUtils.WebExport.Bsp.AmbientController.&lt;&gt;c__DisplayClass0_0.&lt;Get&gt;b__0(Int32 x) в D:\a\SourceUtils\SourceUtils\SourceUtils.WebExport\Bsp\AmbientCubes.cs:строка 53
   в System.Linq.Enumerable.WhereSelectEnumerableIterator`2.MoveNext()
   в Newtonsoft.Json.Serialization.JsonSerializerInternalWriter.SerializeList(JsonWriter writer, IEnumerable values, JsonArrayContract contract, JsonProperty member, JsonContainerContract collectionContract, JsonProperty containerProperty)
   в Newtonsoft.Json.Serialization.JsonSerializerInternalWriter.SerializeValue(JsonWriter writer, Object value, JsonContract valueContract, JsonProperty member, JsonContainerContract containerContract, JsonProperty containerProperty)
   в Newtonsoft.Json.Serialization.JsonSerializerInternalWriter.SerializeObject(JsonWriter writer, Object value, JsonObjectContract contract, JsonProperty member, JsonContainerContract collectionContract, JsonProperty containerProperty)
   в Newtonsoft.Json.Serialization.JsonSerializerInternalWriter.SerializeValue(JsonWriter writer, Object value, JsonContract valueContract, JsonProperty member, JsonContainerContract containerContract, JsonProperty containerProperty)
   в Newtonsoft.Json.Serialization.JsonSerializerInternalWriter.Serialize(JsonWriter jsonWriter, Object value, Type objectType)
   в Newtonsoft.Json.JsonSerializer.SerializeInternal(JsonWriter jsonWriter, Object value, Type objectType)
   в Newtonsoft.Json.Linq.JToken.FromObjectInternal(Object o, JsonSerializer jsonSerializer)
   в Newtonsoft.Json.Linq.JObject.FromObject(Object o, JsonSerializer jsonSerializer)
   в SourceUtils.WebExport.ResourceController.OnWriteObject(Object obj) в D:\a\SourceUtils\SourceUtils\SourceUtils.WebExport\ResourceController.cs:строка 378
   в lambda_method(Closure , Controller )
   в Ziks.WebServer.ControllerActionMap.TryInvokeAction(Controller controller, HttpListenerRequest request)
   в Ziks.WebServer.Controller.Service(HttpListenerContext context, Session session)
   --- Конец трассировки внутреннего стека исключений ---
    </code>
  </body>
</html>


<!DOCTYPE html>
<html>
  <head>
    <title>500: InternalServerError</title>
  </head>
  <body>
    <h2>500: InternalServerError</h2>
    Request:&nbsp;<code>
      http://localhost:39281/maps/surf_liberation2/geom/ambientpage2.json</code>
    <br />
    Message:&nbsp;<code>8192 is not &gt;= 0 and &lt; 0.</code>
    <br />
    <code style="padding:8px;white-space:pre-wrap;display:block;">
Ziks.WebServer.ControllerActionException: 8192 is not &gt;= 0 and &lt; 0. ---&gt; System.IndexOutOfRangeException: 8192 is not &gt;= 0 and &lt; 0.
   в SourceUtils.ValveBspFile.StructArrayLump`1.get_Item(Int32 index) в D:\a\SourceUtils\SourceUtils\SourceUtils\ValveBsp\ArrayLump.cs:строка 149
   в SourceUtils.WebExport.Bsp.AmbientController.&lt;&gt;c__DisplayClass0_0.&lt;Get&gt;b__0(Int32 x) в D:\a\SourceUtils\SourceUtils\SourceUtils.WebExport\Bsp\AmbientCubes.cs:строка 53
   в System.Linq.Enumerable.WhereSelectEnumerableIterator`2.MoveNext()
   в Newtonsoft.Json.Serialization.JsonSerializerInternalWriter.SerializeList(JsonWriter writer, IEnumerable values, JsonArrayContract contract, JsonProperty member, JsonContainerContract collectionContract, JsonProperty containerProperty)
   в Newtonsoft.Json.Serialization.JsonSerializerInternalWriter.SerializeValue(JsonWriter writer, Object value, JsonContract valueContract, JsonProperty member, JsonContainerContract containerContract, JsonProperty containerProperty)
   в Newtonsoft.Json.Serialization.JsonSerializerInternalWriter.SerializeObject(JsonWriter writer, Object value, JsonObjectContract contract, JsonProperty member, JsonContainerContract collectionContract, JsonProperty containerProperty)
   в Newtonsoft.Json.Serialization.JsonSerializerInternalWriter.SerializeValue(JsonWriter writer, Object value, JsonContract valueContract, JsonProperty member, JsonContainerContract containerContract, JsonProperty containerProperty)
   в Newtonsoft.Json.Serialization.JsonSerializerInternalWriter.Serialize(JsonWriter jsonWriter, Object value, Type objectType)
   в Newtonsoft.Json.JsonSerializer.SerializeInternal(JsonWriter jsonWriter, Object value, Type objectType)
   в Newtonsoft.Json.Linq.JToken.FromObjectInternal(Object o, JsonSerializer jsonSerializer)
   в Newtonsoft.Json.Linq.JObject.FromObject(Object o, JsonSerializer jsonSerializer)
   в SourceUtils.WebExport.ResourceController.OnWriteObject(Object obj) в D:\a\SourceUtils\SourceUtils\SourceUtils.WebExport\ResourceController.cs:строка 378
   в lambda_method(Closure , Controller )
   в Ziks.WebServer.ControllerActionMap.TryInvokeAction(Controller controller, HttpListenerRequest request)
   в Ziks.WebServer.Controller.Service(HttpListenerContext context, Session session)
   --- Конец трассировки внутреннего стека исключений ---
    </code>
  </body>
</html>


<!DOCTYPE html>
<html>
  <head>
    <title>500: InternalServerError</title>
  </head>
  <body>
    <h2>500: InternalServerError</h2>
    Request:&nbsp;<code>
      http://localhost:39281/maps/surf_lithium/geom/ambientpage0.json</code>
    <br />
    Message:&nbsp;<code>1 is not &gt;= 0 and &lt; 0.</code>
    <br />
    <code style="padding:8px;white-space:pre-wrap;display:block;">
Ziks.WebServer.ControllerActionException: 1 is not &gt;= 0 and &lt; 0. ---&gt; System.IndexOutOfRangeException: 1 is not &gt;= 0 and &lt; 0.
   в SourceUtils.ValveBspFile.StructArrayLump`1.get_Item(Int32 index) в D:\a\SourceUtils\SourceUtils\SourceUtils\ValveBsp\ArrayLump.cs:строка 149
   в SourceUtils.WebExport.Bsp.AmbientController.&lt;&gt;c__DisplayClass0_0.&lt;Get&gt;b__0(Int32 x) в D:\a\SourceUtils\SourceUtils\SourceUtils.WebExport\Bsp\AmbientCubes.cs:строка 53
   в System.Linq.Enumerable.WhereSelectEnumerableIterator`2.MoveNext()
   в Newtonsoft.Json.Serialization.JsonSerializerInternalWriter.SerializeList(JsonWriter writer, IEnumerable values, JsonArrayContract contract, JsonProperty member, JsonContainerContract collectionContract, JsonProperty containerProperty)
   в Newtonsoft.Json.Serialization.JsonSerializerInternalWriter.SerializeValue(JsonWriter writer, Object value, JsonContract valueContract, JsonProperty member, JsonContainerContract containerContract, JsonProperty containerProperty)
   в Newtonsoft.Json.Serialization.JsonSerializerInternalWriter.SerializeObject(JsonWriter writer, Object value, JsonObjectContract contract, JsonProperty member, JsonContainerContract collectionContract, JsonProperty containerProperty)
   в Newtonsoft.Json.Serialization.JsonSerializerInternalWriter.SerializeValue(JsonWriter writer, Object value, JsonContract valueContract, JsonProperty member, JsonContainerContract containerContract, JsonProperty containerProperty)
   в Newtonsoft.Json.Serialization.JsonSerializerInternalWriter.Serialize(JsonWriter jsonWriter, Object value, Type objectType)
   в Newtonsoft.Json.JsonSerializer.SerializeInternal(JsonWriter jsonWriter, Object value, Type objectType)
   в Newtonsoft.Json.Linq.JToken.FromObjectInternal(Object o, JsonSerializer jsonSerializer)
   в Newtonsoft.Json.Linq.JObject.FromObject(Object o, JsonSerializer jsonSerializer)
   в SourceUtils.WebExport.ResourceController.OnWriteObject(Object obj) в D:\a\SourceUtils\SourceUtils\SourceUtils.WebExport\ResourceController.cs:строка 378
   в lambda_method(Closure , Controller )
   в Ziks.WebServer.ControllerActionMap.TryInvokeAction(Controller controller, HttpListenerRequest request)
   в Ziks.WebServer.Controller.Service(HttpListenerContext context, Session session)
   --- Конец трассировки внутреннего стека исключений ---
    </code>
  </body>
</html>


<!DOCTYPE html>
<html>
  <head>
    <title>500: InternalServerError</title>
  </head>
  <body>
    <h2>500: InternalServerError</h2>
    Request:&nbsp;<code>
      http://localhost:39281/maps/surf_lithium/geom/ambientpage1.json</code>
    <br />
    Message:&nbsp;<code>4096 is not &gt;= 0 and &lt; 0.</code>
    <br />
    <code style="padding:8px;white-space:pre-wrap;display:block;">
Ziks.WebServer.ControllerActionException: 4096 is not &gt;= 0 and &lt; 0. ---&gt; System.IndexOutOfRangeException: 4096 is not &gt;= 0 and &lt; 0.
   в SourceUtils.ValveBspFile.StructArrayLump`1.get_Item(Int32 index) в D:\a\SourceUtils\SourceUtils\SourceUtils\ValveBsp\ArrayLump.cs:строка 149
   в SourceUtils.WebExport.Bsp.AmbientController.&lt;&gt;c__DisplayClass0_0.&lt;Get&gt;b__0(Int32 x) в D:\a\SourceUtils\SourceUtils\SourceUtils.WebExport\Bsp\AmbientCubes.cs:строка 53
   в System.Linq.Enumerable.WhereSelectEnumerableIterator`2.MoveNext()
   в Newtonsoft.Json.Serialization.JsonSerializerInternalWriter.SerializeList(JsonWriter writer, IEnumerable values, JsonArrayContract contract, JsonProperty member, JsonContainerContract collectionContract, JsonProperty containerProperty)
   в Newtonsoft.Json.Serialization.JsonSerializerInternalWriter.SerializeValue(JsonWriter writer, Object value, JsonContract valueContract, JsonProperty member, JsonContainerContract containerContract, JsonProperty containerProperty)
   в Newtonsoft.Json.Serialization.JsonSerializerInternalWriter.SerializeObject(JsonWriter writer, Object value, JsonObjectContract contract, JsonProperty member, JsonContainerContract collectionContract, JsonProperty containerProperty)
   в Newtonsoft.Json.Serialization.JsonSerializerInternalWriter.SerializeValue(JsonWriter writer, Object value, JsonContract valueContract, JsonProperty member, JsonContainerContract containerContract, JsonProperty containerProperty)
   в Newtonsoft.Json.Serialization.JsonSerializerInternalWriter.Serialize(JsonWriter jsonWriter, Object value, Type objectType)
   в Newtonsoft.Json.JsonSerializer.SerializeInternal(JsonWriter jsonWriter, Object value, Type objectType)
   в Newtonsoft.Json.Linq.JToken.FromObjectInternal(Object o, JsonSerializer jsonSerializer)
   в Newtonsoft.Json.Linq.JObject.FromObject(Object o, JsonSerializer jsonSerializer)
   в SourceUtils.WebExport.ResourceController.OnWriteObject(Object obj) в D:\a\SourceUtils\SourceUtils\SourceUtils.WebExport\ResourceController.cs:строка 378
   в lambda_method(Closure , Controller )
   в Ziks.WebServer.ControllerActionMap.TryInvokeAction(Controller controller, HttpListenerRequest request)
   в Ziks.WebServer.Controller.Service(HttpListenerContext context, Session session)
   --- Конец трассировки внутреннего стека исключений ---
    </code>
  </body>
</html>


<!DOCTYPE html>
<html>
  <head>
    <title>500: InternalServerError</title>
  </head>
  <body>
    <h2>500: InternalServerError</h2>
    Request:&nbsp;<code>
      http://localhost:39281/maps/surf_lithium/geom/ambientpage2.json</code>
    <br />
    Message:&nbsp;<code>8192 is not &gt;= 0 and &lt; 0.</code>
    <br />
    <code style="padding:8px;white-space:pre-wrap;display:block;">
Ziks.WebServer.ControllerActionException: 8192 is not &gt;= 0 and &lt; 0. ---&gt; System.IndexOutOfRangeException: 8192 is not &gt;= 0 and &lt; 0.
   в SourceUtils.ValveBspFile.StructArrayLump`1.get_Item(Int32 index) в D:\a\SourceUtils\SourceUtils\SourceUtils\ValveBsp\ArrayLump.cs:строка 149
   в SourceUtils.WebExport.Bsp.AmbientController.&lt;&gt;c__DisplayClass0_0.&lt;Get&gt;b__0(Int32 x) в D:\a\SourceUtils\SourceUtils\SourceUtils.WebExport\Bsp\AmbientCubes.cs:строка 53
   в System.Linq.Enumerable.WhereSelectEnumerableIterator`2.MoveNext()
   в Newtonsoft.Json.Serialization.JsonSerializerInternalWriter.SerializeList(JsonWriter writer, IEnumerable values, JsonArrayContract contract, JsonProperty member, JsonContainerContract collectionContract, JsonProperty containerProperty)
   в Newtonsoft.Json.Serialization.JsonSerializerInternalWriter.SerializeValue(JsonWriter writer, Object value, JsonContract valueContract, JsonProperty member, JsonContainerContract containerContract, JsonProperty containerProperty)
   в Newtonsoft.Json.Serialization.JsonSerializerInternalWriter.SerializeObject(JsonWriter writer, Object value, JsonObjectContract contract, JsonProperty member, JsonContainerContract collectionContract, JsonProperty containerProperty)
   в Newtonsoft.Json.Serialization.JsonSerializerInternalWriter.SerializeValue(JsonWriter writer, Object value, JsonContract valueContract, JsonProperty member, JsonContainerContract containerContract, JsonProperty containerProperty)
   в Newtonsoft.Json.Serialization.JsonSerializerInternalWriter.Serialize(JsonWriter jsonWriter, Object value, Type objectType)
   в Newtonsoft.Json.JsonSerializer.SerializeInternal(JsonWriter jsonWriter, Object value, Type objectType)
   в Newtonsoft.Json.Linq.JToken.FromObjectInternal(Object o, JsonSerializer jsonSerializer)
   в Newtonsoft.Json.Linq.JObject.FromObject(Object o, JsonSerializer jsonSerializer)
   в SourceUtils.WebExport.ResourceController.OnWriteObject(Object obj) в D:\a\SourceUtils\SourceUtils\SourceUtils.WebExport\ResourceController.cs:строка 378
   в lambda_method(Closure , Controller )
   в Ziks.WebServer.ControllerActionMap.TryInvokeAction(Controller controller, HttpListenerRequest request)
   в Ziks.WebServer.Controller.Service(HttpListenerContext context, Session session)
   --- Конец трассировки внутреннего стека исключений ---
    </code>
  </body>
</html>


<!DOCTYPE html>
<html>
  <head>
    <title>500: InternalServerError</title>
  </head>
  <body>
    <h2>500: InternalServerError</h2>
    Request:&nbsp;<code>
      http://localhost:39281/maps/surf_lithium2/geom/ambientpage0.json</code>
    <br />
    Message:&nbsp;<code>1 is not &gt;= 0 and &lt; 0.</code>
    <br />
    <code style="padding:8px;white-space:pre-wrap;display:block;">
Ziks.WebServer.ControllerActionException: 1 is not &gt;= 0 and &lt; 0. ---&gt; System.IndexOutOfRangeException: 1 is not &gt;= 0 and &lt; 0.
   в SourceUtils.ValveBspFile.StructArrayLump`1.get_Item(Int32 index) в D:\a\SourceUtils\SourceUtils\SourceUtils\ValveBsp\ArrayLump.cs:строка 149
   в SourceUtils.WebExport.Bsp.AmbientController.&lt;&gt;c__DisplayClass0_0.&lt;Get&gt;b__0(Int32 x) в D:\a\SourceUtils\SourceUtils\SourceUtils.WebExport\Bsp\AmbientCubes.cs:строка 53
   в System.Linq.Enumerable.WhereSelectEnumerableIterator`2.MoveNext()
   в Newtonsoft.Json.Serialization.JsonSerializerInternalWriter.SerializeList(JsonWriter writer, IEnumerable values, JsonArrayContract contract, JsonProperty member, JsonContainerContract collectionContract, JsonProperty containerProperty)
   в Newtonsoft.Json.Serialization.JsonSerializerInternalWriter.SerializeValue(JsonWriter writer, Object value, JsonContract valueContract, JsonProperty member, JsonContainerContract containerContract, JsonProperty containerProperty)
   в Newtonsoft.Json.Serialization.JsonSerializerInternalWriter.SerializeObject(JsonWriter writer, Object value, JsonObjectContract contract, JsonProperty member, JsonContainerContract collectionContract, JsonProperty containerProperty)
   в Newtonsoft.Json.Serialization.JsonSerializerInternalWriter.SerializeValue(JsonWriter writer, Object value, JsonContract valueContract, JsonProperty member, JsonContainerContract containerContract, JsonProperty containerProperty)
   в Newtonsoft.Json.Serialization.JsonSerializerInternalWriter.Serialize(JsonWriter jsonWriter, Object value, Type objectType)
   в Newtonsoft.Json.JsonSerializer.SerializeInternal(JsonWriter jsonWriter, Object value, Type objectType)
   в Newtonsoft.Json.Linq.JToken.FromObjectInternal(Object o, JsonSerializer jsonSerializer)
   в Newtonsoft.Json.Linq.JObject.FromObject(Object o, JsonSerializer jsonSerializer)
   в SourceUtils.WebExport.ResourceController.OnWriteObject(Object obj) в D:\a\SourceUtils\SourceUtils\SourceUtils.WebExport\ResourceController.cs:строка 378
   в lambda_method(Closure , Controller )
   в Ziks.WebServer.ControllerActionMap.TryInvokeAction(Controller controller, HttpListenerRequest request)
   в Ziks.WebServer.Controller.Service(HttpListenerContext context, Session session)
   --- Конец трассировки внутреннего стека исключений ---
    </code>
  </body>
</html>


<!DOCTYPE html>
<html>
  <head>
    <title>500: InternalServerError</title>
  </head>
  <body>
    <h2>500: InternalServerError</h2>
    Request:&nbsp;<code>
      http://localhost:39281/maps/surf_lithium2/geom/ambientpage1.json</code>
    <br />
    Message:&nbsp;<code>4096 is not &gt;= 0 and &lt; 0.</code>
    <br />
    <code style="padding:8px;white-space:pre-wrap;display:block;">
Ziks.WebServer.ControllerActionException: 4096 is not &gt;= 0 and &lt; 0. ---&gt; System.IndexOutOfRangeException: 4096 is not &gt;= 0 and &lt; 0.
   в SourceUtils.ValveBspFile.StructArrayLump`1.get_Item(Int32 index) в D:\a\SourceUtils\SourceUtils\SourceUtils\ValveBsp\ArrayLump.cs:строка 149
   в SourceUtils.WebExport.Bsp.AmbientController.&lt;&gt;c__DisplayClass0_0.&lt;Get&gt;b__0(Int32 x) в D:\a\SourceUtils\SourceUtils\SourceUtils.WebExport\Bsp\AmbientCubes.cs:строка 53
   в System.Linq.Enumerable.WhereSelectEnumerableIterator`2.MoveNext()
   в Newtonsoft.Json.Serialization.JsonSerializerInternalWriter.SerializeList(JsonWriter writer, IEnumerable values, JsonArrayContract contract, JsonProperty member, JsonContainerContract collectionContract, JsonProperty containerProperty)
   в Newtonsoft.Json.Serialization.JsonSerializerInternalWriter.SerializeValue(JsonWriter writer, Object value, JsonContract valueContract, JsonProperty member, JsonContainerContract containerContract, JsonProperty containerProperty)
   в Newtonsoft.Json.Serialization.JsonSerializerInternalWriter.SerializeObject(JsonWriter writer, Object value, JsonObjectContract contract, JsonProperty member, JsonContainerContract collectionContract, JsonProperty containerProperty)
   в Newtonsoft.Json.Serialization.JsonSerializerInternalWriter.SerializeValue(JsonWriter writer, Object value, JsonContract valueContract, JsonProperty member, JsonContainerContract containerContract, JsonProperty containerProperty)
   в Newtonsoft.Json.Serialization.JsonSerializerInternalWriter.Serialize(JsonWriter jsonWriter, Object value, Type objectType)
   в Newtonsoft.Json.JsonSerializer.SerializeInternal(JsonWriter jsonWriter, Object value, Type objectType)
   в Newtonsoft.Json.Linq.JToken.FromObjectInternal(Object o, JsonSerializer jsonSerializer)
   в Newtonsoft.Json.Linq.JObject.FromObject(Object o, JsonSerializer jsonSerializer)
   в SourceUtils.WebExport.ResourceController.OnWriteObject(Object obj) в D:\a\SourceUtils\SourceUtils\SourceUtils.WebExport\ResourceController.cs:строка 378
   в lambda_method(Closure , Controller )
   в Ziks.WebServer.ControllerActionMap.TryInvokeAction(Controller controller, HttpListenerRequest request)
   в Ziks.WebServer.Controller.Service(HttpListenerContext context, Session session)
   --- Конец трассировки внутреннего стека исключений ---
    </code>
  </body>
</html>


<!DOCTYPE html>
<html>
  <head>
    <title>500: InternalServerError</title>
  </head>
  <body>
    <h2>500: InternalServerError</h2>
    Request:&nbsp;<code>
      http://localhost:39281/maps/surf_lithium2/geom/ambientpage2.json</code>
    <br />
    Message:&nbsp;<code>8192 is not &gt;= 0 and &lt; 0.</code>
    <br />
    <code style="padding:8px;white-space:pre-wrap;display:block;">
Ziks.WebServer.ControllerActionException: 8192 is not &gt;= 0 and &lt; 0. ---&gt; System.IndexOutOfRangeException: 8192 is not &gt;= 0 and &lt; 0.
   в SourceUtils.ValveBspFile.StructArrayLump`1.get_Item(Int32 index) в D:\a\SourceUtils\SourceUtils\SourceUtils\ValveBsp\ArrayLump.cs:строка 149
   в SourceUtils.WebExport.Bsp.AmbientController.&lt;&gt;c__DisplayClass0_0.&lt;Get&gt;b__0(Int32 x) в D:\a\SourceUtils\SourceUtils\SourceUtils.WebExport\Bsp\AmbientCubes.cs:строка 53
   в System.Linq.Enumerable.WhereSelectEnumerableIterator`2.MoveNext()
   в Newtonsoft.Json.Serialization.JsonSerializerInternalWriter.SerializeList(JsonWriter writer, IEnumerable values, JsonArrayContract contract, JsonProperty member, JsonContainerContract collectionContract, JsonProperty containerProperty)
   в Newtonsoft.Json.Serialization.JsonSerializerInternalWriter.SerializeValue(JsonWriter writer, Object value, JsonContract valueContract, JsonProperty member, JsonContainerContract containerContract, JsonProperty containerProperty)
   в Newtonsoft.Json.Serialization.JsonSerializerInternalWriter.SerializeObject(JsonWriter writer, Object value, JsonObjectContract contract, JsonProperty member, JsonContainerContract collectionContract, JsonProperty containerProperty)
   в Newtonsoft.Json.Serialization.JsonSerializerInternalWriter.SerializeValue(JsonWriter writer, Object value, JsonContract valueContract, JsonProperty member, JsonContainerContract containerContract, JsonProperty containerProperty)
   в Newtonsoft.Json.Serialization.JsonSerializerInternalWriter.Serialize(JsonWriter jsonWriter, Object value, Type objectType)
   в Newtonsoft.Json.JsonSerializer.SerializeInternal(JsonWriter jsonWriter, Object value, Type objectType)
   в Newtonsoft.Json.Linq.JToken.FromObjectInternal(Object o, JsonSerializer jsonSerializer)
   в Newtonsoft.Json.Linq.JObject.FromObject(Object o, JsonSerializer jsonSerializer)
   в SourceUtils.WebExport.ResourceController.OnWriteObject(Object obj) в D:\a\SourceUtils\SourceUtils\SourceUtils.WebExport\ResourceController.cs:строка 378
   в lambda_method(Closure , Controller )
   в Ziks.WebServer.ControllerActionMap.TryInvokeAction(Controller controller, HttpListenerRequest request)
   в Ziks.WebServer.Controller.Service(HttpListenerContext context, Session session)
   --- Конец трассировки внутреннего стека исключений ---
    </code>
  </body>
</html>


<!DOCTYPE html>
<html>
  <head>
    <title>500: InternalServerError</title>
  </head>
  <body>
    <h2>500: InternalServerError</h2>
    Request:&nbsp;<code>
      http://localhost:39281/maps/surf_lithium2/geom/ambientpage3.json</code>
    <br />
    Message:&nbsp;<code>12288 is not &gt;= 0 and &lt; 0.</code>
    <br />
    <code style="padding:8px;white-space:pre-wrap;display:block;">
Ziks.WebServer.ControllerActionException: 12288 is not &gt;= 0 and &lt; 0. ---&gt; System.IndexOutOfRangeException: 12288 is not &gt;= 0 and &lt; 0.
   в SourceUtils.ValveBspFile.StructArrayLump`1.get_Item(Int32 index) в D:\a\SourceUtils\SourceUtils\SourceUtils\ValveBsp\ArrayLump.cs:строка 149
   в SourceUtils.WebExport.Bsp.AmbientController.&lt;&gt;c__DisplayClass0_0.&lt;Get&gt;b__0(Int32 x) в D:\a\SourceUtils\SourceUtils\SourceUtils.WebExport\Bsp\AmbientCubes.cs:строка 53
   в System.Linq.Enumerable.WhereSelectEnumerableIterator`2.MoveNext()
   в Newtonsoft.Json.Serialization.JsonSerializerInternalWriter.SerializeList(JsonWriter writer, IEnumerable values, JsonArrayContract contract, JsonProperty member, JsonContainerContract collectionContract, JsonProperty containerProperty)
   в Newtonsoft.Json.Serialization.JsonSerializerInternalWriter.SerializeValue(JsonWriter writer, Object value, JsonContract valueContract, JsonProperty member, JsonContainerContract containerContract, JsonProperty containerProperty)
   в Newtonsoft.Json.Serialization.JsonSerializerInternalWriter.SerializeObject(JsonWriter writer, Object value, JsonObjectContract contract, JsonProperty member, JsonContainerContract collectionContract, JsonProperty containerProperty)
   в Newtonsoft.Json.Serialization.JsonSerializerInternalWriter.SerializeValue(JsonWriter writer, Object value, JsonContract valueContract, JsonProperty member, JsonContainerContract containerContract, JsonProperty containerProperty)
   в Newtonsoft.Json.Serialization.JsonSerializerInternalWriter.Serialize(JsonWriter jsonWriter, Object value, Type objectType)
   в Newtonsoft.Json.JsonSerializer.SerializeInternal(JsonWriter jsonWriter, Object value, Type objectType)
   в Newtonsoft.Json.Linq.JToken.FromObjectInternal(Object o, JsonSerializer jsonSerializer)
   в Newtonsoft.Json.Linq.JObject.FromObject(Object o, JsonSerializer jsonSerializer)
   в SourceUtils.WebExport.ResourceController.OnWriteObject(Object obj) в D:\a\SourceUtils\SourceUtils\SourceUtils.WebExport\ResourceController.cs:строка 378
   в lambda_method(Closure , Controller )
   в Ziks.WebServer.ControllerActionMap.TryInvokeAction(Controller controller, HttpListenerRequest request)
   в Ziks.WebServer.Controller.Service(HttpListenerContext context, Session session)
   --- Конец трассировки внутреннего стека исключений ---
    </code>
  </body>
</html>


<!DOCTYPE html>
<html>
  <head>
    <title>500: InternalServerError</title>
  </head>
  <body>
    <h2>500: InternalServerError</h2>
    Request:&nbsp;<code>http://localhost:39281/maps/surf_lolrevlis/index.json</code>
    <br />
    Message:&nbsp;<code>Cannot seek past end</code>
    <br />
    <code style="padding:8px;white-space:pre-wrap;display:block;">
Ziks.WebServer.ControllerActionException: Cannot seek past end ---&gt; System.IO.IOException: Cannot seek past end
   в ICSharpCode.SharpZipLib.Zip.ZipFile.PartialInputStream.Seek(Int64 offset, SeekOrigin origin)
   в SourceUtils.ValveTextureFile.Skip(Stream stream, Int64 count) в D:\a\SourceUtils\SourceUtils\SourceUtils\ValveTextureFile.cs:строка 217
   в SourceUtils.ValveTextureFile..ctor(Stream stream, Boolean onlyHeader) в D:\a\SourceUtils\SourceUtils\SourceUtils\ValveTextureFile.cs:строка 278
   в SourceUtils.WebExport.Texture.Get(ValveBspFile bsp, String path) в D:\a\SourceUtils\SourceUtils\SourceUtils.WebExport\Texture.cs:строка 59
   в SourceUtils.WebExport.Material.CreateSkyMaterial(ValveBspFile bsp, String skyName) в D:\a\SourceUtils\SourceUtils\SourceUtils.WebExport\Material.cs:строка 326
   в SourceUtils.WebExport.Bsp.IndexController.InitWorldspawn(Worldspawn ent, Entity value, MapParams mapParams) в D:\a\SourceUtils\SourceUtils\SourceUtils.WebExport\Bsp\Entities.cs:строка 171
   в lambda_method(Closure , Entity , MapParams )
   в SourceUtils.WebExport.Bsp.IndexController.InitEntity(Entity value, MapParams mapParams) в D:\a\SourceUtils\SourceUtils\SourceUtils.WebExport\Bsp\Entities.cs:строка 383
   в SourceUtils.WebExport.Bsp.IndexController.GetIndexJson(String map) в D:\a\SourceUtils\SourceUtils\SourceUtils.WebExport\Bsp\Index.cs:строка 161
   в lambda_method(Closure , Controller )
   в Ziks.WebServer.ControllerActionMap.TryInvokeAction(Controller controller, HttpListenerRequest request)
   в Ziks.WebServer.Controller.Service(HttpListenerContext context, Session session)
   --- Конец трассировки внутреннего стека исключений ---
    </code>
  </body>
</html>


<!DOCTYPE html>
<html>
  <head>
    <title>500: InternalServerError</title>
  </head>
  <body>
    <h2>500: InternalServerError</h2>
    Request:&nbsp;<code>http://localhost:39281/maps/surf_lolrevlis2/index.json
      </code>
    <br />
    Message:&nbsp;<code>Cannot seek past end</code>
    <br />
    <code style="padding:8px;white-space:pre-wrap;display:block;">
Ziks.WebServer.ControllerActionException: Cannot seek past end ---&gt; System.IO.IOException: Cannot seek past end
   в ICSharpCode.SharpZipLib.Zip.ZipFile.PartialInputStream.Seek(Int64 offset, SeekOrigin origin)
   в SourceUtils.ValveTextureFile.Skip(Stream stream, Int64 count) в D:\a\SourceUtils\SourceUtils\SourceUtils\ValveTextureFile.cs:строка 217
   в SourceUtils.ValveTextureFile..ctor(Stream stream, Boolean onlyHeader) в D:\a\SourceUtils\SourceUtils\SourceUtils\ValveTextureFile.cs:строка 278
   в SourceUtils.WebExport.Texture.Get(ValveBspFile bsp, String path) в D:\a\SourceUtils\SourceUtils\SourceUtils.WebExport\Texture.cs:строка 59
   в SourceUtils.WebExport.Material.CreateSkyMaterial(ValveBspFile bsp, String skyName) в D:\a\SourceUtils\SourceUtils\SourceUtils.WebExport\Material.cs:строка 326
   в SourceUtils.WebExport.Bsp.IndexController.InitWorldspawn(Worldspawn ent, Entity value, MapParams mapParams) в D:\a\SourceUtils\SourceUtils\SourceUtils.WebExport\Bsp\Entities.cs:строка 171
   в lambda_method(Closure , Entity , MapParams )
   в SourceUtils.WebExport.Bsp.IndexController.InitEntity(Entity value, MapParams mapParams) в D:\a\SourceUtils\SourceUtils\SourceUtils.WebExport\Bsp\Entities.cs:строка 383
   в SourceUtils.WebExport.Bsp.IndexController.GetIndexJson(String map) в D:\a\SourceUtils\SourceUtils\SourceUtils.WebExport\Bsp\Index.cs:строка 161
   в lambda_method(Closure , Controller )
   в Ziks.WebServer.ControllerActionMap.TryInvokeAction(Controller controller, HttpListenerRequest request)
   в Ziks.WebServer.Controller.Service(HttpListenerContext context, Session session)
   --- Конец трассировки внутреннего стека исключений ---
    </code>
  </body>
</html>


<!DOCTYPE html>
<html>
  <head>
    <title>500: InternalServerError</title>
  </head>
  <body>
    <h2>500: InternalServerError</h2>
    Request:&nbsp;<code>
      http://localhost:39281/maps/surf_lullaby_redone_njv/geom/leafpage0.json</code>
    <br />
    Message:&nbsp;<code>Expected /$/</code>
    <br />
    <code style="padding:8px;white-space:pre-wrap;display:block;">
Ziks.WebServer.ControllerActionException: Expected /$/ ---&gt; SourceUtils.KeyValuesParserException: Expected /$/
   в SourceUtils.KeyValues.Parse(String value, KeyValuesFlags flags) в D:\a\SourceUtils\SourceUtils\SourceUtils\KeyValues.cs:строка 331
   в SourceUtils.KeyValues.FromStream(Stream stream, KeyValuesFlags flags) в D:\a\SourceUtils\SourceUtils\SourceUtils\KeyValues.cs:строка 357
   в SourceUtils.ValveMaterialFile.FromProvider(String path, IResourceProvider[] providers) в D:\a\SourceUtils\SourceUtils\SourceUtils\ValveMaterialFile.cs:строка 33
   в SourceUtils.ValveMaterialFile.FromProvider(String path, IResourceProvider[] providers) в D:\a\SourceUtils\SourceUtils\SourceUtils\ValveMaterialFile.cs:строка 44
   в SourceUtils.WebExport.Bsp.GeometryController.GetOrCreateMeshData(ValveBspFile bsp, GeometryPage page, String matPath, Boolean cacheVertices) в D:\a\SourceUtils\SourceUtils\SourceUtils.WebExport\Bsp\Geometry.cs:строка 471
   в SourceUtils.WebExport.Bsp.GeometryController.WriteFace(ValveBspFile bsp, Int32 faceIndex, GeometryPage page, List`1 outFaces) в D:\a\SourceUtils\SourceUtils\SourceUtils.WebExport\Bsp\Geometry.cs:строка 506
   в SourceUtils.WebExport.Bsp.GeometryController.GetLeafPage(String map, Int32 index) в D:\a\SourceUtils\SourceUtils\SourceUtils.WebExport\Bsp\Geometry.cs:строка 728
   в lambda_method(Closure , Controller )
   в Ziks.WebServer.ControllerActionMap.TryInvokeAction(Controller controller, HttpListenerRequest request)
   в Ziks.WebServer.Controller.Service(HttpListenerContext context, Session session)
   --- Конец трассировки внутреннего стека исключений ---
    </code>
  </body>
</html>


<!DOCTYPE html>
<html>
  <head>
    <title>500: InternalServerError</title>
  </head>
  <body>
    <h2>500: InternalServerError</h2>
    Request:&nbsp;<code>
      http://localhost:39281/maps/surf_lullaby_redone_njv/materials/matpage0.json
      </code>
    <br />
    Message:&nbsp;<code>Expected /$/</code>
    <br />
    <code style="padding:8px;white-space:pre-wrap;display:block;">
Ziks.WebServer.ControllerActionException: Expected /$/ ---&gt; SourceUtils.KeyValuesParserException: Expected /$/
   в SourceUtils.KeyValues.Parse(String value, KeyValuesFlags flags) в D:\a\SourceUtils\SourceUtils\SourceUtils\KeyValues.cs:строка 331
   в SourceUtils.KeyValues.FromStream(Stream stream, KeyValuesFlags flags) в D:\a\SourceUtils\SourceUtils\SourceUtils\KeyValues.cs:строка 357
   в SourceUtils.ValveMaterialFile.FromProvider(String path, IResourceProvider[] providers) в D:\a\SourceUtils\SourceUtils\SourceUtils\ValveMaterialFile.cs:строка 33
   в SourceUtils.ValveMaterialFile.FromProvider(String path, IResourceProvider[] providers) в D:\a\SourceUtils\SourceUtils\SourceUtils\ValveMaterialFile.cs:строка 44
   в SourceUtils.WebExport.Material.Get(ValveBspFile bsp, String path) в D:\a\SourceUtils\SourceUtils\SourceUtils.WebExport\Material.cs:строка 284
   в SourceUtils.WebExport.Bsp.MaterialController.GetPage(String map, Int32 index) в D:\a\SourceUtils\SourceUtils\SourceUtils.WebExport\Bsp\Materials.cs:строка 43
   в lambda_method(Closure , Controller )
   в Ziks.WebServer.ControllerActionMap.TryInvokeAction(Controller controller, HttpListenerRequest request)
   в Ziks.WebServer.Controller.Service(HttpListenerContext context, Session session)
   --- Конец трассировки внутреннего стека исключений ---
    </code>
  </body>
</html>


